C:/Users/eeebr/.stm32cubeaistudio/workspace/CartaForbiciSassoGame/.ai/run/run-4/CM7/AI/App/app_x-cube-ai.c:168:33:_stai_mnetwork_handle	0	static
C:/Users/eeebr/.stm32cubeaistudio/workspace/CartaForbiciSassoGame/.ai/run/run-4/CM7/AI/App/app_x-cube-ai.c:159:16:_stai_mnetwork_is_valid.constprop	8	static
C:/Users/eeebr/.stm32cubeaistudio/workspace/CartaForbiciSassoGame/.ai/run/run-4/CM7/AI/App/app_x-cube-ai.c:94:6:STM32CubeAI_Studio_AI_Init	8	static
C:/Users/eeebr/.stm32cubeaistudio/workspace/CartaForbiciSassoGame/.ai/run/run-4/CM7/AI/App/app_x-cube-ai.c:102:6:STM32CubeAI_Studio_AI_Process	0	static
C:/Users/eeebr/.stm32cubeaistudio/workspace/CartaForbiciSassoGame/.ai/run/run-4/CM7/AI/App/app_x-cube-ai.c:107:6:STM32CubeAI_Studio_AI_Deinit	0	static
C:/Users/eeebr/.stm32cubeaistudio/workspace/CartaForbiciSassoGame/.ai/run/run-4/CM7/AI/App/app_x-cube-ai.c:190:13:stai_mnetwork_find	8	static
C:/Users/eeebr/.stm32cubeaistudio/workspace/CartaForbiciSassoGame/.ai/run/run-4/CM7/AI/App/app_x-cube-ai.c:207:18:stai_mnetwork_init	32	static
C:/Users/eeebr/.stm32cubeaistudio/workspace/CartaForbiciSassoGame/.ai/run/run-4/CM7/AI/App/app_x-cube-ai.c:246:18:stai_mnetwork_set_activations	8	static
C:/Users/eeebr/.stm32cubeaistudio/workspace/CartaForbiciSassoGame/.ai/run/run-4/CM7/AI/App/app_x-cube-ai.c:259:18:stai_mnetwork_set_states	8	static
C:/Users/eeebr/.stm32cubeaistudio/workspace/CartaForbiciSassoGame/.ai/run/run-4/CM7/AI/App/app_x-cube-ai.c:273:18:stai_mnetwork_set_weights	24	static
C:/Users/eeebr/.stm32cubeaistudio/workspace/CartaForbiciSassoGame/.ai/run/run-4/CM7/AI/App/app_x-cube-ai.c:288:18:stai_mnetwork_set_inputs	8	static
C:/Users/eeebr/.stm32cubeaistudio/workspace/CartaForbiciSassoGame/.ai/run/run-4/CM7/AI/App/app_x-cube-ai.c:301:18:stai_mnetwork_set_outputs	8	static
C:/Users/eeebr/.stm32cubeaistudio/workspace/CartaForbiciSassoGame/.ai/run/run-4/CM7/AI/App/app_x-cube-ai.c:314:18:stai_mnetwork_set_callback	8	static
C:/Users/eeebr/.stm32cubeaistudio/workspace/CartaForbiciSassoGame/.ai/run/run-4/CM7/AI/App/app_x-cube-ai.c:327:29:stai_mnetwork_get_details	8	static
C:/Users/eeebr/.stm32cubeaistudio/workspace/CartaForbiciSassoGame/.ai/run/run-4/CM7/AI/App/app_x-cube-ai.c:339:18:stai_mnetwork_get_activations	16	static
C:/Users/eeebr/.stm32cubeaistudio/workspace/CartaForbiciSassoGame/.ai/run/run-4/CM7/AI/App/app_x-cube-ai.c:353:18:stai_mnetwork_get_states	16	static
C:/Users/eeebr/.stm32cubeaistudio/workspace/CartaForbiciSassoGame/.ai/run/run-4/CM7/AI/App/app_x-cube-ai.c:367:18:stai_mnetwork_get_weights	16	static
C:/Users/eeebr/.stm32cubeaistudio/workspace/CartaForbiciSassoGame/.ai/run/run-4/CM7/AI/App/app_x-cube-ai.c:381:11:stai_mnetwork_get_weights_ext	8	static
C:/Users/eeebr/.stm32cubeaistudio/workspace/CartaForbiciSassoGame/.ai/run/run-4/CM7/AI/App/app_x-cube-ai.c:393:18:stai_mnetwork_get_inputs	16	static
C:/Users/eeebr/.stm32cubeaistudio/workspace/CartaForbiciSassoGame/.ai/run/run-4/CM7/AI/App/app_x-cube-ai.c:407:18:stai_mnetwork_get_outputs	16	static
C:/Users/eeebr/.stm32cubeaistudio/workspace/CartaForbiciSassoGame/.ai/run/run-4/CM7/AI/App/app_x-cube-ai.c:422:18:stai_mnetwork_deinit	8	static
C:/Users/eeebr/.stm32cubeaistudio/workspace/CartaForbiciSassoGame/.ai/run/run-4/CM7/AI/App/app_x-cube-ai.c:438:18:stai_mnetwork_get_info	8	static
C:/Users/eeebr/.stm32cubeaistudio/workspace/CartaForbiciSassoGame/.ai/run/run-4/CM7/AI/App/app_x-cube-ai.c:451:18:stai_mnetwork_get_error	8	static
C:/Users/eeebr/.stm32cubeaistudio/workspace/CartaForbiciSassoGame/.ai/run/run-4/CM7/AI/App/app_x-cube-ai.c:464:18:stai_mnetwork_run	8	static
