C:/Users/eeebr/.stm32cubeaistudio/workspace/CartaForbiciSassoGame/.ai/run/run-4/CM7/AI/App/network.c:251:6:_stai_network_check	8	static
C:/Users/eeebr/.stm32cubeaistudio/workspace/CartaForbiciSassoGame/.ai/run/run-4/CM7/AI/App/network.c:283:18:stai_network_init	24	static
C:/Users/eeebr/.stm32cubeaistudio/workspace/CartaForbiciSassoGame/.ai/run/run-4/CM7/AI/App/network.c:325:18:stai_network_deinit	0	static
C:/Users/eeebr/.stm32cubeaistudio/workspace/CartaForbiciSassoGame/.ai/run/run-4/CM7/AI/App/network.c:1134:6:forward_lite_eltwise_integer_INT8_eltwise_10	32	static
C:/Users/eeebr/.stm32cubeaistudio/workspace/CartaForbiciSassoGame/.ai/run/run-4/CM7/AI/App/network.c:1146:6:forward_lite_eltwise_integer_INT8_eltwise_17	32	static
C:/Users/eeebr/.stm32cubeaistudio/workspace/CartaForbiciSassoGame/.ai/run/run-4/CM7/AI/App/network.c:1158:6:forward_lite_eltwise_integer_INT8_eltwise_21	32	static
C:/Users/eeebr/.stm32cubeaistudio/workspace/CartaForbiciSassoGame/.ai/run/run-4/CM7/AI/App/network.c:1170:6:forward_lite_eltwise_integer_INT8_eltwise_28	32	static
C:/Users/eeebr/.stm32cubeaistudio/workspace/CartaForbiciSassoGame/.ai/run/run-4/CM7/AI/App/network.c:1182:6:forward_lite_eltwise_integer_INT8_eltwise_32	32	static
C:/Users/eeebr/.stm32cubeaistudio/workspace/CartaForbiciSassoGame/.ai/run/run-4/CM7/AI/App/network.c:1194:6:forward_lite_eltwise_integer_INT8_eltwise_36	32	static
C:/Users/eeebr/.stm32cubeaistudio/workspace/CartaForbiciSassoGame/.ai/run/run-4/CM7/AI/App/network.c:1206:6:forward_lite_eltwise_integer_INT8_eltwise_43	32	static
C:/Users/eeebr/.stm32cubeaistudio/workspace/CartaForbiciSassoGame/.ai/run/run-4/CM7/AI/App/network.c:1218:6:forward_lite_eltwise_integer_INT8_eltwise_47	32	static
C:/Users/eeebr/.stm32cubeaistudio/workspace/CartaForbiciSassoGame/.ai/run/run-4/CM7/AI/App/network.c:1230:6:forward_lite_eltwise_integer_INT8_eltwise_54	32	static
C:/Users/eeebr/.stm32cubeaistudio/workspace/CartaForbiciSassoGame/.ai/run/run-4/CM7/AI/App/network.c:1242:6:forward_lite_eltwise_integer_INT8_eltwise_58	32	static
C:/Users/eeebr/.stm32cubeaistudio/workspace/CartaForbiciSassoGame/.ai/run/run-4/CM7/AI/App/network.c:1254:6:forward_lite_ap_integer_INT8_pool_63	24	static
C:/Users/eeebr/.stm32cubeaistudio/workspace/CartaForbiciSassoGame/.ai/run/run-4/CM7/AI/App/network.c:1264:6:forward_lite_dense_integer_SSSA_ch_gemm_64	24	static
C:/Users/eeebr/.stm32cubeaistudio/workspace/CartaForbiciSassoGame/.ai/run/run-4/CM7/AI/App/network.c:2063:18:stai_network_run	120	static
C:/Users/eeebr/.stm32cubeaistudio/workspace/CartaForbiciSassoGame/.ai/run/run-4/CM7/AI/App/network.c:2992:11:stai_network_get_context_size	0	static
C:/Users/eeebr/.stm32cubeaistudio/workspace/CartaForbiciSassoGame/.ai/run/run-4/CM7/AI/App/network.c:2999:18:stai_network_get_info	8	static
C:/Users/eeebr/.stm32cubeaistudio/workspace/CartaForbiciSassoGame/.ai/run/run-4/CM7/AI/App/network.c:3015:18:stai_network_get_activations	12	static
C:/Users/eeebr/.stm32cubeaistudio/workspace/CartaForbiciSassoGame/.ai/run/run-4/CM7/AI/App/network.c:3030:18:stai_network_get_weights	12	static
C:/Users/eeebr/.stm32cubeaistudio/workspace/CartaForbiciSassoGame/.ai/run/run-4/CM7/AI/App/network.c:3044:18:stai_network_get_inputs	12	static
C:/Users/eeebr/.stm32cubeaistudio/workspace/CartaForbiciSassoGame/.ai/run/run-4/CM7/AI/App/network.c:3058:18:stai_network_get_outputs	12	static
C:/Users/eeebr/.stm32cubeaistudio/workspace/CartaForbiciSassoGame/.ai/run/run-4/CM7/AI/App/network.c:3072:18:stai_network_get_error	0	static
C:/Users/eeebr/.stm32cubeaistudio/workspace/CartaForbiciSassoGame/.ai/run/run-4/CM7/AI/App/network.c:3083:18:stai_network_get_states	12	static
C:/Users/eeebr/.stm32cubeaistudio/workspace/CartaForbiciSassoGame/.ai/run/run-4/CM7/AI/App/network.c:3100:18:stai_network_set_activations	16	static
C:/Users/eeebr/.stm32cubeaistudio/workspace/CartaForbiciSassoGame/.ai/run/run-4/CM7/AI/App/network.c:3130:18:stai_network_set_weights	16	static
C:/Users/eeebr/.stm32cubeaistudio/workspace/CartaForbiciSassoGame/.ai/run/run-4/CM7/AI/App/network.c:3154:18:stai_network_set_inputs	16	static
C:/Users/eeebr/.stm32cubeaistudio/workspace/CartaForbiciSassoGame/.ai/run/run-4/CM7/AI/App/network.c:3181:18:stai_network_set_outputs	16	static
C:/Users/eeebr/.stm32cubeaistudio/workspace/CartaForbiciSassoGame/.ai/run/run-4/CM7/AI/App/network.c:3208:18:stai_network_set_states	8	static
C:/Users/eeebr/.stm32cubeaistudio/workspace/CartaForbiciSassoGame/.ai/run/run-4/CM7/AI/App/network.c:3222:18:stai_network_set_callback	12	static
