Archive member included to satisfy reference by file (symbol)

../../../Middlewares/ST/AI/Lib/NetworkRuntime1200_CM7_GCC.a\NetworkRuntime1200_CM7_GCC.a(stai_debug.o)
                              ./CM7/AI/App/app_x-cube-ai.o (stai_get_return_code_name)
../../../Middlewares/ST/AI/Lib/NetworkRuntime1200_CM7_GCC.a\NetworkRuntime1200_CM7_GCC.a(stai_internal.o)
                              ./CM7/AI/App/app_x-cube-ai.o (stai_runtime_init)
../../../Middlewares/ST/AI/Lib/NetworkRuntime1200_CM7_GCC.a\NetworkRuntime1200_CM7_GCC.a(layers_conv2d_stm32_integer.o)
                              ./CM7/AI/App/network.o (forward_dense_integer_SSSA_ch)
../../../Middlewares/ST/AI/Lib/NetworkRuntime1200_CM7_GCC.a\NetworkRuntime1200_CM7_GCC.a(layers_pool_stm32_integer.o)
                              ./CM7/AI/App/network.o (forward_ap_integer_INT8)
../../../Middlewares/ST/AI/Lib/NetworkRuntime1200_CM7_GCC.a\NetworkRuntime1200_CM7_GCC.a(layers_stm32_integer.o)
                              ./CM7/AI/App/network.o (forward_eltwise_integer_INT8)
../../../Middlewares/ST/AI/Lib/NetworkRuntime1200_CM7_GCC.a\NetworkRuntime1200_CM7_GCC.a(forward_lite_convert.o)
                              ./CM7/AI/App/network.o (forward_lite_node_convert_integer_is8of32)
../../../Middlewares/ST/AI/Lib/NetworkRuntime1200_CM7_GCC.a\NetworkRuntime1200_CM7_GCC.a(forward_lite_dense_is8os8ws8_ch.o)
                              ../../../Middlewares/ST/AI/Lib/NetworkRuntime1200_CM7_GCC.a\NetworkRuntime1200_CM7_GCC.a(layers_conv2d_stm32_integer.o) (forward_lite_dense_is8os8ws8_ch)
../../../Middlewares/ST/AI/Lib/NetworkRuntime1200_CM7_GCC.a\NetworkRuntime1200_CM7_GCC.a(forward_lite_dense_is8os8ws8.o)
                              ../../../Middlewares/ST/AI/Lib/NetworkRuntime1200_CM7_GCC.a\NetworkRuntime1200_CM7_GCC.a(layers_conv2d_stm32_integer.o) (forward_lite_dense_is8os8ws8)
../../../Middlewares/ST/AI/Lib/NetworkRuntime1200_CM7_GCC.a\NetworkRuntime1200_CM7_GCC.a(forward_lite_maxpool_is8os8_scalepos.o)
                              ../../../Middlewares/ST/AI/Lib/NetworkRuntime1200_CM7_GCC.a\NetworkRuntime1200_CM7_GCC.a(layers_pool_stm32_integer.o) (forward_lite_maxpool_is8os8_scalepos)
../../../Middlewares/ST/AI/Lib/NetworkRuntime1200_CM7_GCC.a\NetworkRuntime1200_CM7_GCC.a(forward_lite_avepool_is8os8.o)
                              ../../../Middlewares/ST/AI/Lib/NetworkRuntime1200_CM7_GCC.a\NetworkRuntime1200_CM7_GCC.a(layers_pool_stm32_integer.o) (forward_lite_avepool_is8os8)
../../../Middlewares/ST/AI/Lib/NetworkRuntime1200_CM7_GCC.a\NetworkRuntime1200_CM7_GCC.a(forward_lite_dw_sssa8_ch.o)
                              ./CM7/AI/App/network.o (forward_lite_dw_sssa8_ch)
../../../Middlewares/ST/AI/Lib/NetworkRuntime1200_CM7_GCC.a\NetworkRuntime1200_CM7_GCC.a(forward_lite_pw_sssa8_ch.o)
                              ./CM7/AI/App/network.o (forward_lite_pw_sssa8_ch)
../../../Middlewares/ST/AI/Lib/NetworkRuntime1200_CM7_GCC.a\NetworkRuntime1200_CM7_GCC.a(forward_lite_conv2d_sssa8_ch.o)
                              ./CM7/AI/App/network.o (forward_lite_conv2d_rgb_sssa8_ch)
../../../Middlewares/ST/AI/Lib/NetworkRuntime1200_CM7_GCC.a\NetworkRuntime1200_CM7_GCC.a(lite_convert_kernel.o)
                              ../../../Middlewares/ST/AI/Lib/NetworkRuntime1200_CM7_GCC.a\NetworkRuntime1200_CM7_GCC.a(forward_lite_convert.o) (lite_convert_is8of32)
../../../Middlewares/ST/AI/Lib/NetworkRuntime1200_CM7_GCC.a\NetworkRuntime1200_CM7_GCC.a(forward_lite_maxpool_is16os16.o)
                              ../../../Middlewares/ST/AI/Lib/NetworkRuntime1200_CM7_GCC.a\NetworkRuntime1200_CM7_GCC.a(layers_pool_stm32_integer.o) (forward_lite_maxpool_is16os16_scalepos)
../../../Middlewares/ST/AI/Lib/NetworkRuntime1200_CM7_GCC.a\NetworkRuntime1200_CM7_GCC.a(forward_lite_maxpool_is8os8.o)
                              ../../../Middlewares/ST/AI/Lib/NetworkRuntime1200_CM7_GCC.a\NetworkRuntime1200_CM7_GCC.a(layers_pool_stm32_integer.o) (forward_lite_maxpool_is8os8_scaleneg)
../../../Middlewares/ST/AI/Lib/NetworkRuntime1200_CM7_GCC.a\NetworkRuntime1200_CM7_GCC.a(forward_lite_maxpool_iu16ou16.o)
                              ../../../Middlewares/ST/AI/Lib/NetworkRuntime1200_CM7_GCC.a\NetworkRuntime1200_CM7_GCC.a(layers_pool_stm32_integer.o) (forward_lite_maxpool_iu16ou16_scalepos)
../../../Middlewares/ST/AI/Lib/NetworkRuntime1200_CM7_GCC.a\NetworkRuntime1200_CM7_GCC.a(forward_lite_maxpool_iu8ou8.o)
                              ../../../Middlewares/ST/AI/Lib/NetworkRuntime1200_CM7_GCC.a\NetworkRuntime1200_CM7_GCC.a(layers_pool_stm32_integer.o) (forward_lite_maxpool_iu8ou8_scalepos)
../../../Middlewares/ST/AI/Lib/NetworkRuntime1200_CM7_GCC.a\NetworkRuntime1200_CM7_GCC.a(lite_nl_generic_integer.o)
                              ./CM7/AI/App/network.o (forward_lite_nl_softmax_is8os8)
../../../Middlewares/ST/AI/Lib/NetworkRuntime1200_CM7_GCC.a\NetworkRuntime1200_CM7_GCC.a(st_align_factor.o)
[...]
Memory Configuration

Name             Origin             Length             Attributes
ITCMRAM          0x00000000         0x00010000         xrw
FLASH            0x08000000         0x00100000         xr
DTCMRAM          0x20000000         0x00020003         xrw
RAM_D1           0x24000000         0x00080000         xrw
RAM_D2           0x30000000         0x00048000         xrw
RAM_D3           0x38000000         0x00010000         xrw
*default*        0x00000000         0xffffffff

Linker script and memory map

LOAD C:/ST/STM32CubeIDE_2.1.1/STM32CubeIDE/plugins/com.st.stm32cube.ide.mcu.externaltools.gnu-tools-for-stm32.14.3.rel1.win32_1.0.100.202602081740/tools/bin/../lib/gcc/arm-none-eabi/14.3.1/thumb/v7e-m+dp/hard/crti.o
LOAD C:/ST/STM32CubeIDE_2.1.1/STM32CubeIDE/plugins/com.st.stm32cube.ide.mcu.externaltools.gnu-tools-for-stm32.14.3.rel1.win32_1.0.100.202602081740/tools/bin/../lib/gcc/arm-none-eabi/14.3.1/thumb/v7e-m+dp/hard/crtbegin.o
LOAD C:/ST/STM32CubeIDE_2.1.1/STM32CubeIDE/plugins/com.st.stm32cube.ide.mcu.externaltools.gnu-tools-for-stm32.14.3.rel1.win32_1.0.100.202602081740/tools/bin/../lib/gcc/arm-none-eabi/14.3.1/../../../../arm-none-eabi/lib/thumb/v7e-m+dp/hard/crt0.o
LOAD ./Application/User/Core/main.o
LOAD ./Application/User/Core/stm32h7xx_hal_msp.o
LOAD ./Application/User/Core/stm32h7xx_it.o
LOAD ./Application/User/Core/syscalls.o
LOAD ./Application/User/Core/sysmem.o
LOAD ./Application/User/Startup/startup_stm32h745zitx.o
LOAD ./CM7/AI/App/app_x-cube-ai.o
LOAD ./CM7/AI/App/network.o
LOAD ./CM7/AI/App/network_data.o
LOAD ./CM7/AI/App/network_weights.o
LOAD ./CM7/AI/App/user_init.o
LOAD ./Drivers/CMSIS/system_stm32h7xx_dualcore_boot_cm4_cm7.o
LOAD ./Drivers/STM32H7xx_HAL_Driver/stm32h7xx_hal.o
LOAD ./Drivers/STM32H7xx_HAL_Driver/stm32h7xx_hal_cortex.o
LOAD ./Drivers/STM32H7xx_HAL_Driver/stm32h7xx_hal_dma.o
LOAD ./Drivers/STM32H7xx_HAL_Driver/stm32h7xx_hal_dma_ex.o
LOAD ./Drivers/STM32H7xx_HAL_Driver/stm32h7xx_hal_exti.o
LOAD ./Drivers/STM32H7xx_HAL_Driver/stm32h7xx_hal_flash.o
LOAD ./Drivers/STM32H7xx_HAL_Driver/stm32h7xx_hal_flash_ex.o
LOAD ./Drivers/STM32H7xx_HAL_Driver/stm32h7xx_hal_gpio.o
LOAD ./Drivers/STM32H7xx_HAL_Driver/stm32h7xx_hal_hsem.o
LOAD ./Drivers/STM32H7xx_HAL_Driver/stm32h7xx_hal_i2c.o
LOAD ./Drivers/STM32H7xx_HAL_Driver/stm32h7xx_hal_i2c_ex.o
LOAD ./Drivers/STM32H7xx_HAL_Driver/stm32h7xx_hal_mdma.o
LOAD ./Drivers/STM32H7xx_HAL_Driver/stm32h7xx_hal_pwr.o
LOAD ./Drivers/STM32H7xx_HAL_Driver/stm32h7xx_hal_pwr_ex.o
LOAD ./Drivers/STM32H7xx_HAL_Driver/stm32h7xx_hal_rcc.o
LOAD ./Drivers/STM32H7xx_HAL_Driver/stm32h7xx_hal_rcc_ex.o
LOAD ./Drivers/STM32H7xx_HAL_Driver/stm32h7xx_hal_tim.o
LOAD ./Drivers/STM32H7xx_HAL_Driver/stm32h7xx_hal_tim_ex.o
LOAD ./Drivers/STM32H7xx_HAL_Driver/stm32h7xx_hal_uart.o
LOAD ./Drivers/STM32H7xx_HAL_Driver/stm32h7xx_hal_uart_ex.o
LOAD ./Middlewares/ST/AI/Misc/Src/aiTestHelper_ST_AI.o
LOAD ./Middlewares/ST/AI/Misc/Src/aiTestUtility.o
LOAD ./Middlewares/ST/AI/Misc/Src/ai_device_adaptor.o
LOAD ./Middlewares/ST/AI/Misc/Src/lc_print.o
LOAD ./Middlewares/ST/AI/Misc/Src/syscalls.o
LOAD ../../../Middlewares/ST/AI/Lib/NetworkRuntime1200_CM7_GCC.a\NetworkRuntime1200_CM7_GCC.a
START GROUP
LOAD C:/ST/STM32CubeIDE_2.1.1/STM32CubeIDE/plugins/com.st.stm32cube.ide.mcu.externaltools.gnu-tools-for-stm32.14.3.rel1.win32_1.0.100.202602081740/tools/bin/../lib/gcc/arm-none-eabi/14.3.1/../../../../arm-none-eabi/lib/thumb/v7e-m+dp/hard\libc_nano.a
LOAD C:/ST/STM32CubeIDE_2.1.1/STM32CubeIDE/plugins/com.st.stm32cube.ide.mcu.externaltools.gnu-tools-for-stm32.14.3.rel1.win32_1.0.100.202602081740/tools/bin/../lib/gcc/arm-none-eabi/14.3.1/../../../../arm-none-eabi/lib/thumb/v7e-m+dp/hard\libm.a
END GROUP
START GROUP
LOAD C:/ST/STM32CubeIDE_2.1.1/STM32CubeIDE/plugins/com.st.stm32cube.ide.mcu.externaltools.gnu-tools-for-stm32.14.3.rel1.win32_1.0.100.202602081740/tools/bin/../lib/gcc/arm-none-eabi/14.3.1/thumb/v7e-m+dp/hard\libgcc.a
LOAD C:/ST/STM32CubeIDE_2.1.1/STM32CubeIDE/plugins/com.st.stm32cube.ide.mcu.externaltools.gnu-tools-for-stm32.14.3.rel1.win32_1.0.100.202602081740/tools/bin/../lib/gcc/arm-none-eabi/14.3.1/../../../../arm-none-eabi/lib/thumb/v7e-m+dp/hard\libc_nano.a
END GROUP
START GROUP
LOAD C:/ST/STM32CubeIDE_2.1.1/STM32CubeIDE/plugins/com.st.stm32cube.ide.mcu.externaltools.gnu-tools-for-stm32.14.3.rel1.win32_1.0.100.202602081740/tools/bin/../lib/gcc/arm-none-eabi/14.3.1/thumb/v7e-m+dp/hard\libgcc.a
LOAD C:/ST/STM32CubeIDE_2.1.1/STM32CubeIDE/plugins/com.st.stm32cube.ide.mcu.externaltools.gnu-tools-for-stm32.14.3.rel1.win32_1.0.100.202602081740/tools/bin/../lib/gcc/arm-none-eabi/14.3.1/../../../../arm-none-eabi/lib/thumb/v7e-m+dp/hard\libc_nano.a
LOAD C:/ST/STM32CubeIDE_2.1.1/STM32CubeIDE/plugins/com.st.stm32cube.ide.mcu.externaltools.gnu-tools-for-stm32.14.3.rel1.win32_1.0.100.202602081740/tools/bin/../lib/gcc/arm-none-eabi/14.3.1/../../../../arm-none-eabi/lib/thumb/v7e-m+dp/hard\libnosys.a
END GROUP
START GROUP
LOAD C:/ST/STM32CubeIDE_2.1.1/STM32CubeIDE/plugins/com.st.stm32cube.ide.mcu.externaltools.gnu-tools-for-stm32.14.3.rel1.win32_1.0.100.202602081740/tools/bin/../lib/gcc/arm-none-eabi/14.3.1/thumb/v7e-m+dp/hard\libgcc.a
LOAD C:/ST/STM32CubeIDE_2.1.1/STM32CubeIDE/plugins/com.st.stm32cube.ide.mcu.externaltools.gnu-tools-for-stm32.14.3.rel1.win32_1.0.100.202602081740/tools/bin/../lib/gcc/arm-none-eabi/14.3.1/../../../../arm-none-eabi/lib/thumb/v7e-m+dp/hard\libc_nano.a
LOAD C:/ST/STM32CubeIDE_2.1.1/STM32CubeIDE/plugins/com.st.stm32cube.ide.mcu.externaltools.gnu-tools-for-stm32.14.3.rel1.win32_1.0.100.202602081740/tools/bin/../lib/gcc/arm-none-eabi/14.3.1/../../../../arm-none-eabi/lib/thumb/v7e-m+dp/hard\libnosys.a
END GROUP
LOAD C:/ST/STM32CubeIDE_2.1.1/STM32CubeIDE/plugins/com.st.stm32cube.ide.mcu.externaltools.gnu-tools-for-stm32.14.3.rel1.win32_1.0.100.202602081740/tools/bin/../lib/gcc/arm-none-eabi/14.3.1/thumb/v7e-m+dp/hard/crtend.o
LOAD C:/ST/STM32CubeIDE_2.1.1/STM32CubeIDE/plugins/com.st.stm32cube.ide.mcu.externaltools.gnu-tools-for-stm32.14.3.rel1.win32_1.0.100.202602081740/tools/bin/../lib/gcc/arm-none-eabi/14.3.1/thumb/v7e-m+dp/hard/crtn.o
                0x24080000                        _estack = (ORIGIN (RAM_D1) + LENGTH (RAM_D1))
                0x00000800                        _Min_Heap_Size = 0x800
                0x00002000                        _Min_Stack_Size = 0x2000

.AI_DTCMRAM     0x20000000      0x2e4
                0x20000000                        . = ALIGN (0x4)
 *(.AI_DTCMRAM)
 .AI_DTCMRAM    0x20000000      0x2e4 ./CM7/AI/App/app_x-cube-ai.o
                0x200002e4                        . = ALIGN (0x4)

.AI_ITCMRAM     0x00000000        0x0
                0x00000000                        . = ALIGN (0x4)
 *(.AI_ITCMRAM)
                0x00000000                        . = ALIGN (0x4)

.AI_RAM_D1      0x24000000    0x38000
                0x24000000                        . = ALIGN (0x4)
 *(.AI_RAM_D1)
 .AI_RAM_D1     0x24000000    0x38000 ./CM7/AI/App/app_x-cube-ai.o
                0x24038000                        . = ALIGN (0x4)

.isr_vector     0x08000000      0x298
                0x08000000                        . = ALIGN (0x4)
 *(.isr_vector)
 .isr_vector    0x08000000      0x298 ./Application/User/Startup/startup_stm32h745zitx.o
                0x08000000                g_pfnVectors
                0x08000298                        . = ALIGN (0x4)

.text           0x080002a0    0x125ec
                0x080002a0                        . = ALIGN (0x4)
 *(.text)
 .text          0x080002a0       0x40 C:/ST/STM32CubeIDE_2.1.1/STM32CubeIDE/plugins/com.st.stm32cube.ide.mcu.externaltools.gnu-tools-for-stm32.14.3.rel1.win32_1.0.100.202602081740/tools/bin/../lib/gcc/arm-none-eabi/14.3.1/thumb/v7e-m+dp/hard/crtbegin.o
 .text          0x080002e0       0x10 C:/ST/STM32CubeIDE_2.1.1/STM32CubeIDE/plugins/com.st.stm32cube.ide.mcu.externaltools.gnu-tools-for-stm32.14.3.rel1.win32_1.0.100.202602081740/tools/bin/../lib/gcc/arm-none-eabi/14.3.1/../../../../arm-none-eabi/lib/thumb/v7e-m+dp/hard\libc_nano.a(libc_a-strlen.o)
                0x080002e0                strlen
 .text          0x080002f0       0x30 C:/ST/STM32CubeIDE_2.1.1/STM32CubeIDE/plugins/com.st.stm32cube.ide.mcu.externaltools.gnu-tools-for-stm32.14.3.rel1.win32_1.0.100.202602081740/tools/bin/../lib/gcc/arm-none-eabi/14.3.1/thumb/v7e-m+dp/hard\libgcc.a(_aeabi_uldivmod.o)
                0x080002f0                __aeabi_uldivmod
 .text          0x08000320       0x40 C:/ST/STM32CubeIDE_2.1.1/STM32CubeIDE/plugins/com.st.stm32cube.ide.mcu.externaltools.gnu-tools-for-stm32.14.3.rel1.win32_1.0.100.202602081740/tools/bin/../lib/gcc/arm-none-eabi/14.3.1/thumb/v7e-m+dp/hard\libgcc.a(_fixunsdfdi.o)
                0x08000320                __fixunsdfdi
                0x08000320                __aeabi_d2ulz
 .text          0x08000360      0x2f8 C:/ST/STM32CubeIDE_2.1.1/STM32CubeIDE/plugins/com.st.stm32cube.ide.mcu.externaltools.gnu-tools-for-stm32.14.3.rel1.win32_1.0.100.202602081740/tools/bin/../lib/gcc/arm-none-eabi/14.3.1/thumb/v7e-m+dp/hard\libgcc.a(_udivmoddi4.o)
                0x08000360                __udivmoddi4
 .text          0x08000658        0x4 C:/ST/STM32CubeIDE_2.1.1/STM32CubeIDE/plugins/com.st.stm32cube.ide.mcu.externaltools.gnu-tools-for-stm32.14.3.rel1.win32_1.0.100.202602081740/tools/bin/../lib/gcc/arm-none-eabi/14.3.1/thumb/v7e-m+dp/hard\libgcc.a(_dvmd_tls.o)
                0x08000658                __aeabi_idiv0
                0x08000658                __aeabi_ldiv0
 *(.text*)
 .text.main     0x0800065c      0x170 ./Application/User/Core/main.o
                0x0800065c                main
 .text.SystemClock_Config
                0x080007cc       0xf4 ./Application/User/Core/main.o
                0x080007cc                SystemClock_Config
 .text.MX_USART3_UART_Init
                0x080008c0       0x98 ./Application/User/Core/main.o
 .text.MX_GPIO_Init
                0x08000958       0x34 ./Application/User/Core/main.o
 .text.MPU_Config
                0x0800098c       0x58 ./Application/User/Core/main.o
 .text.Error_Handler
                0x080009e4        0xc ./Application/User/Core/main.o
                0x080009e4                Error_Handler
 .text.HAL_MspInit
                0x080009f0       0x34 ./Application/User/Core/stm32h7xx_hal_msp.o
                0x080009f0                HAL_MspInit
 .text.HAL_UART_MspInit
                0x08000a24      0x100 ./Application/User/Core/stm32h7xx_hal_msp.o
                0x08000a24                HAL_UART_MspInit
 .text.NMI_Handler
                0x08000b24        0x8 ./Application/User/Core/stm32h7xx_it.o
                0x08000b24                NMI_Handler
 .text.HardFault_Handler
                0x08000b2c        0x8 ./Application/User/Core/stm32h7xx_it.o
                0x08000b2c                HardFault_Handler
 .text.MemManage_Handler
                0x08000b34        0x8 ./Application/User/Core/stm32h7xx_it.o
                0x08000b34                MemManage_Handler
 .text.BusFault_Handler
                0x08000b3c        0x8 ./Application/User/Core/stm32h7xx_it.o
                0x08000b3c                BusFault_Handler
 .text.UsageFault_Handler
                0x08000b44        0x8 ./Application/User/Core/stm32h7xx_it.o
                0x08000b44                UsageFault_Handler
 .text.SVC_Handler
                0x08000b4c        0xe ./Application/User/Core/stm32h7xx_it.o
                0x08000b4c                SVC_Handler
 .text.DebugMon_Handler
                0x08000b5a        0xe ./Application/User/Core/stm32h7xx_it.o
                0x08000b5a                DebugMon_Handler
 .text.PendSV_Handler
                0x08000b68        0xe ./Application/User/Core/stm32h7xx_it.o
                0x08000b68                PendSV_Handler
 .text.SysTick_Handler
                0x08000b76        0xc ./Application/User/Core/stm32h7xx_it.o
                0x08000b76                SysTick_Handler
 *fill*         0x08000b82        0x2 
 .text.Reset_Handler
                0x08000b84       0x54 ./Application/User/Startup/startup_stm32h745zitx.o
                0x08000b84                Reset_Handler
 .text.Default_Handler
                0x08000bd8        0x2 ./Application/User/Startup/startup_stm32h745zitx.o
                0x08000bd8                RTC_Alarm_IRQHandler
                0x08000bd8                EXTI2_IRQHandler
                0x08000bd8                TIM8_CC_IRQHandler
                0x08000bd8                HRTIM1_Master_IRQHandler
                0x08000bd8                UART8_IRQHandler
                0x08000bd8                SPI4_IRQHandler
                0x08000bd8                TIM1_CC_IRQHandler
                0x08000bd8                BDMA_Channel6_IRQHandler
                0x08000bd8                DMA2_Stream5_IRQHandler
                0x08000bd8                HRTIM1_FLT_IRQHandler
                0x08000bd8                JPEG_IRQHandler
                0x08000bd8                DMA1_Stream5_IRQHandler
                0x08000bd8                BDMA_Channel1_IRQHandler
                0x08000bd8                HRTIM1_TIMD_IRQHandler
                0x08000bd8                TAMP_STAMP_IRQHandler
                0x08000bd8                EXTI3_IRQHandler
                0x08000bd8                LPTIM4_IRQHandler
                0x08000bd8                TIM8_TRG_COM_TIM14_IRQHandler
                0x08000bd8                LPTIM2_IRQHandler
                0x08000bd8                DFSDM1_FLT1_IRQHandler
                0x08000bd8                DMAMUX2_OVR_IRQHandler
                0x08000bd8                TIM8_UP_TIM13_IRQHandler
                0x08000bd8                I2C3_ER_IRQHandler
                0x08000bd8                DFSDM1_FLT2_IRQHandler
                0x08000bd8                MDMA_IRQHandler
                0x08000bd8                LPTIM3_IRQHandler
                0x08000bd8                HSEM1_IRQHandler
                0x08000bd8                EXTI0_IRQHandler
                0x08000bd8                I2C2_EV_IRQHandler
                0x08000bd8                DMA1_Stream2_IRQHandler
                0x08000bd8                FPU_IRQHandler
                0x08000bd8                OTG_HS_WKUP_IRQHandler
                0x08000bd8                FDCAN1_IT1_IRQHandler
                0x08000bd8                LTDC_ER_IRQHandler
                0x08000bd8                DMA2_Stream2_IRQHandler
                0x08000bd8                HRTIM1_TIME_IRQHandler
                0x08000bd8                SPI1_IRQHandler
                0x08000bd8                TIM6_DAC_IRQHandler
                0x08000bd8                DCMI_IRQHandler
                0x08000bd8                HRTIM1_TIMC_IRQHandler
                0x08000bd8                DMA2_Stream3_IRQHandler
                0x08000bd8                SAI2_IRQHandler
                0x08000bd8                DFSDM1_FLT3_IRQHandler
                0x08000bd8                USART6_IRQHandler
                0x08000bd8                TIM17_IRQHandler
                0x08000bd8                USART3_IRQHandler
                0x08000bd8                BDMA_Channel7_IRQHandler
                0x08000bd8                LPTIM5_IRQHandler
                0x08000bd8                UART5_IRQHandler
                0x08000bd8                ADC3_IRQHandler
                0x08000bd8                DMA2_Stream0_IRQHandler
                0x08000bd8                TIM4_IRQHandler
                0x08000bd8                BDMA_Channel2_IRQHandler
                0x08000bd8                QUADSPI_IRQHandler
                0x08000bd8                I2C1_EV_IRQHandler
                0x08000bd8                DMA1_Stream6_IRQHandler
                0x08000bd8                DMAMUX1_OVR_IRQHandler
                0x08000bd8                DMA1_Stream1_IRQHandler
                0x08000bd8                TIM16_IRQHandler
                0x08000bd8                UART4_IRQHandler
                0x08000bd8                BDMA_Channel5_IRQHandler
                0x08000bd8                TIM3_IRQHandler
                0x08000bd8                RCC_IRQHandler
                0x08000bd8                TIM8_BRK_TIM12_IRQHandler
                0x08000bd8                TIM1_TRG_COM_IRQHandler
                0x08000bd8                Default_Handler
                0x08000bd8                ECC_IRQHandler
                0x08000bd8                CEC_IRQHandler
                0x08000bd8                EXTI15_10_IRQHandler
                0x08000bd8                BDMA_Channel0_IRQHandler
                0x08000bd8                ADC_IRQHandler
                0x08000bd8                DMA1_Stream7_IRQHandler
                0x08000bd8                HRTIM1_TIMA_IRQHandler
                0x08000bd8                SPI5_IRQHandler
                0x08000bd8                TIM7_IRQHandler
                0x08000bd8                SDMMC1_IRQHandler
                0x08000bd8                TIM5_IRQHandler
                0x08000bd8                DMA2_Stream7_IRQHandler
                0x08000bd8                TIM15_IRQHandler
                0x08000bd8                PVD_AVD_IRQHandler
                0x08000bd8                I2C3_EV_IRQHandler
                0x08000bd8                EXTI9_5_IRQHandler
                0x08000bd8                RTC_WKUP_IRQHandler
                0x08000bd8                LTDC_IRQHandler
                0x08000bd8                SAI3_IRQHandler
                0x08000bd8                ETH_WKUP_IRQHandler
                0x08000bd8                SPDIF_RX_IRQHandler
                0x08000bd8                SPI2_IRQHandler
                0x08000bd8                OTG_HS_EP1_IN_IRQHandler
                0x08000bd8                DMA1_Stream0_IRQHandler
                0x08000bd8                CRS_IRQHandler
                0x08000bd8                CM7_SEV_IRQHandler
                0x08000bd8                EXTI4_IRQHandler
                0x08000bd8                RNG_IRQHandler
                0x08000bd8                CM4_SEV_IRQHandler
                0x08000bd8                HRTIM1_TIMB_IRQHandler
                0x08000bd8                FDCAN2_IT1_IRQHandler
                0x08000bd8                ETH_IRQHandler
                0x08000bd8                TIM1_UP_IRQHandler
                0x08000bd8                WWDG_RST_IRQHandler
                0x08000bd8                BDMA_Channel4_IRQHandler
                0x08000bd8                OTG_HS_EP1_OUT_IRQHandler
                0x08000bd8                WWDG_IRQHandler
                0x08000bd8                SPI6_IRQHandler
                0x08000bd8                MDIOS_IRQHandler
                0x08000bd8                I2C4_EV_IRQHandler
                0x08000bd8                FDCAN2_IT0_IRQHandler
                0x08000bd8                LPUART1_IRQHandler
                0x08000bd8                FDCAN1_IT0_IRQHandler
                0x08000bd8                TIM2_IRQHandler
                0x08000bd8                OTG_FS_WKUP_IRQHandler
                0x08000bd8                OTG_HS_IRQHandler
                0x08000bd8                HSEM2_IRQHandler
                0x08000bd8                DMA2D_IRQHandler
                0x08000bd8                TIM1_BRK_IRQHandler
                0x08000bd8                EXTI1_IRQHandler
                0x08000bd8                SDMMC2_IRQHandler
                0x08000bd8                OTG_FS_EP1_OUT_IRQHandler
                0x08000bd8                BDMA_Channel3_IRQHandler
                0x08000bd8                HOLD_CORE_IRQHandler
                0x08000bd8                UART7_IRQHandler
                0x08000bd8                MDIOS_WKUP_IRQHandler
                0x08000bd8                USART2_IRQHandler
                0x08000bd8                DFSDM1_FLT0_IRQHandler
                0x08000bd8                SAI4_IRQHandler
                0x08000bd8                I2C2_ER_IRQHandler
                0x08000bd8                DMA2_Stream1_IRQHandler
                0x08000bd8                FLASH_IRQHandler
                0x08000bd8                DMA2_Stream4_IRQHandler
                0x08000bd8                USART1_IRQHandler
                0x08000bd8                OTG_FS_IRQHandler
                0x08000bd8                SPI3_IRQHandler
                0x08000bd8                WAKEUP_PIN_IRQHandler
                0x08000bd8                DMA1_Stream4_IRQHandler
                0x08000bd8                OTG_FS_EP1_IN_IRQHandler
                0x08000bd8                I2C1_ER_IRQHandler
                0x08000bd8                FMC_IRQHandler
                0x08000bd8                FDCAN_CAL_IRQHandler
                0x08000bd8                SWPMI1_IRQHandler
                0x08000bd8                COMP1_IRQHandler
                0x08000bd8                LPTIM1_IRQHandler
                0x08000bd8                I2C4_ER_IRQHandler
                0x08000bd8                DMA2_Stream6_IRQHandler
                0x08000bd8                SAI1_IRQHandler
                0x08000bd8                DMA1_Stream3_IRQHandler
 *fill*         0x08000bda        0x2 
 .text.cyclesCounterInit
                0x08000bdc       0x90 ./CM7/AI/App/app_x-cube-ai.o
 .text.cyclesCounterStart
                0x08000c6c       0x28 ./CM7/AI/App/app_x-cube-ai.o
 .text.cyclesCounterEnd
                0x08000c94       0xd4 ./CM7/AI/App/app_x-cube-ai.o
 .text.aiInit   0x08000d68       0x5c ./CM7/AI/App/app_x-cube-ai.o
                0x08000d68                aiInit
 .text.aiRun    0x08000dc4      0x11c ./CM7/AI/App/app_x-cube-ai.o
                0x08000dc4                aiRun
 .text.acquire_and_process_data
                0x08000ee0       0x28 ./CM7/AI/App/app_x-cube-ai.o
                0x08000ee0                acquire_and_process_data
 .text.post_process
                0x08000f08       0x3c ./CM7/AI/App/app_x-cube-ai.o
                0x08000f08                post_process
 .text.main_loop
                0x08000f44       0x14 ./CM7/AI/App/app_x-cube-ai.o
                0x08000f44                main_loop
 .text.STM32CubeAI_Studio_AI_Init
                0x08000f58        0xc ./CM7/AI/App/app_x-cube-ai.o
                0x08000f58                STM32CubeAI_Studio_AI_Init
 .text.STM32CubeAI_Studio_AI_Process
                0x08000f64        0xc ./CM7/AI/App/app_x-cube-ai.o
                0x08000f64                STM32CubeAI_Studio_AI_Process
 .text._stai_network_check
                0x08000f70      0x106 ./CM7/AI/App/network.o
 *fill*         0x08001076        0x2 
 .text.stai_network_init
                0x08001078       0x64 ./CM7/AI/App/network.o
                0x08001078                stai_network_init
 .text.forward_lite_eltwise_integer_INT8_eltwise_10
                0x080010dc       0xe0 ./CM7/AI/App/network.o
                0x080010dc                forward_lite_eltwise_integer_INT8_eltwise_10
 .text.forward_lite_eltwise_integer_INT8_eltwise_17
                0x080011bc       0xec ./CM7/AI/App/network.o
                0x080011bc                forward_lite_eltwise_integer_INT8_eltwise_17
 .text.forward_lite_eltwise_integer_INT8_eltwise_21
                0x080012a8       0xe8 ./CM7/AI/App/network.o
                0x080012a8                forward_lite_eltwise_integer_INT8_eltwise_21
 .text.forward_lite_eltwise_integer_INT8_eltwise_28
                0x08001390       0xe8 ./CM7/AI/App/network.o
                0x08001390                forward_lite_eltwise_integer_INT8_eltwise_28
 .text.forward_lite_eltwise_integer_INT8_eltwise_32
                0x08001478       0xe8 ./CM7/AI/App/network.o
                0x08001478                forward_lite_eltwise_integer_INT8_eltwise_32
 .text.forward_lite_eltwise_integer_INT8_eltwise_36
                0x08001560       0xe8 ./CM7/AI/App/network.o
                0x08001560                forward_lite_eltwise_integer_INT8_eltwise_36
 .text.forward_lite_eltwise_integer_INT8_eltwise_43
                0x08001648       0xe8 ./CM7/AI/App/network.o
                0x08001648                forward_lite_eltwise_integer_INT8_eltwise_43
 .text.forward_lite_eltwise_integer_INT8_eltwise_47
                0x08001730       0xe8 ./CM7/AI/App/network.o
                0x08001730                forward_lite_eltwise_integer_INT8_eltwise_47
 .text.forward_lite_eltwise_integer_INT8_eltwise_54
                0x08001818       0xec ./CM7/AI/App/network.o
                0x08001818                forward_lite_eltwise_integer_INT8_eltwise_54
 .text.forward_lite_eltwise_integer_INT8_eltwise_58
                0x08001904       0xec ./CM7/AI/App/network.o
                0x08001904                forward_lite_eltwise_integer_INT8_eltwise_58
 .text.forward_lite_ap_integer_INT8_pool_63
                0x080019f0       0xc0 ./CM7/AI/App/network.o
                0x080019f0                forward_lite_ap_integer_INT8_pool_63
 .text.forward_lite_dense_integer_SSSA_ch_gemm_64
                0x08001ab0      0x110 ./CM7/AI/App/network.o
                0x08001ab0                forward_lite_dense_integer_SSSA_ch_gemm_64
 .text.stai_network_run
                0x08001bc0     0x5e50 ./CM7/AI/App/network.o
                0x08001bc0                stai_network_run
 .text.stai_network_get_inputs
                0x08007a10       0xd0 ./CM7/AI/App/network.o
                0x08007a10                stai_network_get_inputs
 .text.stai_network_get_outputs
                0x08007ae0       0xcc ./CM7/AI/App/network.o
                0x08007ae0                stai_network_get_outputs
 .text.stai_network_get_error
                0x08007bac       0x60 ./CM7/AI/App/network.o
                0x08007bac                stai_network_get_error
 .text.stai_network_set_activations
                0x08007c0c      0x1c0 ./CM7/AI/App/network.o
                0x08007c0c                stai_network_set_activations
 .text.user_stai_network_init
                0x08007dcc       0x24 ./CM7/AI/App/user_init.o
                0x08007dcc                user_stai_network_init
 .text.SystemInit
                0x08007df0      0x15c ./Drivers/CMSIS/system_stm32h7xx_dualcore_boot_cm4_cm7.o
                0x08007df0                SystemInit
 .text.ExitRun0Mode
                0x08007f4c       0x18 ./Drivers/CMSIS/system_stm32h7xx_dualcore_boot_cm4_cm7.o
                0x08007f4c                ExitRun0Mode
 .text.HAL_Init
                0x08007f64       0x78 ./Drivers/STM32H7xx_HAL_Driver/stm32h7xx_hal.o
                0x08007f64                HAL_Init
 .text.HAL_InitTick
                0x08007fdc       0x6c ./Drivers/STM32H7xx_HAL_Driver/stm32h7xx_hal.o
                0x08007fdc                HAL_InitTick
 .text.HAL_IncTick
                0x08008048       0x28 ./Drivers/STM32H7xx_HAL_Driver/stm32h7xx_hal.o
                0x08008048                HAL_IncTick
 .text.HAL_GetTick
                0x08008070       0x18 ./Drivers/STM32H7xx_HAL_Driver/stm32h7xx_hal.o
                0x08008070                HAL_GetTick
 .text.HAL_Delay
                0x08008088       0x48 ./Drivers/STM32H7xx_HAL_Driver/stm32h7xx_hal.o
                0x08008088                HAL_Delay
 .text.HAL_GetREVID
                0x080080d0       0x18 ./Drivers/STM32H7xx_HAL_Driver/stm32h7xx_hal.o
                0x080080d0                HAL_GetREVID
 .text.__NVIC_SetPriorityGrouping
                0x080080e8       0x48 ./Drivers/STM32H7xx_HAL_Driver/stm32h7xx_hal_cortex.o
 .text.__NVIC_GetPriorityGrouping
                0x08008130       0x1c ./Drivers/STM32H7xx_HAL_Driver/stm32h7xx_hal_cortex.o
 .text.__NVIC_SetPriority
                0x0800814c       0x54 ./Drivers/STM32H7xx_HAL_Driver/stm32h7xx_hal_cortex.o
 .text.NVIC_EncodePriority
                0x080081a0       0x66 ./Drivers/STM32H7xx_HAL_Driver/stm32h7xx_hal_cortex.o
 *fill*         0x08008206        0x2 
 .text.SysTick_Config
                0x08008208       0x44 ./Drivers/STM32H7xx_HAL_Driver/stm32h7xx_hal_cortex.o
 .text.HAL_NVIC_SetPriorityGrouping
                0x0800824c       0x16 ./Drivers/STM32H7xx_HAL_Driver/stm32h7xx_hal_cortex.o
                0x0800824c                HAL_NVIC_SetPriorityGrouping
 .text.HAL_NVIC_SetPriority
                0x08008262       0x34 ./Drivers/STM32H7xx_HAL_Driver/stm32h7xx_hal_cortex.o
                0x08008262                HAL_NVIC_SetPriority
 .text.HAL_SYSTICK_Config
                0x08008296       0x18 ./Drivers/STM32H7xx_HAL_Driver/stm32h7xx_hal_cortex.o
                0x08008296                HAL_SYSTICK_Config
 *fill*         0x080082ae        0x2 
 .text.HAL_MPU_Disable
                0x080082b0       0x30 ./Drivers/STM32H7xx_HAL_Driver/stm32h7xx_hal_cortex.o
                0x080082b0                HAL_MPU_Disable
 .text.HAL_MPU_Enable
                0x080082e0       0x40 ./Drivers/STM32H7xx_HAL_Driver/stm32h7xx_hal_cortex.o
                0x080082e0                HAL_MPU_Enable
 .text.HAL_MPU_ConfigRegion
                0x08008320       0x80 ./Drivers/STM32H7xx_HAL_Driver/stm32h7xx_hal_cortex.o
                0x08008320                HAL_MPU_ConfigRegion
 .text.HAL_GPIO_Init
                0x080083a0      0x374 ./Drivers/STM32H7xx_HAL_Driver/stm32h7xx_hal_gpio.o
                0x080083a0                HAL_GPIO_Init
 .text.HAL_HSEM_FastTake
                0x08008714       0x34 ./Drivers/STM32H7xx_HAL_Driver/stm32h7xx_hal_hsem.o
                0x08008714                HAL_HSEM_FastTake
 .text.HAL_HSEM_Release
                0x08008748       0x28 ./Drivers/STM32H7xx_HAL_Driver/stm32h7xx_hal_hsem.o
                0x08008748                HAL_HSEM_Release
 .text.HAL_PWREx_ConfigSupply
                0x08008770       0xb4 ./Drivers/STM32H7xx_HAL_Driver/stm32h7xx_hal_pwr_ex.o
                0x08008770                HAL_PWREx_ConfigSupply
 .text.HAL_RCC_OscConfig
                0x08008824      0x8b4 ./Drivers/STM32H7xx_HAL_Driver/stm32h7xx_hal_rcc.o
                0x08008824                HAL_RCC_OscConfig
 .text.HAL_RCC_ClockConfig
                0x080090d8      0x36c ./Drivers/STM32H7xx_HAL_Driver/stm32h7xx_hal_rcc.o
                0x080090d8                HAL_RCC_ClockConfig
 .text.HAL_RCC_GetSysClockFreq
                0x08009444      0x2f4 ./Drivers/STM32H7xx_HAL_Driver/stm32h7xx_hal_rcc.o
                0x08009444                HAL_RCC_GetSysClockFreq
 .text.HAL_RCC_GetHCLKFreq
                0x08009738       0x60 ./Drivers/STM32H7xx_HAL_Driver/stm32h7xx_hal_rcc.o
                0x08009738                HAL_RCC_GetHCLKFreq
 .text.HAL_RCC_GetPCLK1Freq
                0x08009798       0x2c ./Drivers/STM32H7xx_HAL_Driver/stm32h7xx_hal_rcc.o
                0x08009798                HAL_RCC_GetPCLK1Freq
 .text.HAL_RCC_GetPCLK2Freq
                0x080097c4       0x2c ./Drivers/STM32H7xx_HAL_Driver/stm32h7xx_hal_rcc.o
                0x080097c4                HAL_RCC_GetPCLK2Freq
 .text.HAL_RCCEx_PeriphCLKConfig
                0x080097f0     0x1414 ./Drivers/STM32H7xx_HAL_Driver/stm32h7xx_hal_rcc_ex.o
                0x080097f0                HAL_RCCEx_PeriphCLKConfig
 .text.HAL_RCCEx_GetD3PCLK1Freq
                0x0800ac04       0x2c ./Drivers/STM32H7xx_HAL_Driver/stm32h7xx_hal_rcc_ex.o
                0x0800ac04                HAL_RCCEx_GetD3PCLK1Freq
 .text.HAL_RCCEx_GetPLL2ClockFreq
                0x0800ac30      0x2a8 ./Drivers/STM32H7xx_HAL_Driver/stm32h7xx_hal_rcc_ex.o
                0x0800ac30                HAL_RCCEx_GetPLL2ClockFreq
 .text.HAL_RCCEx_GetPLL3ClockFreq
                0x0800aed8      0x2a8 ./Drivers/STM32H7xx_HAL_Driver/stm32h7xx_hal_rcc_ex.o
                0x0800aed8                HAL_RCCEx_GetPLL3ClockFreq
 .text.RCCEx_PLL2_Config
                0x0800b180      0x164 ./Drivers/STM32H7xx_HAL_Driver/stm32h7xx_hal_rcc_ex.o
 .text.RCCEx_PLL3_Config
                0x0800b2e4      0x164 ./Drivers/STM32H7xx_HAL_Driver/stm32h7xx_hal_rcc_ex.o
 .text.HAL_UART_Init
                0x0800b448       0xa0 ./Drivers/STM32H7xx_HAL_Driver/stm32h7xx_hal_uart.o
                0x0800b448                HAL_UART_Init
 .text.HAL_UART_Transmit
                0x0800b4e8      0x132 ./Drivers/STM32H7xx_HAL_Driver/stm32h7xx_hal_uart.o
                0x0800b4e8                HAL_UART_Transmit
 *fill*         0x0800b61a        0x2 
 .text.UART_SetConfig
                0x0800b61c      0xad0 ./Drivers/STM32H7xx_HAL_Driver/stm32h7xx_hal_uart.o
                0x0800b61c                UART_SetConfig
 .text.UART_AdvFeatureConfig
                0x0800c0ec      0x144 ./Drivers/STM32H7xx_HAL_Driver/stm32h7xx_hal_uart.o
                0x0800c0ec                UART_AdvFeatureConfig
 .text.UART_CheckIdleState
                0x0800c230      0x154 ./Drivers/STM32H7xx_HAL_Driver/stm32h7xx_hal_uart.o
                0x0800c230                UART_CheckIdleState
 .text.UART_WaitOnFlagUntilTimeout
                0x0800c384       0xda ./Drivers/STM32H7xx_HAL_Driver/stm32h7xx_hal_uart.o
                0x0800c384                UART_WaitOnFlagUntilTimeout
 *fill*         0x0800c45e        0x2 
 .text.UART_EndRxTransfer
                0x0800c460       0xcc ./Drivers/STM32H7xx_HAL_Driver/stm32h7xx_hal_uart.o
 .text.HAL_UARTEx_DisableFifoMode
                0x0800c52c       0x72 ./Drivers/STM32H7xx_HAL_Driver/stm32h7xx_hal_uart_ex.o
                0x0800c52c                HAL_UARTEx_DisableFifoMode
 .text.HAL_UARTEx_SetTxFifoThreshold
                0x0800c59e       0x7c ./Drivers/STM32H7xx_HAL_Driver/stm32h7xx_hal_uart_ex.o
                0x0800c59e                HAL_UARTEx_SetTxFifoThreshold
 .text.HAL_UARTEx_SetRxFifoThreshold
                0x0800c61a       0x7c ./Drivers/STM32H7xx_HAL_Driver/stm32h7xx_hal_uart_ex.o
                0x0800c61a                HAL_UARTEx_SetRxFifoThreshold
 *fill*         0x0800c696        0x2 
 .text.UARTEx_SetNbDataToProcess
                0x0800c698       0x9c ./Drivers/STM32H7xx_HAL_Driver/stm32h7xx_hal_uart_ex.o
 .text.port_io_write
                0x0800c734       0x38 ./Middlewares/ST/AI/Misc/Src/aiTestUtility.o
 .text._put_c_driver
                0x0800c76c       0x2c ./Middlewares/ST/AI/Misc/Src/aiTestUtility.o
 .text.lc_print
                0x0800c798       0x2c ./Middlewares/ST/AI/Misc/Src/aiTestUtility.o
                0x0800c798                lc_print
 .text.dwtCyclesToTime
                0x0800c7c4      0x350 ./Middlewares/ST/AI/Misc/Src/aiTestUtility.o
                0x0800c7c4                dwtCyclesToTime
 .text.port_dwt_init_imp
                0x0800cb14       0x34 ./Middlewares/ST/AI/Misc/Src/ai_device_adaptor.o
                0x0800cb14                port_dwt_init_imp
 .text._write_string
                0x0800cb48       0xd2 ./Middlewares/ST/AI/Misc/Src/lc_print.o
 .text._write_number
                0x0800cc1a      0x228 ./Middlewares/ST/AI/Misc/Src/lc_print.o
 *fill*         0x0800ce42        0x2 
 .text._write_double
                0x0800ce44      0x264 ./Middlewares/ST/AI/Misc/Src/lc_print.o
 .text._getChar
                0x0800d0a8       0x20 ./Middlewares/ST/AI/Misc/Src/lc_print.o
 .text.vlc_print
                0x0800d0c8      0x4c0 ./Middlewares/ST/AI/Misc/Src/lc_print.o
                0x0800d0c8                vlc_print
 .text.stai_get_return_code_name
                0x0800d588      0x234 ../../../Middlewares/ST/AI/Lib/NetworkRuntime1200_CM7_GCC.a\NetworkRuntime1200_CM7_GCC.a(stai_debug.o)
                0x0800d588                stai_get_return_code_name
 .text.stai_runtime_init
                0x0800d7bc        0x4 ../../../Middlewares/ST/AI/Lib/NetworkRuntime1200_CM7_GCC.a\NetworkRuntime1200_CM7_GCC.a(stai_internal.o)
                0x0800d7bc                stai_runtime_init
 .text.forward_dense_integer_SSSA_ch
                0x0800d7c0      0x1b8 ../../../Middlewares/ST/AI/Lib/NetworkRuntime1200_CM7_GCC.a\NetworkRuntime1200_CM7_GCC.a(layers_conv2d_stm32_integer.o)
                0x0800d7c0                forward_dense_integer_SSSA_ch
 .text.forward_ap_integer_INT8
                0x0800d978      0x1bc ../../../Middlewares/ST/AI/Lib/NetworkRuntime1200_CM7_GCC.a\NetworkRuntime1200_CM7_GCC.a(layers_pool_stm32_integer.o)
                0x0800d978                forward_ap_integer_INT8
 .text.forward_eltwise_integer_INT8
                0x0800db34      0x3d4 ../../../Middlewares/ST/AI/Lib/NetworkRuntime1200_CM7_GCC.a\NetworkRuntime1200_CM7_GCC.a(layers_stm32_integer.o)
                0x0800db34                forward_eltwise_integer_INT8
 .text.forward_lite_node_convert_integer_is8of32
                0x0800df08        0x4 ../../../Middlewares/ST/AI/Lib/NetworkRuntime1200_CM7_GCC.a\NetworkRuntime1200_CM7_GCC.a(forward_lite_convert.o)
                0x0800df08                forward_lite_node_convert_integer_is8of32
 .text.forward_lite_node_convert_integer_iu8os8
                0x0800df0c       0x3c ../../../Middlewares/ST/AI/Lib/NetworkRuntime1200_CM7_GCC.a\NetworkRuntime1200_CM7_GCC.a(forward_lite_convert.o)
                0x0800df0c                forward_lite_node_convert_integer_iu8os8
 .text.forward_lite_dense_is8os8ws8_ch
                0x0800df48       0x7c ../../../Middlewares/ST/AI/Lib/NetworkRuntime1200_CM7_GCC.a\NetworkRuntime1200_CM7_GCC.a(forward_lite_dense_is8os8ws8_ch.o)
                0x0800df48                forward_lite_dense_is8os8ws8_ch
 .text.forward_lite_avepool_is8os8
                0x0800dfc4       0x4c ../../../Middlewares/ST/AI/Lib/NetworkRuntime1200_CM7_GCC.a\NetworkRuntime1200_CM7_GCC.a(forward_lite_avepool_is8os8.o)
                0x0800dfc4                forward_lite_avepool_is8os8
 .text.st_dw_sssa8_ch_Wadapt
                0x0800e010      0x19c ../../../Middlewares/ST/AI/Lib/NetworkRuntime1200_CM7_GCC.a\NetworkRuntime1200_CM7_GCC.a(forward_lite_dw_sssa8_ch.o)
                0x0800e010                st_dw_sssa8_ch_Wadapt
 .text.forward_lite_dw_sssa8_ch
                0x0800e1ac      0x81c ../../../Middlewares/ST/AI/Lib/NetworkRuntime1200_CM7_GCC.a\NetworkRuntime1200_CM7_GCC.a(forward_lite_dw_sssa8_ch.o)
                0x0800e1ac                forward_lite_dw_sssa8_ch
 .text.forward_lite_pw_sssa8_ch
                0x0800e9c8      0x478 ../../../Middlewares/ST/AI/Lib/NetworkRuntime1200_CM7_GCC.a\NetworkRuntime1200_CM7_GCC.a(forward_lite_pw_sssa8_ch.o)
                0x0800e9c8                forward_lite_pw_sssa8_ch
 .text.forward_lite_conv2d_rgb_sssa8_ch
                0x0800ee40      0x4ec ../../../Middlewares/ST/AI/Lib/NetworkRuntime1200_CM7_GCC.a\NetworkRuntime1200_CM7_GCC.a(forward_lite_conv2d_sssa8_ch.o)
                0x0800ee40                forward_lite_conv2d_rgb_sssa8_ch
 .text.lite_convert_is8of32
                0x0800f32c       0x24 ../../../Middlewares/ST/AI/Lib/NetworkRuntime1200_CM7_GCC.a\NetworkRuntime1200_CM7_GCC.a(lite_convert_kernel.o)
                0x0800f32c                lite_convert_is8of32
 .text.lite_convert_iu8os8
                0x0800f350       0x80 ../../../Middlewares/ST/AI/Lib/NetworkRuntime1200_CM7_GCC.a\NetworkRuntime1200_CM7_GCC.a(lite_convert_kernel.o)
                0x0800f350                lite_convert_iu8os8
 .text.lite_convert_iu8os8_fast
                0x0800f3d0       0x70 ../../../Middlewares/ST/AI/Lib/NetworkRuntime1200_CM7_GCC.a\NetworkRuntime1200_CM7_GCC.a(lite_convert_kernel.o)
                0x0800f3d0                lite_convert_iu8os8_fast
 .text.forward_lite_nl_softmax_is8os8
                0x0800f440       0x14 ../../../Middlewares/ST/AI/Lib/NetworkRuntime1200_CM7_GCC.a\NetworkRuntime1200_CM7_GCC.a(lite_nl_generic_integer.o)
                0x0800f440                forward_lite_nl_softmax_is8os8
 .text.align_factor_ch
                0x0800f454       0x60 ../../../Middlewares/ST/AI/Lib/NetworkRuntime1200_CM7_GCC.a\NetworkRuntime1200_CM7_GCC.a(st_align_factor.o)
                0x0800f454                align_factor_ch
 .text.st_int8_to16_dual
                0x0800f4b4      0x1d4 ../../../Middlewares/ST/AI/Lib/NetworkRuntime1200_CM7_GCC.a\NetworkRuntime1200_CM7_GCC.a(st_int8_to16_no_shift.o)
                0x0800f4b4                st_int8_to16_dual
 .text.ai_padding_opt_init
                0x0800f688       0xb4 ../../../Middlewares/ST/AI/Lib/NetworkRuntime1200_CM7_GCC.a\NetworkRuntime1200_CM7_GCC.a(st_padding_opt.o)
                0x0800f688                ai_padding_opt_init
 .text.ai_padding_opt_phase1
                0x0800f73c       0x34 ../../../Middlewares/ST/AI/Lib/NetworkRuntime1200_CM7_GCC.a\NetworkRuntime1200_CM7_GCC.a(st_padding_opt.o)
                0x0800f73c                ai_padding_opt_phase1
 .text.st_int8_avepool
                0x0800f770      0x214 ../../../Middlewares/ST/AI/Lib/NetworkRuntime1200_CM7_GCC.a\NetworkRuntime1200_CM7_GCC.a(st_int8_pool.o)
                0x0800f770                st_int8_avepool
 .text.st_sssa8_ch_convolve_rank1upd
                0x0800f984      0x128 ../../../Middlewares/ST/AI/Lib/NetworkRuntime1200_CM7_GCC.a\NetworkRuntime1200_CM7_GCC.a(st_sssa8_ch_convolve.o)
                0x0800f984                st_sssa8_ch_convolve_rank1upd
 .text.st_sssa8_ch_fully_connected
                0x0800faac      0x518 ../../../Middlewares/ST/AI/Lib/NetworkRuntime1200_CM7_GCC.a\NetworkRuntime1200_CM7_GCC.a(st_sssa8_ch_dense.o)
                0x0800faac                st_sssa8_ch_fully_connected
 .text.st_int8_copy
                0x0800ffc4      0x138 ../../../Middlewares/ST/AI/Lib/NetworkRuntime1200_CM7_GCC.a\NetworkRuntime1200_CM7_GCC.a(st_int8_fill.o)
                0x0800ffc4                st_int8_copy
 .text.st_int8_fill
                0x080100fc       0x80 ../../../Middlewares/ST/AI/Lib/NetworkRuntime1200_CM7_GCC.a\NetworkRuntime1200_CM7_GCC.a(st_int8_fill.o)
                0x080100fc                st_int8_fill
 .text.st_int8_reordered_no_shift_zero
                0x0801017c       0x6c ../../../Middlewares/ST/AI/Lib/NetworkRuntime1200_CM7_GCC.a\NetworkRuntime1200_CM7_GCC.a(st_int8_reordered_no_shift.o)
                0x0801017c                st_int8_reordered_no_shift_zero
 .text.st_sssa8_ch_nn_mat_mult_kernel_single_opt
                0x080101e8      0x370 ../../../Middlewares/ST/AI/Lib/NetworkRuntime1200_CM7_GCC.a\NetworkRuntime1200_CM7_GCC.a(st_sssa8_ch_nn_mat_mult_kernel_single_opt.o)
                0x080101e8                st_sssa8_ch_nn_mat_mult_kernel_single_opt
 .text.weights_2channels_prefetch
                0x08010558      0x228 ../../../Middlewares/ST/AI/Lib/NetworkRuntime1200_CM7_GCC.a\NetworkRuntime1200_CM7_GCC.a(st_sssa8_ch_nn_mat_mult_nt_t.o)
                0x08010558                weights_2channels_prefetch
 .text.st_sssa8_ch_fullW_prefetch
                0x08010780       0x74 ../../../Middlewares/ST/AI/Lib/NetworkRuntime1200_CM7_GCC.a\NetworkRuntime1200_CM7_GCC.a(st_sssa8_ch_nn_mat_mult_nt_t.o)
                0x08010780                st_sssa8_ch_fullW_prefetch
 .text.st_sssa8_ch_nn_mat_mult_kernel_opt
                0x080107f4      0x33c ../../../Middlewares/ST/AI/Lib/NetworkRuntime1200_CM7_GCC.a\NetworkRuntime1200_CM7_GCC.a(st_sssa8_ch_nn_mat_mult_kernel_opt.o)
                0x080107f4                st_sssa8_ch_nn_mat_mult_kernel_opt
 .text.st_sssa8_ch_nn_mat_mult_pw_nt_t
                0x08010b30      0x760 ../../../Middlewares/ST/AI/Lib/NetworkRuntime1200_CM7_GCC.a\NetworkRuntime1200_CM7_GCC.a(st_sssa8_ch_nn_mat_mult_pw_nt_t.o)
                0x08010b30                st_sssa8_ch_nn_mat_mult_pw_nt_t
 .text.st_sssa8_ch_nn_mat_mult_pw_nt_t_KWS
                0x08011290      0x350 ../../../Middlewares/ST/AI/Lib/NetworkRuntime1200_CM7_GCC.a\NetworkRuntime1200_CM7_GCC.a(st_sssa8_ch_nn_mat_mult_pw_nt_t.o)
                0x08011290                st_sssa8_ch_nn_mat_mult_pw_nt_t_KWS
 .text.ai_sum_f32
                0x080115e0       0x14 ../../../Middlewares/ST/AI/Lib/NetworkRuntime1200_CM7_GCC.a\NetworkRuntime1200_CM7_GCC.a(ai_math_helpers.o)
                0x080115e0                ai_sum_f32
 .text.ai_sum_buffer_INT8
                0x080115f4      0x2d0 ../../../Middlewares/ST/AI/Lib/NetworkRuntime1200_CM7_GCC.a\NetworkRuntime1200_CM7_GCC.a(ai_math_helpers.o)
                0x080115f4                ai_sum_buffer_INT8
 .text.core_get_broadcasted_shape
                0x080118c4       0x50 ../../../Middlewares/ST/AI/Lib/NetworkRuntime1200_CM7_GCC.a\NetworkRuntime1200_CM7_GCC.a(core_utils.o)
                0x080118c4                core_get_broadcasted_shape
 .text.core_compute_offsets
                0x08011914      0x124 ../../../Middlewares/ST/AI/Lib/NetworkRuntime1200_CM7_GCC.a\NetworkRuntime1200_CM7_GCC.a(core_utils.o)
                0x08011914                core_compute_offsets
 .text.ai_math_elementwise_sum_int8
                0x08011a38      0x1d8 ../../../Middlewares/ST/AI/Lib/NetworkRuntime1200_CM7_GCC.a\NetworkRuntime1200_CM7_GCC.a(ai_math_elementwise_sum_int8.o)
                0x08011a38                ai_math_elementwise_sum_int8
 .text._lite_kernel_nl_softmax_is8os8
                0x08011c10      0xbf0 ../../../Middlewares/ST/AI/Lib/NetworkRuntime1200_CM7_GCC.a\NetworkRuntime1200_CM7_GCC.a(lite_nl_softmax_is8os8.o)
                0x08011c10                _lite_kernel_nl_softmax_is8os8
 .text.memset   0x08012800       0x10 C:/ST/STM32CubeIDE_2.1.1/STM32CubeIDE/plugins/com.st.stm32cube.ide.mcu.externaltools.gnu-tools-for-stm32.14.3.rel1.win32_1.0.100.202602081740/tools/bin/../lib/gcc/arm-none-eabi/14.3.1/../../../../arm-none-eabi/lib/thumb/v7e-m+dp/hard\libc_nano.a(libc_a-memset.o)
                0x08012800                memset
 .text.__libc_init_array
                0x08012810       0x48 C:/ST/STM32CubeIDE_2.1.1/STM32CubeIDE/plugins/com.st.stm32cube.ide.mcu.externaltools.gnu-tools-for-stm32.14.3.rel1.win32_1.0.100.202602081740/tools/bin/../lib/gcc/arm-none-eabi/14.3.1/../../../../arm-none-eabi/lib/thumb/v7e-m+dp/hard\libc_nano.a(libc_a-init.o)
                0x08012810                __libc_init_array
 .text.memcpy   0x08012858       0x1c C:/ST/STM32CubeIDE_2.1.1/STM32CubeIDE/plugins/com.st.stm32cube.ide.mcu.externaltools.gnu-tools-for-stm32.14.3.rel1.win32_1.0.100.202602081740/tools/bin/../lib/gcc/arm-none-eabi/14.3.1/../../../../arm-none-eabi/lib/thumb/v7e-m+dp/hard\libc_nano.a(libc_a-memcpy-stub.o)
                0x08012858                memcpy
 *(.glue_7)
 .glue_7        0x08012874        0x0 linker stubs
 *(.glue_7t)
 .glue_7t       0x08012874        0x0 linker stubs
 *(.eh_frame)
 .eh_frame      0x08012874        0x0 C:/ST/STM32CubeIDE_2.1.1/STM32CubeIDE/plugins/com.st.stm32cube.ide.mcu.externaltools.gnu-tools-for-stm32.14.3.rel1.win32_1.0.100.202602081740/tools/bin/../lib/gcc/arm-none-eabi/14.3.1/thumb/v7e-m+dp/hard/crtbegin.o
 *(.init)
 .init          0x08012874        0x4 C:/ST/STM32CubeIDE_2.1.1/STM32CubeIDE/plugins/com.st.stm32cube.ide.mcu.externaltools.gnu-tools-for-stm32.14.3.rel1.win32_1.0.100.202602081740/tools/bin/../lib/gcc/arm-none-eabi/14.3.1/thumb/v7e-m+dp/hard/crti.o
                0x08012874                _init
 .init          0x08012878        0x8 C:/ST/STM32CubeIDE_2.1.1/STM32CubeIDE/plugins/com.st.stm32cube.ide.mcu.externaltools.gnu-tools-for-stm32.14.3.rel1.win32_1.0.100.202602081740/tools/bin/../lib/gcc/arm-none-eabi/14.3.1/thumb/v7e-m+dp/hard/crtn.o
 *(.fini)
 .fini          0x08012880        0x4 C:/ST/STM32CubeIDE_2.1.1/STM32CubeIDE/plugins/com.st.stm32cube.ide.mcu.externaltools.gnu-tools-for-stm32.14.3.rel1.win32_1.0.100.202602081740/tools/bin/../lib/gcc/arm-none-eabi/14.3.1/thumb/v7e-m+dp/hard/crti.o
                0x08012880                _fini
 .fini          0x08012884        0x8 C:/ST/STM32CubeIDE_2.1.1/STM32CubeIDE/plugins/com.st.stm32cube.ide.mcu.externaltools.gnu-tools-for-stm32.14.3.rel1.win32_1.0.100.202602081740/tools/bin/../lib/gcc/arm-none-eabi/14.3.1/thumb/v7e-m+dp/hard/crtn.o
                0x0801288c                        . = ALIGN (0x4)
                0x0801288c                        _etext = .

.vfp11_veneer   0x0801288c        0x0
 .vfp11_veneer  0x0801288c        0x0 linker stubs

.v4_bx          0x0801288c        0x0
 .v4_bx         0x0801288c        0x0 linker stubs

.iplt           0x0801288c        0x0
 .iplt          0x0801288c        0x0 C:/ST/STM32CubeIDE_2.1.1/STM32CubeIDE/plugins/com.st.stm32cube.ide.mcu.externaltools.gnu-tools-for-stm32.14.3.rel1.win32_1.0.100.202602081740/tools/bin/../lib/gcc/arm-none-eabi/14.3.1/thumb/v7e-m+dp/hard/crtbegin.o

.rodata         0x080128a0     0xbb24
                0x080128a0                        . = ALIGN (0x4)
 *(.rodata)
 .rodata        0x080128a0      0x13b ./CM7/AI/App/app_x-cube-ai.o
 *fill*         0x080129db        0x1 
 .rodata        0x080129dc      0x5d0 ./CM7/AI/App/network.o
 .rodata        0x08012fac        0x7 ./Middlewares/ST/AI/Misc/Src/lc_print.o
 *(.rodata*)
 *fill*         0x08012fb3        0xd 
 .rodata.mia_foto_raw
                0x08012fc0     0x4000 ./CM7/AI/App/app_x-cube-ai.o
 .rodata.__compound_literal.354
                0x08016fc0        0x4 ./CM7/AI/App/network.o
 .rodata.__compound_literal.355
                0x08016fc4        0x1 ./CM7/AI/App/network.o
 *fill*         0x08016fc5        0x3 
 .rodata.__compound_literal.356
                0x08016fc8        0x8 ./CM7/AI/App/network.o
 .rodata.__compound_literal.357
                0x08016fd0        0x4 ./CM7/AI/App/network.o
 .rodata.__compound_literal.358
                0x08016fd4        0x1 ./CM7/AI/App/network.o
 *fill*         0x08016fd5        0x3 
 .rodata.__compound_literal.359
                0x08016fd8        0x8 ./CM7/AI/App/network.o
 .rodata.__compound_literal.360
                0x08016fe0        0x4 ./CM7/AI/App/network.o
 .rodata.__compound_literal.361
                0x08016fe4        0x1 ./CM7/AI/App/network.o
 *fill*         0x08016fe5        0x3 
 .rodata.__compound_literal.362
                0x08016fe8        0x8 ./CM7/AI/App/network.o
 .rodata.__compound_literal.363
                0x08016ff0        0x4 ./CM7/AI/App/network.o
 .rodata.__compound_literal.364
                0x08016ff4        0x1 ./CM7/AI/App/network.o
 *fill*         0x08016ff5        0x3 
 .rodata.__compound_literal.365
                0x08016ff8        0x8 ./CM7/AI/App/network.o
 .rodata.__compound_literal.366
                0x08017000        0x4 ./CM7/AI/App/network.o
 .rodata.__compound_literal.367
                0x08017004        0x1 ./CM7/AI/App/network.o
 *fill*         0x08017005        0x3 
 .rodata.__compound_literal.368
                0x08017008        0x8 ./CM7/AI/App/network.o
 .rodata.__compound_literal.369
                0x08017010        0x4 ./CM7/AI/App/network.o
 .rodata.__compound_literal.370
                0x08017014        0x1 ./CM7/AI/App/network.o
 *fill*         0x08017015        0x3 
 .rodata.__compound_literal.371
                0x08017018        0x8 ./CM7/AI/App/network.o
 .rodata.__compound_literal.372
                0x08017020        0x4 ./CM7/AI/App/network.o
 .rodata.__compound_literal.373
                0x08017024        0x1 ./CM7/AI/App/network.o
 *fill*         0x08017025        0x3 
 .rodata.__compound_literal.374
                0x08017028        0x8 ./CM7/AI/App/network.o
 .rodata.__compound_literal.375
                0x08017030        0x4 ./CM7/AI/App/network.o
 .rodata.__compound_literal.376
                0x08017034        0x1 ./CM7/AI/App/network.o
 *fill*         0x08017035        0x3 
 .rodata.__compound_literal.377
                0x08017038        0x8 ./CM7/AI/App/network.o
 .rodata.__compound_literal.378
                0x08017040        0x4 ./CM7/AI/App/network.o
 .rodata.__compound_literal.379
                0x08017044        0x1 ./CM7/AI/App/network.o
 *fill*         0x08017045        0x3 
 .rodata.__compound_literal.380
                0x08017048        0x8 ./CM7/AI/App/network.o
 .rodata.__compound_literal.381
                0x08017050        0x4 ./CM7/AI/App/network.o
 .rodata.__compound_literal.382
                0x08017054        0x1 ./CM7/AI/App/network.o
 *fill*         0x08017055        0x3 
 .rodata.__compound_literal.383
                0x08017058        0x8 ./CM7/AI/App/network.o
 .rodata.__compound_literal.384
                0x08017060        0x4 ./CM7/AI/App/network.o
 .rodata.__compound_literal.385
                0x08017064        0x1 ./CM7/AI/App/network.o
 *fill*         0x08017065        0x3 
 .rodata.__compound_literal.386
                0x08017068        0x8 ./CM7/AI/App/network.o
 .rodata.__compound_literal.387
                0x08017070        0x4 ./CM7/AI/App/network.o
 .rodata.__compound_literal.388
                0x08017074        0x1 ./CM7/AI/App/network.o
 *fill*         0x08017075        0x3 
 .rodata.__compound_literal.389
                0x08017078        0x8 ./CM7/AI/App/network.o
 .rodata.__compound_literal.390
                0x08017080        0x4 ./CM7/AI/App/network.o
 .rodata.__compound_literal.391
                0x08017084        0x1 ./CM7/AI/App/network.o
 *fill*         0x08017085        0x3 
 .rodata.__compound_literal.392
                0x08017088        0x8 ./CM7/AI/App/network.o
 .rodata.__compound_literal.393
                0x08017090        0x4 ./CM7/AI/App/network.o
 .rodata.__compound_literal.394
                0x08017094        0x1 ./CM7/AI/App/network.o
 *fill*         0x08017095        0x3 
 .rodata.__compound_literal.395
                0x08017098        0x8 ./CM7/AI/App/network.o
 .rodata.__compound_literal.396
                0x080170a0        0x4 ./CM7/AI/App/network.o
 .rodata.__compound_literal.397
                0x080170a4        0x1 ./CM7/AI/App/network.o
 *fill*         0x080170a5        0x3 
 .rodata.__compound_literal.398
                0x080170a8        0x8 ./CM7/AI/App/network.o
 .rodata.__compound_literal.399
                0x080170b0        0x4 ./CM7/AI/App/network.o
 .rodata.__compound_literal.400
                0x080170b4        0x1 ./CM7/AI/App/network.o
 *fill*         0x080170b5        0x3 
 .rodata.__compound_literal.401
                0x080170b8        0x8 ./CM7/AI/App/network.o
 .rodata.__compound_literal.402
                0x080170c0        0x4 ./CM7/AI/App/network.o
 .rodata.__compound_literal.403
                0x080170c4        0x1 ./CM7/AI/App/network.o
 *fill*         0x080170c5        0x3 
 .rodata.__compound_literal.404
                0x080170c8        0x8 ./CM7/AI/App/network.o
 .rodata.__compound_literal.405
                0x080170d0        0x4 ./CM7/AI/App/network.o
 .rodata.__compound_literal.406
                0x080170d4        0x1 ./CM7/AI/App/network.o
 *fill*         0x080170d5        0x3 
 .rodata.__compound_literal.407
                0x080170d8        0x8 ./CM7/AI/App/network.o
 .rodata.__compound_literal.408
                0x080170e0        0x4 ./CM7/AI/App/network.o
 .rodata.__compound_literal.409
                0x080170e4        0x1 ./CM7/AI/App/network.o
 *fill*         0x080170e5        0x3 
 .rodata.__compound_literal.410
                0x080170e8        0x8 ./CM7/AI/App/network.o
 .rodata.__compound_literal.411
                0x080170f0        0x4 ./CM7/AI/App/network.o
 .rodata.__compound_literal.412
                0x080170f4        0x1 ./CM7/AI/App/network.o
 *fill*         0x080170f5        0x3 
 .rodata.__compound_literal.413
                0x080170f8        0x8 ./CM7/AI/App/network.o
 .rodata.__compound_literal.414
                0x08017100        0x4 ./CM7/AI/App/network.o
 .rodata.__compound_literal.415
                0x08017104        0x1 ./CM7/AI/App/network.o
 *fill*         0x08017105        0x3 
 .rodata.__compound_literal.416
                0x08017108        0x8 ./CM7/AI/App/network.o
 .rodata.__compound_literal.417
                0x08017110        0x4 ./CM7/AI/App/network.o
 .rodata.__compound_literal.418
                0x08017114        0x1 ./CM7/AI/App/network.o
 *fill*         0x08017115        0x3 
 .rodata.__compound_literal.419
                0x08017118        0x8 ./CM7/AI/App/network.o
 .rodata.__compound_literal.420
                0x08017120        0x4 ./CM7/AI/App/network.o
 .rodata.__compound_literal.421
                0x08017124        0x1 ./CM7/AI/App/network.o
 *fill*         0x08017125        0x3 
 .rodata.__compound_literal.422
                0x08017128        0x8 ./CM7/AI/App/network.o
 .rodata.__compound_literal.423
                0x08017130        0x4 ./CM7/AI/App/network.o
 .rodata.__compound_literal.424
                0x08017134        0x1 ./CM7/AI/App/network.o
 *fill*         0x08017135        0x3 
 .rodata.__compound_literal.425
                0x08017138        0x8 ./CM7/AI/App/network.o
 .rodata.__compound_literal.426
                0x08017140        0x4 ./CM7/AI/App/network.o
 .rodata.__compound_literal.427
                0x08017144        0x1 ./CM7/AI/App/network.o
 *fill*         0x08017145        0x3 
 .rodata.__compound_literal.428
                0x08017148        0x8 ./CM7/AI/App/network.o
 .rodata.__compound_literal.429
                0x08017150        0x4 ./CM7/AI/App/network.o
 .rodata.__compound_literal.430
                0x08017154        0x1 ./CM7/AI/App/network.o
 *fill*         0x08017155        0x3 
 .rodata.__compound_literal.431
                0x08017158        0x8 ./CM7/AI/App/network.o
 .rodata.__compound_literal.432
                0x08017160        0x4 ./CM7/AI/App/network.o
 .rodata.__compound_literal.433
                0x08017164        0x1 ./CM7/AI/App/network.o
 *fill*         0x08017165        0x3 
 .rodata.__compound_literal.434
                0x08017168        0x8 ./CM7/AI/App/network.o
 .rodata.__compound_literal.435
                0x08017170        0x4 ./CM7/AI/App/network.o
 .rodata.__compound_literal.436
                0x08017174        0x1 ./CM7/AI/App/network.o
 *fill*         0x08017175        0x3 
 .rodata.__compound_literal.437
                0x08017178        0x8 ./CM7/AI/App/network.o
 .rodata.__compound_literal.438
                0x08017180        0xc ./CM7/AI/App/network.o
 .rodata.__compound_literal.439
                0x0801718c        0x3 ./CM7/AI/App/network.o
 *fill*         0x0801718f        0x1 
 .rodata.__compound_literal.440
                0x08017190        0x8 ./CM7/AI/App/network.o
 .rodata.eltwise_10_chain
                0x08017198        0x8 ./CM7/AI/App/network.o
 .rodata.eltwise_17_chain
                0x080171a0        0x8 ./CM7/AI/App/network.o
 .rodata.eltwise_21_chain
                0x080171a8        0x8 ./CM7/AI/App/network.o
 .rodata.eltwise_28_chain
                0x080171b0        0x8 ./CM7/AI/App/network.o
 .rodata.eltwise_32_chain
                0x080171b8        0x8 ./CM7/AI/App/network.o
 .rodata.eltwise_36_chain
                0x080171c0        0x8 ./CM7/AI/App/network.o
 .rodata.eltwise_43_chain
                0x080171c8        0x8 ./CM7/AI/App/network.o
 .rodata.eltwise_47_chain
                0x080171d0        0x8 ./CM7/AI/App/network.o
 .rodata.eltwise_54_chain
                0x080171d8        0x8 ./CM7/AI/App/network.o
 .rodata.eltwise_58_chain
                0x080171e0        0x8 ./CM7/AI/App/network.o
 .rodata.pool_63_chain
                0x080171e8        0x8 ./CM7/AI/App/network.o
 .rodata.gemm_64_chain
                0x080171f0        0x8 ./CM7/AI/App/network.o
 .rodata.conv2d_0_t_weight_0_fmt_scale_const_f32
                0x080171f8        0xc ./CM7/AI/App/network.o
 .rodata.conv2d_1_t_weight_0_fmt_scale_const_f32
                0x08017204       0x40 ./CM7/AI/App/network.o
 .rodata.conv2d_2_t_weight_0_fmt_scale_const_f32
                0x08017244       0x40 ./CM7/AI/App/network.o
 .rodata.conv2d_3_t_weight_0_fmt_scale_const_f32
                0x08017284       0x20 ./CM7/AI/App/network.o
 .rodata.conv2d_4_t_weight_0_fmt_scale_const_f32
                0x080172a4       0xc0 ./CM7/AI/App/network.o
 .rodata.conv2d_5_t_weight_0_fmt_scale_const_f32
                0x08017364       0xc0 ./CM7/AI/App/network.o
 .rodata.conv2d_6_t_weight_0_fmt_scale_const_f32
                0x08017424       0x20 ./CM7/AI/App/network.o
 .rodata.conv2d_7_t_weight_0_fmt_scale_const_f32
                0x08017444       0xc0 ./CM7/AI/App/network.o
 .rodata.conv2d_8_t_weight_0_fmt_scale_const_f32
                0x08017504       0xc0 ./CM7/AI/App/network.o
 .rodata.conv2d_9_t_weight_0_fmt_scale_const_f32
                0x080175c4       0x20 ./CM7/AI/App/network.o
 .rodata.conv2d_11_t_weight_0_fmt_scale_const_f32
                0x080175e4       0xc0 ./CM7/AI/App/network.o
 .rodata.conv2d_12_t_weight_0_fmt_scale_const_f32
                0x080176a4       0xc0 ./CM7/AI/App/network.o
 .rodata.conv2d_13_t_weight_0_fmt_scale_const_f32
                0x08017764       0x40 ./CM7/AI/App/network.o
 .rodata.conv2d_14_t_weight_0_fmt_scale_const_f32
                0x080177a4      0x180 ./CM7/AI/App/network.o
 .rodata.conv2d_15_t_weight_0_fmt_scale_const_f32
                0x08017924      0x180 ./CM7/AI/App/network.o
 .rodata.conv2d_16_t_weight_0_fmt_scale_const_f32
                0x08017aa4       0x40 ./CM7/AI/App/network.o
 .rodata.conv2d_18_t_weight_0_fmt_scale_const_f32
                0x08017ae4      0x180 ./CM7/AI/App/network.o
 .rodata.conv2d_19_t_weight_0_fmt_scale_const_f32
                0x08017c64      0x180 ./CM7/AI/App/network.o
 .rodata.conv2d_20_t_weight_0_fmt_scale_const_f32
                0x08017de4       0x40 ./CM7/AI/App/network.o
 .rodata.conv2d_22_t_weight_0_fmt_scale_const_f32
                0x08017e24      0x180 ./CM7/AI/App/network.o
 .rodata.conv2d_23_t_weight_0_fmt_scale_const_f32
                0x08017fa4      0x180 ./CM7/AI/App/network.o
 .rodata.conv2d_24_t_weight_0_fmt_scale_const_f32
                0x08018124       0x60 ./CM7/AI/App/network.o
 .rodata.conv2d_25_t_weight_0_fmt_scale_const_f32
                0x08018184      0x240 ./CM7/AI/App/network.o
 .rodata.conv2d_26_t_weight_0_fmt_scale_const_f32
                0x080183c4      0x240 ./CM7/AI/App/network.o
 .rodata.conv2d_27_t_weight_0_fmt_scale_const_f32
                0x08018604       0x60 ./CM7/AI/App/network.o
 .rodata.conv2d_29_t_weight_0_fmt_scale_const_f32
                0x08018664      0x240 ./CM7/AI/App/network.o
 .rodata.conv2d_30_t_weight_0_fmt_scale_const_f32
                0x080188a4      0x240 ./CM7/AI/App/network.o
 .rodata.conv2d_31_t_weight_0_fmt_scale_const_f32
                0x08018ae4       0x60 ./CM7/AI/App/network.o
 .rodata.conv2d_33_t_weight_0_fmt_scale_const_f32
                0x08018b44      0x240 ./CM7/AI/App/network.o
 .rodata.conv2d_34_t_weight_0_fmt_scale_const_f32
                0x08018d84      0x240 ./CM7/AI/App/network.o
 .rodata.conv2d_35_t_weight_0_fmt_scale_const_f32
                0x08018fc4       0x60 ./CM7/AI/App/network.o
 .rodata.conv2d_37_t_weight_0_fmt_scale_const_f32
                0x08019024      0x240 ./CM7/AI/App/network.o
 .rodata.conv2d_38_t_weight_0_fmt_scale_const_f32
                0x08019264      0x240 ./CM7/AI/App/network.o
 .rodata.conv2d_39_t_weight_0_fmt_scale_const_f32
                0x080194a4       0x80 ./CM7/AI/App/network.o
 .rodata.conv2d_40_t_weight_0_fmt_scale_const_f32
                0x08019524      0x300 ./CM7/AI/App/network.o
 .rodata.conv2d_41_t_weight_0_fmt_scale_const_f32
                0x08019824      0x300 ./CM7/AI/App/network.o
 .rodata.conv2d_42_t_weight_0_fmt_scale_const_f32
                0x08019b24       0x80 ./CM7/AI/App/network.o
 .rodata.conv2d_44_t_weight_0_fmt_scale_const_f32
                0x08019ba4      0x300 ./CM7/AI/App/network.o
 .rodata.conv2d_45_t_weight_0_fmt_scale_const_f32
                0x08019ea4      0x300 ./CM7/AI/App/network.o
 .rodata.conv2d_46_t_weight_0_fmt_scale_const_f32
                0x0801a1a4       0x80 ./CM7/AI/App/network.o
 .rodata.conv2d_48_t_weight_0_fmt_scale_const_f32
                0x0801a224      0x300 ./CM7/AI/App/network.o
 .rodata.conv2d_49_t_weight_0_fmt_scale_const_f32
                0x0801a524      0x300 ./CM7/AI/App/network.o
 .rodata.conv2d_50_t_weight_0_fmt_scale_const_f32
                0x0801a824       0xe0 ./CM7/AI/App/network.o
 .rodata.conv2d_51_t_weight_0_fmt_scale_const_f32
                0x0801a904      0x540 ./CM7/AI/App/network.o
 .rodata.conv2d_52_t_weight_0_fmt_scale_const_f32
                0x0801ae44      0x540 ./CM7/AI/App/network.o
 .rodata.conv2d_53_t_weight_0_fmt_scale_const_f32
                0x0801b384       0xe0 ./CM7/AI/App/network.o
 .rodata.conv2d_55_t_weight_0_fmt_scale_const_f32
                0x0801b464      0x540 ./CM7/AI/App/network.o
 .rodata.conv2d_56_t_weight_0_fmt_scale_const_f32
                0x0801b9a4      0x540 ./CM7/AI/App/network.o
 .rodata.conv2d_57_t_weight_0_fmt_scale_const_f32
                0x0801bee4       0xe0 ./CM7/AI/App/network.o
 .rodata.conv2d_59_t_weight_0_fmt_scale_const_f32
                0x0801bfc4      0x540 ./CM7/AI/App/network.o
 .rodata.conv2d_60_t_weight_0_fmt_scale_const_f32
                0x0801c504      0x540 ./CM7/AI/App/network.o
 .rodata.conv2d_61_t_weight_0_fmt_scale_const_f32
                0x0801ca44      0x1c0 ./CM7/AI/App/network.o
 .rodata.conv2d_62_t_weight_0_fmt_scale_const_f32
                0x0801cc04     0x1400 ./CM7/AI/App/network.o
 *fill*         0x0801e004        0x4 
 .rodata._network_context.0
                0x0801e008       0x38 ./CM7/AI/App/network.o
 .rodata.D1CorePrescTable
                0x0801e040       0x10 ./Drivers/CMSIS/system_stm32h7xx_dualcore_boot_cm4_cm7.o
                0x0801e040                D1CorePrescTable
 .rodata.UARTPrescTable
                0x0801e050       0x18 ./Drivers/STM32H7xx_HAL_Driver/stm32h7xx_hal_uart.o
                0x0801e050                UARTPrescTable
 .rodata.numerator.1
                0x0801e068        0x8 ./Drivers/STM32H7xx_HAL_Driver/stm32h7xx_hal_uart_ex.o
 .rodata.denominator.0
                0x0801e070        0x8 ./Drivers/STM32H7xx_HAL_Driver/stm32h7xx_hal_uart_ex.o
 .rodata.stai_get_return_code_name.str1.4
                0x0801e078      0x349 ../../../Middlewares/ST/AI/Lib/NetworkRuntime1200_CM7_GCC.a\NetworkRuntime1200_CM7_GCC.a(stai_debug.o)
                0x0801e3c4                        . = ALIGN (0x4)
 *fill*         0x0801e3c1        0x3 

.AI_EXTFLASH    0x0801e3c8    0x65180
 .AI_EXTFLASH   0x0801e3c8    0x65180 ./CM7/AI/App/network_data.o
                0x0801e3c8                g_network_weights_array

.ARM.extab      0x08083548        0x0
                0x08083548                        . = ALIGN (0x4)
 *(.ARM.extab* .gnu.linkonce.armextab.*)
                0x08083548                        . = ALIGN (0x4)

.ARM            0x08083548        0x8
                0x08083548                        . = ALIGN (0x4)
                0x08083548                        __exidx_start = .
 *(.ARM.exidx*)
 .ARM.exidx     0x08083548        0x8 C:/ST/STM32CubeIDE_2.1.1/STM32CubeIDE/plugins/com.st.stm32cube.ide.mcu.externaltools.gnu-tools-for-stm32.14.3.rel1.win32_1.0.100.202602081740/tools/bin/../lib/gcc/arm-none-eabi/14.3.1/../../../../arm-none-eabi/lib/thumb/v7e-m+dp/hard\libc_nano.a(libc_a-strlen.o)
 .ARM.exidx     0x08083550        0x0 C:/ST/STM32CubeIDE_2.1.1/STM32CubeIDE/plugins/com.st.stm32cube.ide.mcu.externaltools.gnu-tools-for-stm32.14.3.rel1.win32_1.0.100.202602081740/tools/bin/../lib/gcc/arm-none-eabi/14.3.1/thumb/v7e-m+dp/hard\libgcc.a(_udivmoddi4.o)
                                  0x8 (size before relaxing)
                0x08083550                        __exidx_end = .
                0x08083550                        . = ALIGN (0x4)

.preinit_array  0x08083550        0x0
                0x08083550                        . = ALIGN (0x4)
                0x08083550                        PROVIDE (__preinit_array_start = .)
 *(.preinit_array*)
                0x08083550                        PROVIDE (__preinit_array_end = .)
                0x08083550                        . = ALIGN (0x4)

.init_array     0x08083550        0x4
                0x08083550                        . = ALIGN (0x4)
                0x08083550                        PROVIDE (__init_array_start = .)
 *(SORT_BY_NAME(.init_array.*))
 *(.init_array*)
 .init_array    0x08083550        0x4 C:/ST/STM32CubeIDE_2.1.1/STM32CubeIDE/plugins/com.st.stm32cube.ide.mcu.externaltools.gnu-tools-for-stm32.14.3.rel1.win32_1.0.100.202602081740/tools/bin/../lib/gcc/arm-none-eabi/14.3.1/thumb/v7e-m+dp/hard/crtbegin.o
                0x08083554                        PROVIDE (__init_array_end = .)
                0x08083554                        . = ALIGN (0x4)

.fini_array     0x08083554        0x4
                0x08083554                        . = ALIGN (0x4)
                [!provide]                        PROVIDE (__fini_array_start = .)
 *(SORT_BY_NAME(.fini_array.*))
 *(.fini_array*)
 .fini_array    0x08083554        0x4 C:/ST/STM32CubeIDE_2.1.1/STM32CubeIDE/plugins/com.st.stm32cube.ide.mcu.externaltools.gnu-tools-for-stm32.14.3.rel1.win32_1.0.100.202602081740/tools/bin/../lib/gcc/arm-none-eabi/14.3.1/thumb/v7e-m+dp/hard/crtbegin.o
                [!provide]                        PROVIDE (__fini_array_end = .)
                0x08083558                        . = ALIGN (0x4)
                0x08083558                        _sidata = LOADADDR (.data)

.rel.dyn        0x08083558        0x0
 .rel.iplt      0x08083558        0x0 C:/ST/STM32CubeIDE_2.1.1/STM32CubeIDE/plugins/com.st.stm32cube.ide.mcu.externaltools.gnu-tools-for-stm32.14.3.rel1.win32_1.0.100.202602081740/tools/bin/../lib/gcc/arm-none-eabi/14.3.1/thumb/v7e-m+dp/hard/crtbegin.o

.data           0x24038000      0xec8 load address 0x08083558
                0x24038000                        . = ALIGN (0x4)
                0x24038000                        _sdata = .
 *(.data)
 *(.data*)
 .data.data_activations
                0x24038000        0x8 ./CM7/AI/App/app_x-cube-ai.o
                0x24038000                data_activations
 .data.conv2d_6_output_array_intq
                0x24038008        0x8 ./CM7/AI/App/network.o
 .data.conv2d_9_output_array_intq
                0x24038010        0x8 ./CM7/AI/App/network.o
 .data.eltwise_10_output_array_intq
                0x24038018        0x8 ./CM7/AI/App/network.o
 .data.conv2d_13_output_array_intq
                0x24038020        0x8 ./CM7/AI/App/network.o
 .data.conv2d_16_output_array_intq
                0x24038028        0x8 ./CM7/AI/App/network.o
 .data.eltwise_17_output_array_intq
                0x24038030        0x8 ./CM7/AI/App/network.o
 .data.conv2d_20_output_array_intq
                0x24038038        0x8 ./CM7/AI/App/network.o
 .data.eltwise_21_output_array_intq
                0x24038040        0x8 ./CM7/AI/App/network.o
 .data.conv2d_24_output_array_intq
                0x24038048        0x8 ./CM7/AI/App/network.o
 .data.conv2d_27_output_array_intq
                0x24038050        0x8 ./CM7/AI/App/network.o
 .data.eltwise_28_output_array_intq
                0x24038058        0x8 ./CM7/AI/App/network.o
 .data.conv2d_31_output_array_intq
                0x24038060        0x8 ./CM7/AI/App/network.o
 .data.eltwise_32_output_array_intq
                0x24038068        0x8 ./CM7/AI/App/network.o
 .data.conv2d_35_output_array_intq
                0x24038070        0x8 ./CM7/AI/App/network.o
 .data.eltwise_36_output_array_intq
                0x24038078        0x8 ./CM7/AI/App/network.o
 .data.conv2d_39_output_array_intq
                0x24038080        0x8 ./CM7/AI/App/network.o
 .data.conv2d_42_output_array_intq
                0x24038088        0x8 ./CM7/AI/App/network.o
 .data.eltwise_43_output_array_intq
                0x24038090        0x8 ./CM7/AI/App/network.o
 .data.conv2d_46_output_array_intq
                0x24038098        0x8 ./CM7/AI/App/network.o
 .data.eltwise_47_output_array_intq
                0x240380a0        0x8 ./CM7/AI/App/network.o
 .data.conv2d_50_output_array_intq
                0x240380a8        0x8 ./CM7/AI/App/network.o
 .data.conv2d_53_output_array_intq
                0x240380b0        0x8 ./CM7/AI/App/network.o
 .data.eltwise_54_output_array_intq
                0x240380b8        0x8 ./CM7/AI/App/network.o
 .data.conv2d_57_output_array_intq
                0x240380c0        0x8 ./CM7/AI/App/network.o
 .data.eltwise_58_output_array_intq
                0x240380c8        0x8 ./CM7/AI/App/network.o
 .data.conv2d_62_output_array_intq
                0x240380d0        0x8 ./CM7/AI/App/network.o
 .data.pool_63_output_array_intq
                0x240380d8        0x8 ./CM7/AI/App/network.o
 .data.gemm_64_output_array_intq
                0x240380e0        0x8 ./CM7/AI/App/network.o
 .data.gemm_64_weights_array_intq
                0x240380e8        0x8 ./CM7/AI/App/network.o
 .data.conv2d_6_output_array
                0x240380f0       0x10 ./CM7/AI/App/network.o
 .data.conv2d_9_output_array
                0x24038100       0x10 ./CM7/AI/App/network.o
 .data.eltwise_10_output_array
                0x24038110       0x10 ./CM7/AI/App/network.o
 .data.conv2d_13_output_array
                0x24038120       0x10 ./CM7/AI/App/network.o
 .data.conv2d_16_output_array
                0x24038130       0x10 ./CM7/AI/App/network.o
 .data.eltwise_17_output_array
                0x24038140       0x10 ./CM7/AI/App/network.o
 .data.conv2d_20_output_array
                0x24038150       0x10 ./CM7/AI/App/network.o
 .data.eltwise_21_output_array
                0x24038160       0x10 ./CM7/AI/App/network.o
 .data.conv2d_24_output_array
                0x24038170       0x10 ./CM7/AI/App/network.o
 .data.conv2d_27_output_array
                0x24038180       0x10 ./CM7/AI/App/network.o
 .data.eltwise_28_output_array
                0x24038190       0x10 ./CM7/AI/App/network.o
 .data.conv2d_31_output_array
                0x240381a0       0x10 ./CM7/AI/App/network.o
 .data.eltwise_32_output_array
                0x240381b0       0x10 ./CM7/AI/App/network.o
 .data.conv2d_35_output_array
                0x240381c0       0x10 ./CM7/AI/App/network.o
 .data.eltwise_36_output_array
                0x240381d0       0x10 ./CM7/AI/App/network.o
 .data.conv2d_39_output_array
                0x240381e0       0x10 ./CM7/AI/App/network.o
 .data.conv2d_42_output_array
                0x240381f0       0x10 ./CM7/AI/App/network.o
 .data.eltwise_43_output_array
                0x24038200       0x10 ./CM7/AI/App/network.o
 .data.conv2d_46_output_array
                0x24038210       0x10 ./CM7/AI/App/network.o
 .data.eltwise_47_output_array
                0x24038220       0x10 ./CM7/AI/App/network.o
 .data.conv2d_50_output_array
                0x24038230       0x10 ./CM7/AI/App/network.o
 .data.conv2d_53_output_array
                0x24038240       0x10 ./CM7/AI/App/network.o
 .data.eltwise_54_output_array
                0x24038250       0x10 ./CM7/AI/App/network.o
 .data.conv2d_57_output_array
                0x24038260       0x10 ./CM7/AI/App/network.o
 .data.eltwise_58_output_array
                0x24038270       0x10 ./CM7/AI/App/network.o
 .data.conv2d_62_output_array
                0x24038280       0x10 ./CM7/AI/App/network.o
 .data.pool_63_output_array
                0x24038290       0x10 ./CM7/AI/App/network.o
 .data.gemm_64_output_array
                0x240382a0       0x10 ./CM7/AI/App/network.o
 .data.gemm_64_weights_array
                0x240382b0       0x10 ./CM7/AI/App/network.o
 .data.gemm_64_bias_array
                0x240382c0       0x10 ./CM7/AI/App/network.o
 .data.gemm_64_scratch0_array
                0x240382d0       0x10 ./CM7/AI/App/network.o
 .data.__compound_literal.441
                0x240382e0       0x10 ./CM7/AI/App/network.o
 .data.__compound_literal.442
                0x240382f0       0x10 ./CM7/AI/App/network.o
 .data.conv2d_6_output
                0x24038300       0x1c ./CM7/AI/App/network.o
 .data.__compound_literal.443
                0x2403831c       0x10 ./CM7/AI/App/network.o
 .data.__compound_literal.444
                0x2403832c       0x10 ./CM7/AI/App/network.o
 .data.conv2d_9_output
                0x2403833c       0x1c ./CM7/AI/App/network.o
 .data.__compound_literal.445
                0x24038358       0x10 ./CM7/AI/App/network.o
 .data.__compound_literal.446
                0x24038368       0x10 ./CM7/AI/App/network.o
 .data.eltwise_10_output
                0x24038378       0x1c ./CM7/AI/App/network.o
 .data.__compound_literal.447
                0x24038394       0x10 ./CM7/AI/App/network.o
 .data.__compound_literal.448
                0x240383a4       0x10 ./CM7/AI/App/network.o
 .data.conv2d_13_output
                0x240383b4       0x1c ./CM7/AI/App/network.o
 .data.__compound_literal.449
                0x240383d0       0x10 ./CM7/AI/App/network.o
 .data.__compound_literal.450
                0x240383e0       0x10 ./CM7/AI/App/network.o
 .data.conv2d_16_output
                0x240383f0       0x1c ./CM7/AI/App/network.o
 .data.__compound_literal.451
                0x2403840c       0x10 ./CM7/AI/App/network.o
 .data.__compound_literal.452
                0x2403841c       0x10 ./CM7/AI/App/network.o
 .data.eltwise_17_output
                0x2403842c       0x1c ./CM7/AI/App/network.o
 .data.__compound_literal.453
                0x24038448       0x10 ./CM7/AI/App/network.o
 .data.__compound_literal.454
                0x24038458       0x10 ./CM7/AI/App/network.o
 .data.conv2d_20_output
                0x24038468       0x1c ./CM7/AI/App/network.o
 .data.__compound_literal.455
                0x24038484       0x10 ./CM7/AI/App/network.o
 .data.__compound_literal.456
                0x24038494       0x10 ./CM7/AI/App/network.o
 .data.eltwise_21_output
                0x240384a4       0x1c ./CM7/AI/App/network.o
 .data.__compound_literal.457
                0x240384c0       0x10 ./CM7/AI/App/network.o
 .data.__compound_literal.458
                0x240384d0       0x10 ./CM7/AI/App/network.o
 .data.conv2d_24_output
                0x240384e0       0x1c ./CM7/AI/App/network.o
 .data.__compound_literal.459
                0x240384fc       0x10 ./CM7/AI/App/network.o
 .data.__compound_literal.460
                0x2403850c       0x10 ./CM7/AI/App/network.o
 .data.conv2d_27_output
                0x2403851c       0x1c ./CM7/AI/App/network.o
 .data.__compound_literal.461
                0x24038538       0x10 ./CM7/AI/App/network.o
 .data.__compound_literal.462
                0x24038548       0x10 ./CM7/AI/App/network.o
 .data.eltwise_28_output
                0x24038558       0x1c ./CM7/AI/App/network.o
 .data.__compound_literal.463
                0x24038574       0x10 ./CM7/AI/App/network.o
 .data.__compound_literal.464
                0x24038584       0x10 ./CM7/AI/App/network.o
 .data.conv2d_31_output
                0x24038594       0x1c ./CM7/AI/App/network.o
 .data.__compound_literal.465
                0x240385b0       0x10 ./CM7/AI/App/network.o
 .data.__compound_literal.466
                0x240385c0       0x10 ./CM7/AI/App/network.o
 .data.eltwise_32_output
                0x240385d0       0x1c ./CM7/AI/App/network.o
 .data.__compound_literal.467
                0x240385ec       0x10 ./CM7/AI/App/network.o
 .data.__compound_literal.468
                0x240385fc       0x10 ./CM7/AI/App/network.o
 .data.conv2d_35_output
                0x2403860c       0x1c ./CM7/AI/App/network.o
 .data.__compound_literal.469
                0x24038628       0x10 ./CM7/AI/App/network.o
 .data.__compound_literal.470
                0x24038638       0x10 ./CM7/AI/App/network.o
 .data.eltwise_36_output
                0x24038648       0x1c ./CM7/AI/App/network.o
 .data.__compound_literal.471
                0x24038664       0x10 ./CM7/AI/App/network.o
 .data.__compound_literal.472
                0x24038674       0x10 ./CM7/AI/App/network.o
 .data.conv2d_39_output
                0x24038684       0x1c ./CM7/AI/App/network.o
 .data.__compound_literal.473
                0x240386a0       0x10 ./CM7/AI/App/network.o
 .data.__compound_literal.474
                0x240386b0       0x10 ./CM7/AI/App/network.o
 .data.conv2d_42_output
                0x240386c0       0x1c ./CM7/AI/App/network.o
 .data.__compound_literal.475
                0x240386dc       0x10 ./CM7/AI/App/network.o
 .data.__compound_literal.476
                0x240386ec       0x10 ./CM7/AI/App/network.o
 .data.eltwise_43_output
                0x240386fc       0x1c ./CM7/AI/App/network.o
 .data.__compound_literal.477
                0x24038718       0x10 ./CM7/AI/App/network.o
 .data.__compound_literal.478
                0x24038728       0x10 ./CM7/AI/App/network.o
 .data.conv2d_46_output
                0x24038738       0x1c ./CM7/AI/App/network.o
 .data.__compound_literal.479
                0x24038754       0x10 ./CM7/AI/App/network.o
 .data.__compound_literal.480
                0x24038764       0x10 ./CM7/AI/App/network.o
 .data.eltwise_47_output
                0x24038774       0x1c ./CM7/AI/App/network.o
 .data.__compound_literal.481
                0x24038790       0x10 ./CM7/AI/App/network.o
 .data.__compound_literal.482
                0x240387a0       0x10 ./CM7/AI/App/network.o
 .data.conv2d_50_output
                0x240387b0       0x1c ./CM7/AI/App/network.o
 .data.__compound_literal.483
                0x240387cc       0x10 ./CM7/AI/App/network.o
 .data.__compound_literal.484
                0x240387dc       0x10 ./CM7/AI/App/network.o
 .data.conv2d_53_output
                0x240387ec       0x1c ./CM7/AI/App/network.o
 .data.__compound_literal.485
                0x24038808       0x10 ./CM7/AI/App/network.o
 .data.__compound_literal.486
                0x24038818       0x10 ./CM7/AI/App/network.o
 .data.eltwise_54_output
                0x24038828       0x1c ./CM7/AI/App/network.o
 .data.__compound_literal.487
                0x24038844       0x10 ./CM7/AI/App/network.o
 .data.__compound_literal.488
                0x24038854       0x10 ./CM7/AI/App/network.o
 .data.conv2d_57_output
                0x24038864       0x1c ./CM7/AI/App/network.o
 .data.__compound_literal.489
                0x24038880       0x10 ./CM7/AI/App/network.o
 .data.__compound_literal.490
                0x24038890       0x10 ./CM7/AI/App/network.o
 .data.eltwise_58_output
                0x240388a0       0x1c ./CM7/AI/App/network.o
 .data.__compound_literal.491
                0x240388bc       0x10 ./CM7/AI/App/network.o
 .data.__compound_literal.492
                0x240388cc       0x10 ./CM7/AI/App/network.o
 .data.conv2d_62_output
                0x240388dc       0x1c ./CM7/AI/App/network.o
 .data.__compound_literal.493
                0x240388f8       0x10 ./CM7/AI/App/network.o
 .data.__compound_literal.494
                0x24038908       0x10 ./CM7/AI/App/network.o
 .data.pool_63_output
                0x24038918       0x1c ./CM7/AI/App/network.o
 .data.__compound_literal.495
                0x24038934       0x10 ./CM7/AI/App/network.o
 .data.__compound_literal.496
                0x24038944       0x10 ./CM7/AI/App/network.o
 .data.gemm_64_bias
                0x24038954       0x1c ./CM7/AI/App/network.o
 .data.__compound_literal.497
                0x24038970       0x10 ./CM7/AI/App/network.o
 .data.__compound_literal.498
                0x24038980       0x10 ./CM7/AI/App/network.o
 .data.gemm_64_output
                0x24038990       0x1c ./CM7/AI/App/network.o
 .data.__compound_literal.499
                0x240389ac       0x10 ./CM7/AI/App/network.o
 .data.__compound_literal.500
                0x240389bc       0x10 ./CM7/AI/App/network.o
 .data.gemm_64_scratch0
                0x240389cc       0x1c ./CM7/AI/App/network.o
 .data.__compound_literal.501
                0x240389e8       0x10 ./CM7/AI/App/network.o
 .data.__compound_literal.502
                0x240389f8       0x10 ./CM7/AI/App/network.o
 .data.gemm_64_weights
                0x24038a08       0x1c ./CM7/AI/App/network.o
 .data.__compound_literal.503
                0x24038a24        0x8 ./CM7/AI/App/network.o
 .data.__compound_literal.504
                0x24038a2c        0x4 ./CM7/AI/App/network.o
 .data.__compound_literal.507
                0x24038a30       0x30 ./CM7/AI/App/network.o
 .data.eltwise_10_layer
                0x24038a60       0x24 ./CM7/AI/App/network.o
 .data.__compound_literal.508
                0x24038a84        0x8 ./CM7/AI/App/network.o
 .data.__compound_literal.509
                0x24038a8c        0x4 ./CM7/AI/App/network.o
 .data.__compound_literal.512
                0x24038a90       0x30 ./CM7/AI/App/network.o
 .data.eltwise_17_layer
                0x24038ac0       0x24 ./CM7/AI/App/network.o
 .data.__compound_literal.513
                0x24038ae4        0x8 ./CM7/AI/App/network.o
 .data.__compound_literal.514
                0x24038aec        0x4 ./CM7/AI/App/network.o
 .data.__compound_literal.517
                0x24038af0       0x30 ./CM7/AI/App/network.o
 .data.eltwise_21_layer
                0x24038b20       0x24 ./CM7/AI/App/network.o
 .data.__compound_literal.518
                0x24038b44        0x8 ./CM7/AI/App/network.o
 .data.__compound_literal.519
                0x24038b4c        0x4 ./CM7/AI/App/network.o
 .data.__compound_literal.522
                0x24038b50       0x30 ./CM7/AI/App/network.o
 .data.eltwise_28_layer
                0x24038b80       0x24 ./CM7/AI/App/network.o
 .data.__compound_literal.523
                0x24038ba4        0x8 ./CM7/AI/App/network.o
 .data.__compound_literal.524
                0x24038bac        0x4 ./CM7/AI/App/network.o
 .data.__compound_literal.527
                0x24038bb0       0x30 ./CM7/AI/App/network.o
 .data.eltwise_32_layer
                0x24038be0       0x24 ./CM7/AI/App/network.o
 .data.__compound_literal.528
                0x24038c04        0x8 ./CM7/AI/App/network.o
 .data.__compound_literal.529
                0x24038c0c        0x4 ./CM7/AI/App/network.o
 .data.__compound_literal.532
                0x24038c10       0x30 ./CM7/AI/App/network.o
 .data.eltwise_36_layer
                0x24038c40       0x24 ./CM7/AI/App/network.o
 .data.__compound_literal.533
                0x24038c64        0x8 ./CM7/AI/App/network.o
 .data.__compound_literal.534
                0x24038c6c        0x4 ./CM7/AI/App/network.o
 .data.__compound_literal.537
                0x24038c70       0x30 ./CM7/AI/App/network.o
 .data.eltwise_43_layer
                0x24038ca0       0x24 ./CM7/AI/App/network.o
 .data.__compound_literal.538
                0x24038cc4        0x8 ./CM7/AI/App/network.o
 .data.__compound_literal.539
                0x24038ccc        0x4 ./CM7/AI/App/network.o
 .data.__compound_literal.542
                0x24038cd0       0x30 ./CM7/AI/App/network.o
 .data.eltwise_47_layer
                0x24038d00       0x24 ./CM7/AI/App/network.o
 .data.__compound_literal.543
                0x24038d24        0x8 ./CM7/AI/App/network.o
 .data.__compound_literal.544
                0x24038d2c        0x4 ./CM7/AI/App/network.o
 .data.__compound_literal.547
                0x24038d30       0x30 ./CM7/AI/App/network.o
 .data.eltwise_54_layer
                0x24038d60       0x24 ./CM7/AI/App/network.o
 .data.__compound_literal.548
                0x24038d84        0x8 ./CM7/AI/App/network.o
 .data.__compound_literal.549
                0x24038d8c        0x4 ./CM7/AI/App/network.o
 .data.__compound_literal.552
                0x24038d90       0x30 ./CM7/AI/App/network.o
 .data.eltwise_58_layer
                0x24038dc0       0x24 ./CM7/AI/App/network.o
 .data.__compound_literal.553
                0x24038de4        0x4 ./CM7/AI/App/network.o
 .data.__compound_literal.554
                0x24038de8        0x4 ./CM7/AI/App/network.o
 .data.__compound_literal.557
                0x24038dec       0x30 ./CM7/AI/App/network.o
 .data.pool_63_layer
                0x24038e1c       0x38 ./CM7/AI/App/network.o
 .data.__compound_literal.559
                0x24038e54        0x4 ./CM7/AI/App/network.o
 .data.__compound_literal.560
                0x24038e58        0x4 ./CM7/AI/App/network.o
 .data.__compound_literal.561
                0x24038e5c        0x8 ./CM7/AI/App/network.o
 .data.__compound_literal.562
                0x24038e64        0x4 ./CM7/AI/App/network.o
 .data.__compound_literal.563
                0x24038e68       0x30 ./CM7/AI/App/network.o
 .data.gemm_64_layer
                0x24038e98       0x20 ./CM7/AI/App/network.o
 .data.SystemCoreClock
                0x24038eb8        0x4 ./Drivers/CMSIS/system_stm32h7xx_dualcore_boot_cm4_cm7.o
                0x24038eb8                SystemCoreClock
 .data.SystemD2Clock
                0x24038ebc        0x4 ./Drivers/CMSIS/system_stm32h7xx_dualcore_boot_cm4_cm7.o
                0x24038ebc                SystemD2Clock
 .data.uwTickPrio
                0x24038ec0        0x4 ./Drivers/STM32H7xx_HAL_Driver/stm32h7xx_hal.o
                0x24038ec0                uwTickPrio
 .data.uwTickFreq
                0x24038ec4        0x1 ./Drivers/STM32H7xx_HAL_Driver/stm32h7xx_hal.o
                0x24038ec4                uwTickFreq
 .data._ioWriteAllowed
                0x24038ec5        0x1 ./Middlewares/ST/AI/Misc/Src/aiTestUtility.o
 *(.RamFunc)
 *(.RamFunc*)
                0x24038ec8                        . = ALIGN (0x4)
 *fill*         0x24038ec6        0x2 
                0x24038ec8                        _edata = .

.igot.plt       0x24038ec8        0x0 load address 0x08084420
 .igot.plt      0x24038ec8        0x0 C:/ST/STM32CubeIDE_2.1.1/STM32CubeIDE/plugins/com.st.stm32cube.ide.mcu.externaltools.gnu-tools-for-stm32.14.3.rel1.win32_1.0.100.202602081740/tools/bin/../lib/gcc/arm-none-eabi/14.3.1/thumb/v7e-m+dp/hard/crtbegin.o
                0x24038ec8                        . = ALIGN (0x4)

.bss            0x24038ec8    0x38468 load address 0x08084420
                0x24038ec8                        _sbss = .
                0x24038ec8                        __bss_start__ = _sbss
 *(.bss)
 .bss           0x24038ec8       0x1c C:/ST/STM32CubeIDE_2.1.1/STM32CubeIDE/plugins/com.st.stm32cube.ide.mcu.externaltools.gnu-tools-for-stm32.14.3.rel1.win32_1.0.100.202602081740/tools/bin/../lib/gcc/arm-none-eabi/14.3.1/thumb/v7e-m+dp/hard/crtbegin.o
 *(.bss*)
 .bss.huart3    0x24038ee4       0x94 ./Application/User/Core/main.o
                0x24038ee4                huart3
 .bss.network_context
                0x24038f78       0x38 ./CM7/AI/App/app_x-cube-ai.o
                0x24038f78                network_context
 .bss.mie_predizioni
                0x24038fb0        0xc ./CM7/AI/App/app_x-cube-ai.o
                0x24038fb0                mie_predizioni
 .bss.in_length
                0x24038fbc        0x4 ./CM7/AI/App/app_x-cube-ai.o
 .bss.out_length
                0x24038fc0        0x4 ./CM7/AI/App/app_x-cube-ai.o
 .bss.stai_input
                0x24038fc4        0x4 ./CM7/AI/App/app_x-cube-ai.o
 .bss.stai_output
                0x24038fc8        0x4 ./CM7/AI/App/app_x-cube-ai.o
 .bss.inference_nb.1
                0x24038fcc        0x4 ./CM7/AI/App/app_x-cube-ai.o
 .bss.total_cycles.0
                0x24038fd0        0x4 ./CM7/AI/App/app_x-cube-ai.o
 .bss.g_network_activations_1
                0x24038fd4      0x2e4 ./CM7/AI/App/network.o
 .bss.g_network_activations_2
                0x240392b8    0x38000 ./CM7/AI/App/network.o
 .bss.__compound_literal.505
                0x240712b8        0x4 ./CM7/AI/App/network.o
 .bss.__compound_literal.506
                0x240712bc        0x4 ./CM7/AI/App/network.o
 .bss.__compound_literal.510
                0x240712c0        0x4 ./CM7/AI/App/network.o
 .bss.__compound_literal.511
                0x240712c4        0x4 ./CM7/AI/App/network.o
 .bss.__compound_literal.515
                0x240712c8        0x4 ./CM7/AI/App/network.o
 .bss.__compound_literal.516
                0x240712cc        0x4 ./CM7/AI/App/network.o
 .bss.__compound_literal.520
                0x240712d0        0x4 ./CM7/AI/App/network.o
 .bss.__compound_literal.521
                0x240712d4        0x4 ./CM7/AI/App/network.o
 .bss.__compound_literal.525
                0x240712d8        0x4 ./CM7/AI/App/network.o
 .bss.__compound_literal.526
                0x240712dc        0x4 ./CM7/AI/App/network.o
 .bss.__compound_literal.530
                0x240712e0        0x4 ./CM7/AI/App/network.o
 .bss.__compound_literal.531
                0x240712e4        0x4 ./CM7/AI/App/network.o
 .bss.__compound_literal.535
                0x240712e8        0x4 ./CM7/AI/App/network.o
 .bss.__compound_literal.536
                0x240712ec        0x4 ./CM7/AI/App/network.o
 .bss.__compound_literal.540
                0x240712f0        0x4 ./CM7/AI/App/network.o
 .bss.__compound_literal.541
                0x240712f4        0x4 ./CM7/AI/App/network.o
 .bss.__compound_literal.545
                0x240712f8        0x4 ./CM7/AI/App/network.o
 .bss.__compound_literal.546
                0x240712fc        0x4 ./CM7/AI/App/network.o
 .bss.__compound_literal.550
                0x24071300        0x4 ./CM7/AI/App/network.o
 .bss.__compound_literal.551
                0x24071304        0x4 ./CM7/AI/App/network.o
 .bss.__compound_literal.555
                0x24071308        0x4 ./CM7/AI/App/network.o
 .bss.__compound_literal.556
                0x2407130c        0x4 ./CM7/AI/App/network.o
 .bss.__compound_literal.558
                0x24071310       0x10 ./CM7/AI/App/network.o
 .bss.uwTick    0x24071320        0x4 ./Drivers/STM32H7xx_HAL_Driver/stm32h7xx_hal.o
                0x24071320                uwTick
 .bss.cyclesCount
                0x24071324        0xc ./Middlewares/ST/AI/Misc/Src/aiTestUtility.o
                0x24071324                cyclesCount
 *(COMMON)
                0x24071330                        . = ALIGN (0x4)
                0x24071330                        _ebss = .
                0x24071330                        __bss_end__ = _ebss

._user_heap_stack
                0x24071330     0x2800 load address 0x08084420
                0x24071330                        . = ALIGN (0x8)
                [!provide]                        PROVIDE (end = .)
                0x24071330                        PROVIDE (_end = .)
                0x24071b30                        . = (. + _Min_Heap_Size)
 *fill*         0x24071330      0x800 
                0x24073b30                        . = (. + _Min_Stack_Size)
 *fill*         0x24071b30     0x2000 
                0x24073b30                        . = ALIGN (0x8)

/DISCARD/
 libc.a(*)
 libm.a(*)
 libgcc.a(*)

.ARM.attributes
                0x00000000       0x2e
 *(.ARM.attributes)
 .ARM.attributes
                0x00000000       0x20 C:/ST/STM32CubeIDE_2.1.1/STM32CubeIDE/plugins/com.st.stm32cube.ide.mcu.externaltools.gnu-tools-for-stm32.14.3.rel1.win32_1.0.100.202602081740/tools/bin/../lib/gcc/arm-none-eabi/14.3.1/thumb/v7e-m+dp/hard/crti.o
 .ARM.attributes
                0x00000020       0x32 C:/ST/STM32CubeIDE_2.1.1/STM32CubeIDE/plugins/com.st.stm32cube.ide.mcu.externaltools.gnu-tools-for-stm32.14.3.rel1.win32_1.0.100.202602081740/tools/bin/../lib/gcc/arm-none-eabi/14.3.1/thumb/v7e-m+dp/hard/crtbegin.o
 .ARM.attributes
                0x00000052       0x32 ./Application/User/Core/main.o
 .ARM.attributes
                0x00000084       0x32 ./Application/User/Core/stm32h7xx_hal_msp.o
 .ARM.attributes