Archive member included to satisfy reference by file (symbol)

C:\ST\STEdgeAI\4.0\Middlewares\ST\AI\Lib\GCC\STM32H7\NetworkRuntime1200_CM7_GCC.a(layers_conv2d_stm32_integer.o)
                              network.o (forward_dense_integer_SSSA_ch)
C:\ST\STEdgeAI\4.0\Middlewares\ST\AI\Lib\GCC\STM32H7\NetworkRuntime1200_CM7_GCC.a(layers_pool_stm32_integer.o)
                              network.o (forward_ap_integer_INT8)
C:\ST\STEdgeAI\4.0\Middlewares\ST\AI\Lib\GCC\STM32H7\NetworkRuntime1200_CM7_GCC.a(layers_stm32_integer.o)
                              network.o (forward_eltwise_integer_INT8)
C:\ST\STEdgeAI\4.0\Middlewares\ST\AI\Lib\GCC\STM32H7\NetworkRuntime1200_CM7_GCC.a(forward_lite_convert.o)
                              network.o (forward_lite_node_convert_integer_is8of32)
C:\ST\STEdgeAI\4.0\Middlewares\ST\AI\Lib\GCC\STM32H7\NetworkRuntime1200_CM7_GCC.a(forward_lite_dense_is8os8ws8_ch.o)
                              C:\ST\STEdgeAI\4.0\Middlewares\ST\AI\Lib\GCC\STM32H7\NetworkRuntime1200_CM7_GCC.a(layers_conv2d_stm32_integer.o) (forward_lite_dense_is8os8ws8_ch)
C:\ST\STEdgeAI\4.0\Middlewares\ST\AI\Lib\GCC\STM32H7\NetworkRuntime1200_CM7_GCC.a(forward_lite_dense_is8os8ws8.o)
                              C:\ST\STEdgeAI\4.0\Middlewares\ST\AI\Lib\GCC\STM32H7\NetworkRuntime1200_CM7_GCC.a(layers_conv2d_stm32_integer.o) (forward_lite_dense_is8os8ws8)
C:\ST\STEdgeAI\4.0\Middlewares\ST\AI\Lib\GCC\STM32H7\NetworkRuntime1200_CM7_GCC.a(forward_lite_maxpool_is8os8_scalepos.o)
                              C:\ST\STEdgeAI\4.0\Middlewares\ST\AI\Lib\GCC\STM32H7\NetworkRuntime1200_CM7_GCC.a(layers_pool_stm32_integer.o) (forward_lite_maxpool_is8os8_scalepos)
C:\ST\STEdgeAI\4.0\Middlewares\ST\AI\Lib\GCC\STM32H7\NetworkRuntime1200_CM7_GCC.a(forward_lite_avepool_is8os8.o)
                              C:\ST\STEdgeAI\4.0\Middlewares\ST\AI\Lib\GCC\STM32H7\NetworkRuntime1200_CM7_GCC.a(layers_pool_stm32_integer.o) (forward_lite_avepool_is8os8)
C:\ST\STEdgeAI\4.0\Middlewares\ST\AI\Lib\GCC\STM32H7\NetworkRuntime1200_CM7_GCC.a(forward_lite_dw_sssa8_ch.o)
                              network.o (forward_lite_dw_3x3_sssa8_ch)
C:\ST\STEdgeAI\4.0\Middlewares\ST\AI\Lib\GCC\STM32H7\NetworkRuntime1200_CM7_GCC.a(forward_lite_pw_sssa8_ch.o)
                              network.o (forward_lite_pw_sssa8_ch)
C:\ST\STEdgeAI\4.0\Middlewares\ST\AI\Lib\GCC\STM32H7\NetworkRuntime1200_CM7_GCC.a(forward_lite_conv2d_sssa8_ch.o)
                              network.o (forward_lite_conv2d_rgb_sssa8_ch)
C:\ST\STEdgeAI\4.0\Middlewares\ST\AI\Lib\GCC\STM32H7\NetworkRuntime1200_CM7_GCC.a(lite_convert_kernel.o)
                              C:\ST\STEdgeAI\4.0\Middlewares\ST\AI\Lib\GCC\STM32H7\NetworkRuntime1200_CM7_GCC.a(forward_lite_convert.o) (lite_convert_is8of32)
C:\ST\STEdgeAI\4.0\Middlewares\ST\AI\Lib\GCC\STM32H7\NetworkRuntime1200_CM7_GCC.a(forward_lite_maxpool_is16os16.o)
                              C:\ST\STEdgeAI\4.0\Middlewares\ST\AI\Lib\GCC\STM32H7\NetworkRuntime1200_CM7_GCC.a(layers_pool_stm32_integer.o) (forward_lite_maxpool_is16os16_scalepos)
C:\ST\STEdgeAI\4.0\Middlewares\ST\AI\Lib\GCC\STM32H7\NetworkRuntime1200_CM7_GCC.a(forward_lite_maxpool_is8os8.o)
                              C:\ST\STEdgeAI\4.0\Middlewares\ST\AI\Lib\GCC\STM32H7\NetworkRuntime1200_CM7_GCC.a(layers_pool_stm32_integer.o) (forward_lite_maxpool_is8os8_scaleneg)
C:\ST\STEdgeAI\4.0\Middlewares\ST\AI\Lib\GCC\STM32H7\NetworkRuntime1200_CM7_GCC.a(forward_lite_maxpool_iu16ou16.o)
                              C:\ST\STEdgeAI\4.0\Middlewares\ST\AI\Lib\GCC\STM32H7\NetworkRuntime1200_CM7_GCC.a(layers_pool_stm32_integer.o) (forward_lite_maxpool_iu16ou16_scalepos)
C:\ST\STEdgeAI\4.0\Middlewares\ST\AI\Lib\GCC\STM32H7\NetworkRuntime1200_CM7_GCC.a(forward_lite_maxpool_iu8ou8.o)
                              C:\ST\STEdgeAI\4.0\Middlewares\ST\AI\Lib\GCC\STM32H7\NetworkRuntime1200_CM7_GCC.a(layers_pool_stm32_integer.o) (forward_lite_maxpool_iu8ou8_scalepos)
C:\ST\STEdgeAI\4.0\Middlewares\ST\AI\Lib\GCC\STM32H7\NetworkRuntime1200_CM7_GCC.a(lite_nl_generic_integer.o)
                              network.o (forward_lite_nl_softmax_is8os8)
C:\ST\STEdgeAI\4.0\Middlewares\ST\AI\Lib\GCC\STM32H7\NetworkRuntime1200_CM7_GCC.a(forward_lite_pad_generic.o)
                              network.o (forward_lite_pad_constant)
C:\ST\STEdgeAI\4.0\Middlewares\ST\AI\Lib\GCC\STM32H7\NetworkRuntime1200_CM7_GCC.a(st_align_factor.o)
                              C:\ST\STEdgeAI\4.0\Middlewares\ST\AI\Lib\GCC\STM32H7\NetworkRuntime1200_CM7_GCC.a(layers_conv2d_stm32_integer.o) (align_factor)
C:\ST\STEdgeAI\4.0\Middlewares\ST\AI\Lib\GCC\STM32H7\NetworkRuntime1200_CM7_GCC.a(st_int8_to16_no_shift.o)
                              C:\ST\STEdgeAI\4.0\Middlewares\ST\AI\Lib\GCC\STM32H7\NetworkRuntime1200_CM7_GCC.a(forward_lite_conv2d_sssa8_ch.o) (st_int8_to16_no_shift)
C:\ST\STEdgeAI\4.0\Middlewares\ST\AI\Lib\GCC\STM32H7\NetworkRuntime1200_CM7_GCC.a(st_padding_opt.o)
[...]
Memory Configuration

Name             Origin             Length             Attributes
RAM              0x20000000         0x02000000         xrw
FLASH            0x08000000         0x02000000         xr
*default*        0x00000000         0xffffffff

Linker script and memory map

LOAD C:/ST/STM32CubeIDE_2.1.1/STM32CubeIDE/plugins/com.st.stm32cube.ide.mcu.externaltools.gnu-tools-for-stm32.14.3.rel1.win32_1.0.100.202602081740/tools/bin/../lib/gcc/arm-none-eabi/14.3.1/thumb/v7e-m+dp/hard/crti.o
LOAD C:/ST/STM32CubeIDE_2.1.1/STM32CubeIDE/plugins/com.st.stm32cube.ide.mcu.externaltools.gnu-tools-for-stm32.14.3.rel1.win32_1.0.100.202602081740/tools/bin/../lib/gcc/arm-none-eabi/14.3.1/thumb/v7e-m+dp/hard/crtbegin.o
LOAD C:/ST/STM32CubeIDE_2.1.1/STM32CubeIDE/plugins/com.st.stm32cube.ide.mcu.externaltools.gnu-tools-for-stm32.14.3.rel1.win32_1.0.100.202602081740/tools/bin/../lib/gcc/arm-none-eabi/14.3.1/../../../../arm-none-eabi/lib/thumb/v7e-m+dp/hard/crt0.o
START GROUP
LOAD C:/ST/STM32CubeIDE_2.1.1/STM32CubeIDE/plugins/com.st.stm32cube.ide.mcu.externaltools.gnu-tools-for-stm32.14.3.rel1.win32_1.0.100.202602081740/tools/bin/../lib/gcc/arm-none-eabi/14.3.1/../../../../arm-none-eabi/lib/thumb/v7e-m+dp/hard\libm.a
END GROUP
LOAD network.o
LOAD network_data.o
LOAD startup_stm32xx.o
LOAD stedgeai_app_main.o
LOAD syscalls.o
LOAD sysmem.o
LOAD C:\ST\STEdgeAI\4.0\Middlewares\ST\AI\Lib\GCC\STM32H7\NetworkRuntime1200_CM7_GCC.a
START GROUP
LOAD C:/ST/STM32CubeIDE_2.1.1/STM32CubeIDE/plugins/com.st.stm32cube.ide.mcu.externaltools.gnu-tools-for-stm32.14.3.rel1.win32_1.0.100.202602081740/tools/bin/../lib/gcc/arm-none-eabi/14.3.1/thumb/v7e-m+dp/hard\libgcc.a
LOAD C:/ST/STM32CubeIDE_2.1.1/STM32CubeIDE/plugins/com.st.stm32cube.ide.mcu.externaltools.gnu-tools-for-stm32.14.3.rel1.win32_1.0.100.202602081740/tools/bin/../lib/gcc/arm-none-eabi/14.3.1/../../../../arm-none-eabi/lib/thumb/v7e-m+dp/hard\libc_nano.a
END GROUP
START GROUP
LOAD C:/ST/STM32CubeIDE_2.1.1/STM32CubeIDE/plugins/com.st.stm32cube.ide.mcu.externaltools.gnu-tools-for-stm32.14.3.rel1.win32_1.0.100.202602081740/tools/bin/../lib/gcc/arm-none-eabi/14.3.1/thumb/v7e-m+dp/hard\libgcc.a
LOAD C:/ST/STM32CubeIDE_2.1.1/STM32CubeIDE/plugins/com.st.stm32cube.ide.mcu.externaltools.gnu-tools-for-stm32.14.3.rel1.win32_1.0.100.202602081740/tools/bin/../lib/gcc/arm-none-eabi/14.3.1/../../../../arm-none-eabi/lib/thumb/v7e-m+dp/hard\libc_nano.a
END GROUP
LOAD C:/ST/STM32CubeIDE_2.1.1/STM32CubeIDE/plugins/com.st.stm32cube.ide.mcu.externaltools.gnu-tools-for-stm32.14.3.rel1.win32_1.0.100.202602081740/tools/bin/../lib/gcc/arm-none-eabi/14.3.1/thumb/v7e-m+dp/hard/crtend.o
LOAD C:/ST/STM32CubeIDE_2.1.1/STM32CubeIDE/plugins/com.st.stm32cube.ide.mcu.externaltools.gnu-tools-for-stm32.14.3.rel1.win32_1.0.100.202602081740/tools/bin/../lib/gcc/arm-none-eabi/14.3.1/thumb/v7e-m+dp/hard/crtn.o
                0x21000000                        _estack = 0x21000000
                0x00002000                        _Min_Heap_Size = 0x2000
                0x00001000                        _Min_Stack_Size = 0x1000

.isr_vector     0x08000000       0x40
                0x08000000                        . = ALIGN (0x4)
 *(.isr_vector)
 .isr_vector    0x08000000       0x40 startup_stm32xx.o
                0x08000000                g_pfnVectors
                0x08000040                        . = ALIGN (0x4)

.text           0x08000040     0x83f0
                0x08000040                        . = ALIGN (0x4)
 *(.text)
 .text          0x08000040       0x40 C:/ST/STM32CubeIDE_2.1.1/STM32CubeIDE/plugins/com.st.stm32cube.ide.mcu.externaltools.gnu-tools-for-stm32.14.3.rel1.win32_1.0.100.202602081740/tools/bin/../lib/gcc/arm-none-eabi/14.3.1/thumb/v7e-m+dp/hard/crtbegin.o
 *(.text*)
 .text._stai_network_check
                0x08000080       0x42 network.o
 *fill*         0x080000c2        0x2 
 .text.stai_network_init
                0x080000c4       0x3c network.o
                0x080000c4                stai_network_init
 .text.forward_lite_eltwise_integer_INT8_eltwise_10
                0x08000100       0x94 network.o
                0x08000100                forward_lite_eltwise_integer_INT8_eltwise_10
 .text.forward_lite_eltwise_integer_INT8_eltwise_17
                0x08000194       0x90 network.o
                0x08000194                forward_lite_eltwise_integer_INT8_eltwise_17
 .text.forward_lite_eltwise_integer_INT8_eltwise_21
                0x08000224       0x90 network.o
                0x08000224                forward_lite_eltwise_integer_INT8_eltwise_21
 .text.forward_lite_eltwise_integer_INT8_eltwise_28
                0x080002b4       0x90 network.o
                0x080002b4                forward_lite_eltwise_integer_INT8_eltwise_28
 .text.forward_lite_eltwise_integer_INT8_eltwise_32
                0x08000344       0x90 network.o
                0x08000344                forward_lite_eltwise_integer_INT8_eltwise_32
 .text.forward_lite_eltwise_integer_INT8_eltwise_36
                0x080003d4       0x90 network.o
                0x080003d4                forward_lite_eltwise_integer_INT8_eltwise_36
 .text.forward_lite_eltwise_integer_INT8_eltwise_43
                0x08000464       0x90 network.o
                0x08000464                forward_lite_eltwise_integer_INT8_eltwise_43
 .text.forward_lite_eltwise_integer_INT8_eltwise_47
                0x080004f4       0x90 network.o
                0x080004f4                forward_lite_eltwise_integer_INT8_eltwise_47
 .text.forward_lite_eltwise_integer_INT8_eltwise_54
                0x08000584       0x90 network.o
                0x08000584                forward_lite_eltwise_integer_INT8_eltwise_54
 .text.forward_lite_eltwise_integer_INT8_eltwise_58
                0x08000614       0x90 network.o
                0x08000614                forward_lite_eltwise_integer_INT8_eltwise_58
 .text.forward_lite_ap_integer_INT8_pool_63
                0x080006a4       0x74 network.o
                0x080006a4                forward_lite_ap_integer_INT8_pool_63
 .text.forward_lite_dense_integer_SSSA_ch_gemm_64
                0x08000718       0xa4 network.o
                0x08000718                forward_lite_dense_integer_SSSA_ch_gemm_64
 .text.stai_network_run
                0x080007bc     0x2794 network.o
                0x080007bc                stai_network_run
 .text.stai_network_get_activations
                0x08002f50       0x54 network.o
                0x08002f50                stai_network_get_activations
 .text.stai_network_get_inputs
                0x08002fa4       0x4c network.o
                0x08002fa4                stai_network_get_inputs
 .text.stai_network_get_outputs
                0x08002ff0       0x4c network.o
                0x08002ff0                stai_network_get_outputs
 .text.Reset_Handler
                0x0800303c       0x50 startup_stm32xx.o
                0x0800303c                Reset_Handler
 .text.Default_Handler
                0x0800308c        0x2 startup_stm32xx.o
                0x0800308c                DebugMon_Handler
                0x0800308c                HardFault_Handler
                0x0800308c                SysTick_Handler
                0x0800308c                PendSV_Handler
                0x0800308c                NMI_Handler
                0x0800308c                UsageFault_Handler
                0x0800308c                Default_Handler
                0x0800308c                MemManage_Handler
                0x0800308c                SVC_Handler
                0x0800308c                BusFault_Handler
 *fill*         0x0800308e        0x2 
 .text.aiInit   0x08003090       0x3c stedgeai_app_main.o
                0x08003090                aiInit
 .text.aiRun    0x080030cc        0xc stedgeai_app_main.o
                0x080030cc                aiRun
 .text.main_loop
                0x080030d8        0xc stedgeai_app_main.o
                0x080030d8                main_loop
 .text.SystemInit
                0x080030e4        0x2 stedgeai_app_main.o
                0x080030e4                SystemInit
 .text.startup.main
                0x080030e6        0x6 stedgeai_app_main.o
                0x080030e6                main
 .text.forward_dense_integer_SSSA_ch
                0x080030ec      0x1b8 C:\ST\STEdgeAI\4.0\Middlewares\ST\AI\Lib\GCC\STM32H7\NetworkRuntime1200_CM7_GCC.a(layers_conv2d_stm32_integer.o)
                0x080030ec                forward_dense_integer_SSSA_ch
 .text.forward_ap_integer_INT8
                0x080032a4      0x1bc C:\ST\STEdgeAI\4.0\Middlewares\ST\AI\Lib\GCC\STM32H7\NetworkRuntime1200_CM7_GCC.a(layers_pool_stm32_integer.o)
                0x080032a4                forward_ap_integer_INT8
 .text.forward_eltwise_integer_INT8
                0x08003460      0x3d4 C:\ST\STEdgeAI\4.0\Middlewares\ST\AI\Lib\GCC\STM32H7\NetworkRuntime1200_CM7_GCC.a(layers_stm32_integer.o)
                0x08003460                forward_eltwise_integer_INT8
 .text.forward_lite_node_convert_integer_is8of32
                0x08003834        0x4 C:\ST\STEdgeAI\4.0\Middlewares\ST\AI\Lib\GCC\STM32H7\NetworkRuntime1200_CM7_GCC.a(forward_lite_convert.o)
                0x08003834                forward_lite_node_convert_integer_is8of32
 .text.forward_lite_node_convert_integer_iu8os8
                0x08003838       0x3c C:\ST\STEdgeAI\4.0\Middlewares\ST\AI\Lib\GCC\STM32H7\NetworkRuntime1200_CM7_GCC.a(forward_lite_convert.o)
                0x08003838                forward_lite_node_convert_integer_iu8os8
 .text.forward_lite_dense_is8os8ws8_ch
                0x08003874       0x7c C:\ST\STEdgeAI\4.0\Middlewares\ST\AI\Lib\GCC\STM32H7\NetworkRuntime1200_CM7_GCC.a(forward_lite_dense_is8os8ws8_ch.o)
                0x08003874                forward_lite_dense_is8os8ws8_ch
 .text.forward_lite_avepool_is8os8
                0x080038f0       0x4c C:\ST\STEdgeAI\4.0\Middlewares\ST\AI\Lib\GCC\STM32H7\NetworkRuntime1200_CM7_GCC.a(forward_lite_avepool_is8os8.o)
                0x080038f0                forward_lite_avepool_is8os8
 .text.forward_lite_dw_3x3_sssa8_ch
                0x0800393c      0xb20 C:\ST\STEdgeAI\4.0\Middlewares\ST\AI\Lib\GCC\STM32H7\NetworkRuntime1200_CM7_GCC.a(forward_lite_dw_sssa8_ch.o)
                0x0800393c                forward_lite_dw_3x3_sssa8_ch
 .text.forward_lite_pw_sssa8_ch
                0x0800445c      0x478 C:\ST\STEdgeAI\4.0\Middlewares\ST\AI\Lib\GCC\STM32H7\NetworkRuntime1200_CM7_GCC.a(forward_lite_pw_sssa8_ch.o)
                0x0800445c                forward_lite_pw_sssa8_ch
 .text.forward_lite_conv2d_rgb_sssa8_ch
                0x080048d4      0x4ec C:\ST\STEdgeAI\4.0\Middlewares\ST\AI\Lib\GCC\STM32H7\NetworkRuntime1200_CM7_GCC.a(forward_lite_conv2d_sssa8_ch.o)
                0x080048d4                forward_lite_conv2d_rgb_sssa8_ch
 .text.lite_convert_is8of32
                0x08004dc0       0x24 C:\ST\STEdgeAI\4.0\Middlewares\ST\AI\Lib\GCC\STM32H7\NetworkRuntime1200_CM7_GCC.a(lite_convert_kernel.o)
                0x08004dc0                lite_convert_is8of32
 .text.lite_convert_iu8os8
                0x08004de4       0x80 C:\ST\STEdgeAI\4.0\Middlewares\ST\AI\Lib\GCC\STM32H7\NetworkRuntime1200_CM7_GCC.a(lite_convert_kernel.o)
                0x08004de4                lite_convert_iu8os8
 .text.lite_convert_iu8os8_fast
                0x08004e64       0x70 C:\ST\STEdgeAI\4.0\Middlewares\ST\AI\Lib\GCC\STM32H7\NetworkRuntime1200_CM7_GCC.a(lite_convert_kernel.o)
                0x08004e64                lite_convert_iu8os8_fast
 .text.forward_lite_nl_softmax_is8os8
                0x08004ed4       0x14 C:\ST\STEdgeAI\4.0\Middlewares\ST\AI\Lib\GCC\STM32H7\NetworkRuntime1200_CM7_GCC.a(lite_nl_generic_integer.o)
                0x08004ed4                forward_lite_nl_softmax_is8os8
 .text.forward_lite_pad_constant
                0x08004ee8      0x138 C:\ST\STEdgeAI\4.0\Middlewares\ST\AI\Lib\GCC\STM32H7\NetworkRuntime1200_CM7_GCC.a(forward_lite_pad_generic.o)
                0x08004ee8                forward_lite_pad_constant
 .text.align_factor_ch
                0x08005020       0x60 C:\ST\STEdgeAI\4.0\Middlewares\ST\AI\Lib\GCC\STM32H7\NetworkRuntime1200_CM7_GCC.a(st_align_factor.o)
                0x08005020                align_factor_ch
 .text.st_int8_to16_dual
                0x08005080      0x1d4 C:\ST\STEdgeAI\4.0\Middlewares\ST\AI\Lib\GCC\STM32H7\NetworkRuntime1200_CM7_GCC.a(st_int8_to16_no_shift.o)
                0x08005080                st_int8_to16_dual
 .text.ai_padding_opt_init
                0x08005254       0xb4 C:\ST\STEdgeAI\4.0\Middlewares\ST\AI\Lib\GCC\STM32H7\NetworkRuntime1200_CM7_GCC.a(st_padding_opt.o)
                0x08005254                ai_padding_opt_init
 .text.ai_padding_opt_phase1
                0x08005308       0x34 C:\ST\STEdgeAI\4.0\Middlewares\ST\AI\Lib\GCC\STM32H7\NetworkRuntime1200_CM7_GCC.a(st_padding_opt.o)
                0x08005308                ai_padding_opt_phase1
 .text.st_int8_avepool
                0x0800533c      0x214 C:\ST\STEdgeAI\4.0\Middlewares\ST\AI\Lib\GCC\STM32H7\NetworkRuntime1200_CM7_GCC.a(st_int8_pool.o)
                0x0800533c                st_int8_avepool
 .text.st_sssa8_ch_convolve_rank1upd
                0x08005550      0x128 C:\ST\STEdgeAI\4.0\Middlewares\ST\AI\Lib\GCC\STM32H7\NetworkRuntime1200_CM7_GCC.a(st_sssa8_ch_convolve.o)
                0x08005550                st_sssa8_ch_convolve_rank1upd
 .text.st_sssa8_ch_fully_connected
                0x08005678      0x518 C:\ST\STEdgeAI\4.0\Middlewares\ST\AI\Lib\GCC\STM32H7\NetworkRuntime1200_CM7_GCC.a(st_sssa8_ch_dense.o)
                0x08005678                st_sssa8_ch_fully_connected
 .text.st_int8_copy
                0x08005b90      0x138 C:\ST\STEdgeAI\4.0\Middlewares\ST\AI\Lib\GCC\STM32H7\NetworkRuntime1200_CM7_GCC.a(st_int8_fill.o)
                0x08005b90                st_int8_copy
 .text.st_int8_fill
                0x08005cc8       0x80 C:\ST\STEdgeAI\4.0\Middlewares\ST\AI\Lib\GCC\STM32H7\NetworkRuntime1200_CM7_GCC.a(st_int8_fill.o)
                0x08005cc8                st_int8_fill
 .text.st_int8_reordered_no_shift_zero
                0x08005d48       0x6c C:\ST\STEdgeAI\4.0\Middlewares\ST\AI\Lib\GCC\STM32H7\NetworkRuntime1200_CM7_GCC.a(st_int8_reordered_no_shift.o)
                0x08005d48                st_int8_reordered_no_shift_zero
 .text.st_sssa8_ch_nn_mat_mult_kernel_single_opt
                0x08005db4      0x370 C:\ST\STEdgeAI\4.0\Middlewares\ST\AI\Lib\GCC\STM32H7\NetworkRuntime1200_CM7_GCC.a(st_sssa8_ch_nn_mat_mult_kernel_single_opt.o)
                0x08005db4                st_sssa8_ch_nn_mat_mult_kernel_single_opt
 .text.weights_2channels_prefetch
                0x08006124      0x228 C:\ST\STEdgeAI\4.0\Middlewares\ST\AI\Lib\GCC\STM32H7\NetworkRuntime1200_CM7_GCC.a(st_sssa8_ch_nn_mat_mult_nt_t.o)
                0x08006124                weights_2channels_prefetch
 .text.st_sssa8_ch_fullW_prefetch
                0x0800634c       0x74 C:\ST\STEdgeAI\4.0\Middlewares\ST\AI\Lib\GCC\STM32H7\NetworkRuntime1200_CM7_GCC.a(st_sssa8_ch_nn_mat_mult_nt_t.o)
                0x0800634c                st_sssa8_ch_fullW_prefetch
 .text.st_sssa8_ch_nn_mat_mult_kernel_opt
                0x080063c0      0x33c C:\ST\STEdgeAI\4.0\Middlewares\ST\AI\Lib\GCC\STM32H7\NetworkRuntime1200_CM7_GCC.a(st_sssa8_ch_nn_mat_mult_kernel_opt.o)
                0x080063c0                st_sssa8_ch_nn_mat_mult_kernel_opt
 *fill*         0x080066fc        0x4 
 .text.st_sssa8_ch_nn_mat_mult_pw_nt_t
                0x08006700      0x760 C:\ST\STEdgeAI\4.0\Middlewares\ST\AI\Lib\GCC\STM32H7\NetworkRuntime1200_CM7_GCC.a(st_sssa8_ch_nn_mat_mult_pw_nt_t.o)
                0x08006700                st_sssa8_ch_nn_mat_mult_pw_nt_t
 .text.st_sssa8_ch_nn_mat_mult_pw_nt_t_KWS
                0x08006e60      0x350 C:\ST\STEdgeAI\4.0\Middlewares\ST\AI\Lib\GCC\STM32H7\NetworkRuntime1200_CM7_GCC.a(st_sssa8_ch_nn_mat_mult_pw_nt_t.o)
                0x08006e60                st_sssa8_ch_nn_mat_mult_pw_nt_t_KWS
 .text.ai_sum_f32
                0x080071b0       0x14 C:\ST\STEdgeAI\4.0\Middlewares\ST\AI\Lib\GCC\STM32H7\NetworkRuntime1200_CM7_GCC.a(ai_math_helpers.o)
                0x080071b0                ai_sum_f32
 .text.ai_sum_buffer_INT8
                0x080071c4      0x2d0 C:\ST\STEdgeAI\4.0\Middlewares\ST\AI\Lib\GCC\STM32H7\NetworkRuntime1200_CM7_GCC.a(ai_math_helpers.o)
                0x080071c4                ai_sum_buffer_INT8
 .text.core_get_broadcasted_shape
                0x08007494       0x50 C:\ST\STEdgeAI\4.0\Middlewares\ST\AI\Lib\GCC\STM32H7\NetworkRuntime1200_CM7_GCC.a(core_utils.o)
                0x08007494                core_get_broadcasted_shape
 .text.core_compute_offsets
                0x080074e4      0x124 C:\ST\STEdgeAI\4.0\Middlewares\ST\AI\Lib\GCC\STM32H7\NetworkRuntime1200_CM7_GCC.a(core_utils.o)
                0x080074e4                core_compute_offsets
 .text.ai_math_elementwise_sum_int8
                0x08007608      0x1d8 C:\ST\STEdgeAI\4.0\Middlewares\ST\AI\Lib\GCC\STM32H7\NetworkRuntime1200_CM7_GCC.a(ai_math_elementwise_sum_int8.o)
                0x08007608                ai_math_elementwise_sum_int8
 .text._lite_kernel_nl_softmax_is8os8
                0x080077e0      0xbf0 C:\ST\STEdgeAI\4.0\Middlewares\ST\AI\Lib\GCC\STM32H7\NetworkRuntime1200_CM7_GCC.a(lite_nl_softmax_is8os8.o)
                0x080077e0                _lite_kernel_nl_softmax_is8os8
 .text.__libc_init_array
                0x080083d0       0x48 C:/ST/STM32CubeIDE_2.1.1/STM32CubeIDE/plugins/com.st.stm32cube.ide.mcu.externaltools.gnu-tools-for-stm32.14.3.rel1.win32_1.0.100.202602081740/tools/bin/../lib/gcc/arm-none-eabi/14.3.1/../../../../arm-none-eabi/lib/thumb/v7e-m+dp/hard\libc_nano.a(libc_a-init.o)
                0x080083d0                __libc_init_array
 *(.glue_7)
 .glue_7        0x08008418        0x0 linker stubs
 *(.glue_7t)
 .glue_7t       0x08008418        0x0 linker stubs
 *(.eh_frame)
 .eh_frame      0x08008418        0x0 C:/ST/STM32CubeIDE_2.1.1/STM32CubeIDE/plugins/com.st.stm32cube.ide.mcu.externaltools.gnu-tools-for-stm32.14.3.rel1.win32_1.0.100.202602081740/tools/bin/../lib/gcc/arm-none-eabi/14.3.1/thumb/v7e-m+dp/hard/crtbegin.o
 *(.init)
 .init          0x08008418        0x4 C:/ST/STM32CubeIDE_2.1.1/STM32CubeIDE/plugins/com.st.stm32cube.ide.mcu.externaltools.gnu-tools-for-stm32.14.3.rel1.win32_1.0.100.202602081740/tools/bin/../lib/gcc/arm-none-eabi/14.3.1/thumb/v7e-m+dp/hard/crti.o
                0x08008418                _init
 .init          0x0800841c        0x8 C:/ST/STM32CubeIDE_2.1.1/STM32CubeIDE/plugins/com.st.stm32cube.ide.mcu.externaltools.gnu-tools-for-stm32.14.3.rel1.win32_1.0.100.202602081740/tools/bin/../lib/gcc/arm-none-eabi/14.3.1/thumb/v7e-m+dp/hard/crtn.o
 *(.fini)
 .fini          0x08008424        0x4 C:/ST/STM32CubeIDE_2.1.1/STM32CubeIDE/plugins/com.st.stm32cube.ide.mcu.externaltools.gnu-tools-for-stm32.14.3.rel1.win32_1.0.100.202602081740/tools/bin/../lib/gcc/arm-none-eabi/14.3.1/thumb/v7e-m+dp/hard/crti.o
                0x08008424                _fini
 .fini          0x08008428        0x8 C:/ST/STM32CubeIDE_2.1.1/STM32CubeIDE/plugins/com.st.stm32cube.ide.mcu.externaltools.gnu-tools-for-stm32.14.3.rel1.win32_1.0.100.202602081740/tools/bin/../lib/gcc/arm-none-eabi/14.3.1/thumb/v7e-m+dp/hard/crtn.o
                0x08008430                        . = ALIGN (0x4)
                0x08008430                        _etext = .

.vfp11_veneer   0x08008430        0x0
 .vfp11_veneer  0x08008430        0x0 linker stubs

.v4_bx          0x08008430        0x0
 .v4_bx         0x08008430        0x0 linker stubs

.iplt           0x08008430        0x0
 .iplt          0x08008430        0x0 C:/ST/STM32CubeIDE_2.1.1/STM32CubeIDE/plugins/com.st.stm32cube.ide.mcu.externaltools.gnu-tools-for-stm32.14.3.rel1.win32_1.0.100.202602081740/tools/bin/../lib/gcc/arm-none-eabi/14.3.1/thumb/v7e-m+dp/hard/crtbegin.o

.rodata         0x08008430    0x6c240
                0x08008430                        . = ALIGN (0x4)
 *(.rodata)
 *(.rodata*)
 .rodata._network_context.0
                0x08008430       0x38 network.o
 .rodata.conv2d_62_t_weight_0_fmt_scale_const_f32
                0x08008468     0x1400 network.o
 .rodata.conv2d_61_t_weight_0_fmt_scale_const_f32
                0x08009868      0x1c0 network.o
 .rodata.conv2d_60_t_weight_0_fmt_scale_const_f32
                0x08009a28      0x540 network.o
 .rodata.conv2d_60_pad_before_v_pad_constant_value_const_s8
                0x08009f68        0x1 network.o
 *fill*         0x08009f69        0x3 
 .rodata.conv2d_59_t_weight_0_fmt_scale_const_f32
                0x08009f6c      0x540 network.o
 .rodata.conv2d_57_t_weight_0_fmt_scale_const_f32
                0x0800a4ac       0xe0 network.o
 .rodata.conv2d_56_t_weight_0_fmt_scale_const_f32
                0x0800a58c      0x540 network.o
 .rodata.conv2d_56_pad_before_v_pad_constant_value_const_s8
                0x0800aacc        0x1 network.o
 *fill*         0x0800aacd        0x3 
 .rodata.conv2d_55_t_weight_0_fmt_scale_const_f32
                0x0800aad0      0x540 network.o
 .rodata.conv2d_53_t_weight_0_fmt_scale_const_f32
                0x0800b010       0xe0 network.o
 .rodata.conv2d_52_t_weight_0_fmt_scale_const_f32
                0x0800b0f0      0x540 network.o
 .rodata.conv2d_52_pad_before_v_pad_constant_value_const_s8
                0x0800b630        0x1 network.o
 *fill*         0x0800b631        0x3 
 .rodata.conv2d_51_t_weight_0_fmt_scale_const_f32
                0x0800b634      0x540 network.o
 .rodata.conv2d_50_t_weight_0_fmt_scale_const_f32
                0x0800bb74       0xe0 network.o
 .rodata.conv2d_49_t_weight_0_fmt_scale_const_f32
                0x0800bc54      0x300 network.o
 .rodata.conv2d_49_pad_before_v_pad_constant_value_const_s8
                0x0800bf54        0x1 network.o
 *fill*         0x0800bf55        0x3 
 .rodata.conv2d_48_t_weight_0_fmt_scale_const_f32
                0x0800bf58      0x300 network.o
 .rodata.conv2d_46_t_weight_0_fmt_scale_const_f32
                0x0800c258       0x80 network.o
 .rodata.conv2d_45_t_weight_0_fmt_scale_const_f32
                0x0800c2d8      0x300 network.o
 .rodata.conv2d_45_pad_before_v_pad_constant_value_const_s8
                0x0800c5d8        0x1 network.o
 *fill*         0x0800c5d9        0x3 
 .rodata.conv2d_44_t_weight_0_fmt_scale_const_f32
                0x0800c5dc      0x300 network.o
 .rodata.conv2d_42_t_weight_0_fmt_scale_const_f32
                0x0800c8dc       0x80 network.o
 .rodata.conv2d_41_t_weight_0_fmt_scale_const_f32
                0x0800c95c      0x300 network.o
 .rodata.conv2d_41_pad_before_v_pad_constant_value_const_s8
                0x0800cc5c        0x1 network.o
 *fill*         0x0800cc5d        0x3 
 .rodata.conv2d_40_t_weight_0_fmt_scale_const_f32
                0x0800cc60      0x300 network.o
 .rodata.conv2d_39_t_weight_0_fmt_scale_const_f32
                0x0800cf60       0x80 network.o
 .rodata.conv2d_38_t_weight_0_fmt_scale_const_f32
                0x0800cfe0      0x240 network.o
 .rodata.conv2d_38_pad_before_v_pad_constant_value_const_s8
                0x0800d220        0x1 network.o
 *fill*         0x0800d221        0x3 
 .rodata.conv2d_37_t_weight_0_fmt_scale_const_f32
                0x0800d224      0x240 network.o
 .rodata.conv2d_35_t_weight_0_fmt_scale_const_f32
                0x0800d464       0x60 network.o
 .rodata.conv2d_34_t_weight_0_fmt_scale_const_f32
                0x0800d4c4      0x240 network.o
 .rodata.conv2d_34_pad_before_v_pad_constant_value_const_s8
                0x0800d704        0x1 network.o
 *fill*         0x0800d705        0x3 
 .rodata.conv2d_33_t_weight_0_fmt_scale_const_f32
                0x0800d708      0x240 network.o
 .rodata.conv2d_31_t_weight_0_fmt_scale_const_f32
                0x0800d948       0x60 network.o
 .rodata.conv2d_30_t_weight_0_fmt_scale_const_f32
                0x0800d9a8      0x240 network.o
 .rodata.conv2d_30_pad_before_v_pad_constant_value_const_s8
                0x0800dbe8        0x1 network.o
 *fill*         0x0800dbe9        0x3 
 .rodata.conv2d_29_t_weight_0_fmt_scale_const_f32
                0x0800dbec      0x240 network.o
 .rodata.conv2d_27_t_weight_0_fmt_scale_const_f32
                0x0800de2c       0x60 network.o
 .rodata.conv2d_26_t_weight_0_fmt_scale_const_f32
                0x0800de8c      0x240 network.o
 .rodata.conv2d_26_pad_before_v_pad_constant_value_const_s8
                0x0800e0cc        0x1 network.o
 *fill*         0x0800e0cd        0x3 
 .rodata.conv2d_25_t_weight_0_fmt_scale_const_f32
                0x0800e0d0      0x240 network.o
 .rodata.conv2d_24_t_weight_0_fmt_scale_const_f32
                0x0800e310       0x60 network.o
 .rodata.conv2d_23_t_weight_0_fmt_scale_const_f32
                0x0800e370      0x180 network.o
 .rodata.conv2d_23_pad_before_v_pad_constant_value_const_s8
                0x0800e4f0        0x1 network.o
 *fill*         0x0800e4f1        0x3 
 .rodata.conv2d_22_t_weight_0_fmt_scale_const_f32
                0x0800e4f4      0x180 network.o
 .rodata.conv2d_20_t_weight_0_fmt_scale_const_f32
                0x0800e674       0x40 network.o
 .rodata.conv2d_19_t_weight_0_fmt_scale_const_f32
                0x0800e6b4      0x180 network.o
 .rodata.conv2d_19_pad_before_v_pad_constant_value_const_s8
                0x0800e834        0x1 network.o
 *fill*         0x0800e835        0x3 
 .rodata.conv2d_18_t_weight_0_fmt_scale_const_f32
                0x0800e838      0x180 network.o
 .rodata.conv2d_16_t_weight_0_fmt_scale_const_f32
                0x0800e9b8       0x40 network.o
 .rodata.conv2d_15_t_weight_0_fmt_scale_const_f32
                0x0800e9f8      0x180 network.o
 .rodata.conv2d_15_pad_before_v_pad_constant_value_const_s8
                0x0800eb78        0x1 network.o
 *fill*         0x0800eb79        0x3 
 .rodata.conv2d_14_t_weight_0_fmt_scale_const_f32
                0x0800eb7c      0x180 network.o
 .rodata.conv2d_13_t_weight_0_fmt_scale_const_f32
                0x0800ecfc       0x40 network.o
 .rodata.conv2d_12_t_weight_0_fmt_scale_const_f32
                0x0800ed3c       0xc0 network.o
 .rodata.conv2d_12_pad_before_v_pad_constant_value_const_s8
                0x0800edfc        0x1 network.o
 *fill*         0x0800edfd        0x3 
 .rodata.conv2d_11_t_weight_0_fmt_scale_const_f32
                0x0800ee00       0xc0 network.o
 .rodata.conv2d_9_t_weight_0_fmt_scale_const_f32
                0x0800eec0       0x20 network.o
 .rodata.conv2d_8_t_weight_0_fmt_scale_const_f32
                0x0800eee0       0xc0 network.o
 .rodata.conv2d_8_pad_before_v_pad_constant_value_const_s8
                0x0800efa0        0x1 network.o
 *fill*         0x0800efa1        0x3 
 .rodata.conv2d_7_t_weight_0_fmt_scale_const_f32
                0x0800efa4       0xc0 network.o
 .rodata.conv2d_6_t_weight_0_fmt_scale_const_f32
                0x0800f064       0x20 network.o
 .rodata.conv2d_5_t_weight_0_fmt_scale_const_f32
                0x0800f084       0xc0 network.o
 .rodata.conv2d_5_pad_before_v_pad_constant_value_const_s8
                0x0800f144        0x1 network.o
 *fill*         0x0800f145        0x3 
 .rodata.conv2d_4_t_weight_0_fmt_scale_const_f32
                0x0800f148       0xc0 network.o
 .rodata.conv2d_3_t_weight_0_fmt_scale_const_f32
                0x0800f208       0x20 network.o
 .rodata.conv2d_2_t_weight_0_fmt_scale_const_f32
                0x0800f228       0x40 network.o
 .rodata.conv2d_2_pad_before_v_pad_constant_value_const_s8
                0x0800f268        0x1 network.o
 *fill*         0x0800f269        0x3 
 .rodata.conv2d_1_t_weight_0_fmt_scale_const_f32
                0x0800f26c       0x40 network.o
 .rodata.conv2d_0_t_weight_0_fmt_scale_const_f32
                0x0800f2ac        0xc network.o
 .rodata.gemm_64_chain
                0x0800f2b8        0x8 network.o
 .rodata.pool_63_chain
                0x0800f2c0        0x8 network.o
 .rodata.eltwise_58_chain
                0x0800f2c8        0x8 network.o
 .rodata.eltwise_54_chain
                0x0800f2d0        0x8 network.o
 .rodata.eltwise_47_chain
                0x0800f2d8        0x8 network.o
 .rodata.eltwise_43_chain
                0x0800f2e0        0x8 network.o
 .rodata.eltwise_36_chain
                0x0800f2e8        0x8 network.o
 .rodata.eltwise_32_chain
                0x0800f2f0        0x8 network.o
 .rodata.eltwise_28_chain
                0x0800f2f8        0x8 network.o
 .rodata.eltwise_21_chain
                0x0800f300        0x8 network.o
 .rodata.eltwise_17_chain
                0x0800f308        0x8 network.o
 .rodata.eltwise_10_chain
                0x0800f310        0x8 network.o
 .rodata.__compound_literal.514
                0x0800f318        0x8 network.o
 .rodata.__compound_literal.513
                0x0800f320        0x3 network.o
 *fill*         0x0800f323        0x1 
 .rodata.__compound_literal.512
                0x0800f324        0xc network.o
 .rodata.__compound_literal.511
                0x0800f330        0x8 network.o
 .rodata.__compound_literal.510
                0x0800f338        0x1 network.o
 *fill*         0x0800f339        0x3 
 .rodata.__compound_literal.509
                0x0800f33c        0x4 network.o
 .rodata.__compound_literal.508
                0x0800f340        0x8 network.o
 .rodata.__compound_literal.507
                0x0800f348        0x1 network.o
 *fill*         0x0800f349        0x3 
 .rodata.__compound_literal.506
                0x0800f34c        0x4 network.o
 .rodata.__compound_literal.505
                0x0800f350        0x8 network.o
 .rodata.__compound_literal.504
                0x0800f358        0x1 network.o
 *fill*         0x0800f359        0x3 
 .rodata.__compound_literal.503
                0x0800f35c        0x4 network.o
 .rodata.__compound_literal.502
                0x0800f360        0x8 network.o
 .rodata.__compound_literal.501
                0x0800f368        0x1 network.o
 *fill*         0x0800f369        0x3 
 .rodata.__compound_literal.500
                0x0800f36c        0x4 network.o
 .rodata.__compound_literal.499
                0x0800f370        0x8 network.o
 .rodata.__compound_literal.498
                0x0800f378        0x1 network.o
 *fill*         0x0800f379        0x3 
 .rodata.__compound_literal.497
                0x0800f37c        0x4 network.o
 .rodata.__compound_literal.496
                0x0800f380        0x8 network.o
 .rodata.__compound_literal.495
                0x0800f388        0x1 network.o
 *fill*         0x0800f389        0x3 
 .rodata.__compound_literal.494
                0x0800f38c        0x4 network.o
 .rodata.__compound_literal.493
                0x0800f390        0x8 network.o
 .rodata.__compound_literal.492
                0x0800f398        0x1 network.o
 *fill*         0x0800f399        0x3 
 .rodata.__compound_literal.491
                0x0800f39c        0x4 network.o
 .rodata.__compound_literal.490
                0x0800f3a0        0x8 network.o
 .rodata.__compound_literal.489
                0x0800f3a8        0x1 network.o
 *fill*         0x0800f3a9        0x3 
 .rodata.__compound_literal.488
                0x0800f3ac        0x4 network.o
 .rodata.__compound_literal.487
                0x0800f3b0        0x8 network.o
 .rodata.__compound_literal.486
                0x0800f3b8        0x1 network.o
 *fill*         0x0800f3b9        0x3 
 .rodata.__compound_literal.485
                0x0800f3bc        0x4 network.o
 .rodata.__compound_literal.484
                0x0800f3c0        0x8 network.o
 .rodata.__compound_literal.483
                0x0800f3c8        0x1 network.o
 *fill*         0x0800f3c9        0x3 
 .rodata.__compound_literal.482
                0x0800f3cc        0x4 network.o
 .rodata.__compound_literal.481
                0x0800f3d0        0x8 network.o
 .rodata.__compound_literal.480
                0x0800f3d8        0x1 network.o
 *fill*         0x0800f3d9        0x3 
 .rodata.__compound_literal.479
                0x0800f3dc        0x4 network.o
 .rodata.__compound_literal.478
                0x0800f3e0        0x8 network.o
 .rodata.__compound_literal.477
                0x0800f3e8        0x1 network.o
 *fill*         0x0800f3e9        0x3 
 .rodata.__compound_literal.476
                0x0800f3ec        0x4 network.o
 .rodata.__compound_literal.475
                0x0800f3f0        0x8 network.o
 .rodata.__compound_literal.474
                0x0800f3f8        0x1 network.o
 *fill*         0x0800f3f9        0x3 
 .rodata.__compound_literal.473
                0x0800f3fc        0x4 network.o
 .rodata.__compound_literal.472
                0x0800f400        0x8 network.o
 .rodata.__compound_literal.471
                0x0800f408        0x1 network.o
 *fill*         0x0800f409        0x3 
 .rodata.__compound_literal.470
                0x0800f40c        0x4 network.o
 .rodata.__compound_literal.469
                0x0800f410        0x8 network.o
 .rodata.__compound_literal.468
                0x0800f418        0x1 network.o
 *fill*         0x0800f419        0x3 
 .rodata.__compound_literal.467
                0x0800f41c        0x4 network.o
 .rodata.__compound_literal.466
                0x0800f420        0x8 network.o
 .rodata.__compound_literal.465
                0x0800f428        0x1 network.o
 *fill*         0x0800f429        0x3 
 .rodata.__compound_literal.464
                0x0800f42c        0x4 network.o
 .rodata.__compound_literal.463
                0x0800f430        0x8 network.o
 .rodata.__compound_literal.462
                0x0800f438        0x1 network.o
 *fill*         0x0800f439        0x3 
 .rodata.__compound_literal.461
                0x0800f43c        0x4 network.o
 .rodata.__compound_literal.460
                0x0800f440        0x8 network.o
 .rodata.__compound_literal.459
                0x0800f448        0x1 network.o
 *fill*         0x0800f449        0x3 
 .rodata.__compound_literal.458
                0x0800f44c        0x4 network.o
 .rodata.__compound_literal.457
                0x0800f450        0x8 network.o
 .rodata.__compound_literal.456
                0x0800f458        0x1 network.o
 *fill*         0x0800f459        0x3 
 .rodata.__compound_literal.455
                0x0800f45c        0x4 network.o
 .rodata.__compound_literal.454
                0x0800f460        0x8 network.o
 .rodata.__compound_literal.453
                0x0800f468        0x1 network.o
 *fill*         0x0800f469        0x3 
 .rodata.__compound_literal.452
                0x0800f46c        0x4 network.o
 .rodata.__compound_literal.451
                0x0800f470        0x8 network.o
 .rodata.__compound_literal.450
                0x0800f478        0x1 network.o
 *fill*         0x0800f479        0x3 
 .rodata.__compound_literal.449
                0x0800f47c        0x4 network.o
 .rodata.__compound_literal.448
                0x0800f480        0x8 network.o
 .rodata.__compound_literal.447
                0x0800f488        0x1 network.o
 *fill*         0x0800f489        0x3 
 .rodata.__compound_literal.446
                0x0800f48c        0x4 network.o
 .rodata.__compound_literal.445
                0x0800f490        0x8 network.o
 .rodata.__compound_literal.444
                0x0800f498        0x1 network.o
 *fill*         0x0800f499        0x3 
 .rodata.__compound_literal.443
                0x0800f49c        0x4 network.o
 .rodata.__compound_literal.442
                0x0800f4a0        0x8 network.o
 .rodata.__compound_literal.441
                0x0800f4a8        0x1 network.o
 *fill*         0x0800f4a9        0x3 
 .rodata.__compound_literal.440
                0x0800f4ac        0x4 network.o
 .rodata.__compound_literal.439
                0x0800f4b0        0x8 network.o
 .rodata.__compound_literal.438
                0x0800f4b8        0x1 network.o
 *fill*         0x0800f4b9        0x3 
 .rodata.__compound_literal.437
                0x0800f4bc        0x4 network.o
 .rodata.__compound_literal.436
                0x0800f4c0        0x8 network.o
 .rodata.__compound_literal.435
                0x0800f4c8        0x1 network.o
 *fill*         0x0800f4c9        0x3 
 .rodata.__compound_literal.434
                0x0800f4cc        0x4 network.o
 .rodata.__compound_literal.433
                0x0800f4d0        0x8 network.o
 .rodata.__compound_literal.432
                0x0800f4d8        0x1 network.o
 *fill*         0x0800f4d9        0x3 
 .rodata.__compound_literal.431
                0x0800f4dc        0x4 network.o
 .rodata.__compound_literal.430
                0x0800f4e0        0x8 network.o
 .rodata.__compound_literal.429
                0x0800f4e8        0x1 network.o
 *fill*         0x0800f4e9        0x3 
 .rodata.__compound_literal.428
                0x0800f4ec        0x4 network.o
 .rodata.g_network_weights_array
                0x0800f4f0    0x65180 network_data.o
                0x0800f4f0                g_network_weights_array
                0x08074670                        . = ALIGN (0x4)

.rel.dyn        0x08074670        0x0
 .rel.iplt      0x08074670        0x0 C:/ST/STM32CubeIDE_2.1.1/STM32CubeIDE/plugins/com.st.stm32cube.ide.mcu.externaltools.gnu-tools-for-stm32.14.3.rel1.win32_1.0.100.202602081740/tools/bin/../lib/gcc/arm-none-eabi/14.3.1/thumb/v7e-m+dp/hard/crtbegin.o

.ARM.extab      0x08074670        0x0
                0x08074670                        . = ALIGN (0x4)
 *(.ARM.extab* .gnu.linkonce.armextab.*)
                0x08074670                        . = ALIGN (0x4)

.ARM            0x08074670        0x0
                0x08074670                        . = ALIGN (0x4)
                0x08074670                        __exidx_start = .
 *(.ARM.exidx*)
                0x08074670                        __exidx_end = .
                0x08074670                        . = ALIGN (0x4)

.preinit_array  0x08074670        0x0
                0x08074670                        . = ALIGN (0x4)
                0x08074670                        PROVIDE (__preinit_array_start = .)
 *(.preinit_array*)
                0x08074670                        PROVIDE (__preinit_array_end = .)
                0x08074670                        . = ALIGN (0x4)

.init_array     0x08074670        0x4
                0x08074670                        . = ALIGN (0x4)
                0x08074670                        PROVIDE (__init_array_start = .)
 *(SORT_BY_NAME(.init_array.*))
 *(.init_array*)
 .init_array    0x08074670        0x4 C:/ST/STM32CubeIDE_2.1.1/STM32CubeIDE/plugins/com.st.stm32cube.ide.mcu.externaltools.gnu-tools-for-stm32.14.3.rel1.win32_1.0.100.202602081740/tools/bin/../lib/gcc/arm-none-eabi/14.3.1/thumb/v7e-m+dp/hard/crtbegin.o
                0x08074674                        PROVIDE (__init_array_end = .)
                0x08074674                        . = ALIGN (0x4)

.fini_array     0x08074674        0x4
                0x08074674                        . = ALIGN (0x4)
                [!provide]                        PROVIDE (__fini_array_start = .)
 *(SORT_BY_NAME(.fini_array.*))
 *(.fini_array*)
 .fini_array    0x08074674        0x4 C:/ST/STM32CubeIDE_2.1.1/STM32CubeIDE/plugins/com.st.stm32cube.ide.mcu.externaltools.gnu-tools-for-stm32.14.3.rel1.win32_1.0.100.202602081740/tools/bin/../lib/gcc/arm-none-eabi/14.3.1/thumb/v7e-m+dp/hard/crtbegin.o
                [!provide]                        PROVIDE (__fini_array_end = .)
                0x08074678                        . = ALIGN (0x4)
                0x08074678                        _sidata = LOADADDR (.data)

.data           0x20000000      0xeb0 load address 0x08074678
                0x20000000                        . = ALIGN (0x4)
                0x20000000                        _sdata = .
 *(.data)
 *(.data*)
 .data.gemm_64_layer
                0x20000000       0x20 network.o
 .data.__compound_literal.637
                0x20000020       0x30 network.o
 .data.__compound_literal.636
                0x20000050        0x4 network.o
 .data.__compound_literal.635
                0x20000054        0x8 network.o
 .data.__compound_literal.634
                0x2000005c        0x4 network.o
 .data.__compound_literal.633
                0x20000060        0x4 network.o
 .data.pool_63_layer
                0x20000064       0x38 network.o
 .data.__compound_literal.631
                0x2000009c       0x30 network.o
 .data.__compound_literal.628
                0x200000cc        0x4 network.o
 .data.__compound_literal.627
                0x200000d0        0x4 network.o
 .data.eltwise_58_layer
                0x200000d4       0x24 network.o
 .data.__compound_literal.626
                0x200000f8       0x30 network.o
 .data.__compound_literal.623
                0x20000128        0x4 network.o
 .data.__compound_literal.622
                0x2000012c        0x8 network.o
 .data.eltwise_54_layer
                0x20000134       0x24 network.o
 .data.__compound_literal.621
                0x20000158       0x30 network.o
 .data.__compound_literal.618
                0x20000188        0x4 network.o
 .data.__compound_literal.617
                0x2000018c        0x8 network.o
 .data.eltwise_47_layer
                0x20000194       0x24 network.o
 .data.__compound_literal.616
                0x200001b8       0x30 network.o
 .data.__compound_literal.613
                0x200001e8        0x4 network.o
 .data.__compound_literal.612
                0x200001ec        0x8 network.o
 .data.eltwise_43_layer
                0x200001f4       0x24 network.o
 .data.__compound_literal.611
                0x20000218       0x30 network.o
 .data.__compound_literal.608
                0x20000248        0x4 network.o
 .data.__compound_literal.607
                0x2000024c        0x8 network.o
 .data.eltwise_36_layer
                0x20000254       0x24 network.o
 .data.__compound_literal.606
                0x20000278       0x30 network.o
 .data.__compound_literal.603
                0x200002a8        0x4 network.o
 .data.__compound_literal.602
                0x200002ac        0x8 network.o
 .data.eltwise_32_layer
                0x200002b4       0x24 network.o
 .data.__compound_literal.601
                0x200002d8       0x30 network.o
 .data.__compound_literal.598
                0x20000308        0x4 network.o
 .data.__compound_literal.597
                0x2000030c        0x8 network.o
 .data.eltwise_28_layer
                0x20000314       0x24 network.o
 .data.__compound_literal.596
                0x20000338       0x30 network.o
 .data.__compound_literal.593
                0x20000368        0x4 network.o
 .data.__compound_literal.592
                0x2000036c        0x8 network.o
 .data.eltwise_21_layer
                0x20000374       0x24 network.o
 .data.__compound_literal.591
                0x20000398       0x30 network.o
 .data.__compound_literal.588
                0x200003c8        0x4 network.o
 .data.__compound_literal.587
                0x200003cc        0x8 network.o
 .data.eltwise_17_layer
                0x200003d4       0x24 network.o
 .data.__compound_literal.586
                0x200003f8       0x30 network.o
 .data.__compound_literal.583
                0x20000428        0x4 network.o
 .data.__compound_literal.582
                0x2000042c        0x8 network.o
 .data.eltwise_10_layer
                0x20000434       0x24 network.o
 .data.__compound_literal.581
                0x20000458       0x30 network.o
 .data.__compound_literal.578
                0x20000488        0x4 network.o
 .data.__compound_literal.577
                0x2000048c        0x8 network.o
 .data.gemm_64_weights
                0x20000494       0x1c network.o
 .data.__compound_literal.576
                0x200004b0       0x10 network.o
 .data.__compound_literal.575
                0x200004c0       0x10 network.o
 .data.gemm_64_scratch0
                0x200004d0       0x1c network.o
 .data.__compound_literal.574
                0x200004ec       0x10 network.o
 .data.__compound_literal.573
                0x200004fc       0x10 network.o
 .data.gemm_64_output
                0x2000050c       0x1c network.o
 .data.__compound_literal.572
                0x20000528       0x10 network.o
 .data.__compound_literal.571
                0x20000538       0x10 network.o
 .data.gemm_64_bias
                0x20000548       0x1c network.o
 .data.__compound_literal.570
                0x20000564       0x10 network.o
 .data.__compound_literal.569
                0x20000574       0x10 network.o
 .data.pool_63_output
                0x20000584       0x1c network.o
 .data.__compound_literal.568
                0x200005a0       0x10 network.o
 .data.__compound_literal.567
                0x200005b0       0x10 network.o
 .data.conv2d_62_output
                0x200005c0       0x1c network.o
 .data.__compound_literal.566
                0x200005dc       0x10 network.o
 .data.__compound_literal.565
                0x200005ec       0x10 network.o
 .data.eltwise_58_output
                0x200005fc       0x1c network.o
 .data.__compound_literal.564
                0x20000618       0x10 network.o
 .data.__compound_literal.563
                0x20000628       0x10 network.o
 .data.conv2d_57_output
                0x20000638       0x1c network.o
 .data.__compound_literal.562
                0x20000654       0x10 network.o
 .data.__compound_literal.561
                0x20000664       0x10 network.o
 .data.eltwise_54_output
                0x20000674       0x1c network.o
 .data.__compound_literal.560
                0x20000690       0x10 network.o
 .data.__compound_literal.559
                0x200006a0       0x10 network.o
 .data.conv2d_53_output
                0x200006b0       0x1c network.o
 .data.__compound_literal.558
                0x200006cc       0x10 network.o
 .data.__compound_literal.557
                0x200006dc       0x10 network.o
 .data.conv2d_50_output
                0x200006ec       0x1c network.o
 .data.__compound_literal.556
                0x20000708       0x10 network.o
 .data.__compound_literal.555
                0x20000718       0x10 network.o
 .data.eltwise_47_output
                0x20000728       0x1c network.o
 .data.__compound_literal.554
                0x20000744       0x10 network.o
 .data.__compound_literal.553
                0x20000754       0x10 network.o
 .data.conv2d_46_output
                0x20000764       0x1c network.o
 .data.__compound_literal.552
                0x20000780       0x10 network.o
 .data.__compound_literal.551
                0x20000790       0x10 network.o
 .data.eltwise_43_output
                0x200007a0       0x1c network.o
 .data.__compound_literal.550
                0x200007bc       0x10 network.o
 .data.__compound_literal.549
                0x200007cc       0x10 network.o
 .data.conv2d_42_output
                0x200007dc       0x1c network.o
 .data.__compound_literal.548
                0x200007f8       0x10 network.o
 .data.__compound_literal.547
                0x20000808       0x10 network.o
 .data.conv2d_39_output
                0x20000818       0x1c network.o
 .data.__compound_literal.546
                0x20000834       0x10 network.o
 .data.__compound_literal.545
                0x20000844       0x10 network.o
 .data.eltwise_36_output
                0x20000854       0x1c network.o
 .data.__compound_literal.544
                0x20000870       0x10 network.o
 .data.__compound_literal.543
                0x20000880       0x10 network.o
 .data.conv2d_35_output
                0x20000890       0x1c network.o
 .data.__compound_literal.542
                0x200008ac       0x10 network.o
 .data.__compound_literal.541
                0x200008bc       0x10 network.o
 .data.eltwise_32_output
                0x200008cc       0x1c network.o
 .data.__compound_literal.540
                0x200008e8       0x10 network.o
 .data.__compound_literal.539
                0x200008f8       0x10 network.o
 .data.conv2d_31_output
                0x20000908       0x1c network.o
 .data.__compound_literal.538
                0x20000924       0x10 network.o
 .data.__compound_literal.537
                0x20000934       0x10 network.o
 .data.eltwise_28_output
                0x20000944       0x1c network.o
 .data.__compound_literal.536
                0x20000960       0x10 network.o
 .data.__compound_literal.535
                0x20000970       0x10 network.o
 .data.conv2d_27_output
                0x20000980       0x1c network.o
 .data.__compound_literal.534
                0x2000099c       0x10 network.o
 .data.__compound_literal.533
                0x200009ac       0x10 network.o
 .data.conv2d_24_output
                0x200009bc       0x1c network.o
 .data.__compound_literal.532
                0x200009d8       0x10 network.o
 .data.__compound_literal.531
                0x200009e8       0x10 network.o
 .data.eltwise_21_output
                0x200009f8       0x1c network.o
 .data.__compound_literal.530
                0x20000a14       0x10 network.o
 .data.__compound_literal.529
                0x20000a24       0x10 network.o
 .data.conv2d_20_output
                0x20000a34       0x1c network.o
 .data.__compound_literal.528
                0x20000a50       0x10 network.o
 .data.__compound_literal.527
                0x20000a60       0x10 network.o
 .data.eltwise_17_output
                0x20000a70       0x1c network.o
 .data.__compound_literal.526
                0x20000a8c       0x10 network.o
 .data.__compound_literal.525
                0x20000a9c       0x10 network.o
 .data.conv2d_16_output
                0x20000aac       0x1c network.o
 .data.__compound_literal.524
                0x20000ac8       0x10 network.o
 .data.__compound_literal.523
                0x20000ad8       0x10 network.o
 .data.conv2d_13_output
                0x20000ae8       0x1c network.o
 .data.__compound_literal.522
                0x20000b04       0x10 network.o
 .data.__compound_literal.521
                0x20000b14       0x10 network.o
 .data.eltwise_10_output
                0x20000b24       0x1c network.o
 .data.__compound_literal.520
                0x20000b40       0x10 network.o
 .data.__compound_literal.519
                0x20000b50       0x10 network.o
 .data.conv2d_9_output
                0x20000b60       0x1c network.o
 .data.__compound_literal.518
                0x20000b7c       0x10 network.o
 .data.__compound_literal.517
                0x20000b8c       0x10 network.o
 .data.conv2d_6_output
                0x20000b9c       0x1c network.o
 .data.__compound_literal.516
                0x20000bb8       0x10 network.o
 .data.__compound_literal.515
                0x20000bc8       0x10 network.o
 .data.gemm_64_scratch0_array
                0x20000bd8       0x10 network.o
 .data.gemm_64_bias_array
                0x20000be8       0x10 network.o
 .data.gemm_64_weights_array
                0x20000bf8       0x10 network.o
 .data.gemm_64_output_array
                0x20000c08       0x10 network.o
 .data.pool_63_output_array
                0x20000c18       0x10 network.o
 .data.conv2d_62_output_array
                0x20000c28       0x10 network.o
 .data.eltwise_58_output_array
                0x20000c38       0x10 network.o
 .data.conv2d_57_output_array
                0x20000c48       0x10 network.o
 .data.eltwise_54_output_array
                0x20000c58       0x10 network.o
 .data.conv2d_53_output_array
                0x20000c68       0x10 network.o
 .data.conv2d_50_output_array
                0x20000c78       0x10 network.o
 .data.eltwise_47_output_array
                0x20000c88       0x10 network.o
 .data.conv2d_46_output_array
                0x20000c98       0x10 network.o
 .data.eltwise_43_output_array
                0x20000ca8       0x10 network.o
 .data.conv2d_42_output_array
                0x20000cb8       0x10 network.o
 .data.conv2d_39_output_array
                0x20000cc8       0x10 network.o
 .data.eltwise_36_output_array
                0x20000cd8       0x10 network.o
 .data.conv2d_35_output_array
                0x20000ce8       0x10 network.o
 .data.eltwise_32_output_array
                0x20000cf8       0x10 network.o
 .data.conv2d_31_output_array
                0x20000d08       0x10 network.o
 .data.eltwise_28_output_array
                0x20000d18       0x10 network.o
 .data.conv2d_27_output_array
                0x20000d28       0x10 network.o
 .data.conv2d_24_output_array
                0x20000d38       0x10 network.o
 .data.eltwise_21_output_array
                0x20000d48       0x10 network.o
 .data.conv2d_20_output_array
                0x20000d58       0x10 network.o
 .data.eltwise_17_output_array
                0x20000d68       0x10 network.o
 .data.conv2d_16_output_array
                0x20000d78       0x10 network.o
 .data.conv2d_13_output_array
                0x20000d88       0x10 network.o
 .data.eltwise_10_output_array
                0x20000d98       0x10 network.o
 .data.conv2d_9_output_array
                0x20000da8       0x10 network.o
 .data.conv2d_6_output_array
                0x20000db8       0x10 network.o
 .data.gemm_64_weights_array_intq
                0x20000dc8        0x8 network.o
 .data.gemm_64_output_array_intq
                0x20000dd0        0x8 network.o
 .data.pool_63_output_array_intq
                0x20000dd8        0x8 network.o
 .data.conv2d_62_output_array_intq
                0x20000de0        0x8 network.o
 .data.eltwise_58_output_array_intq
                0x20000de8        0x8 network.o
 .data.conv2d_57_output_array_intq
                0x20000df0        0x8 network.o
 .data.eltwise_54_output_array_intq
                0x20000df8        0x8 network.o
 .data.conv2d_53_output_array_intq
                0x20000e00        0x8 network.o
 .data.conv2d_50_output_array_intq
                0x20000e08        0x8 network.o
 .data.eltwise_47_output_array_intq
                0x20000e10        0x8 network.o
 .data.conv2d_46_output_array_intq
                0x20000e18        0x8 network.o
 .data.eltwise_43_output_array_intq
                0x20000e20        0x8 network.o
 .data.conv2d_42_output_array_intq
                0x20000e28        0x8 network.o
 .data.conv2d_39_output_array_intq
                0x20000e30        0x8 network.o
 .data.eltwise_36_output_array_intq
                0x20000e38        0x8 network.o
 .data.conv2d_35_output_array_intq
                0x20000e40        0x8 network.o
 .data.eltwise_32_output_array_intq
                0x20000e48        0x8 network.o
 .data.conv2d_31_output_array_intq
                0x20000e50        0x8 network.o
 .data.eltwise_28_output_array_intq
                0x20000e58        0x8 network.o
 .data.conv2d_27_output_array_intq
                0x20000e60        0x8 network.o
 .data.conv2d_24_output_array_intq
                0x20000e68        0x8 network.o
 .data.eltwise_21_output_array_intq
                0x20000e70        0x8 network.o
 .data.conv2d_20_output_array_intq
                0x20000e78        0x8 network.o
 .data.eltwise_17_output_array_intq
                0x20000e80        0x8 network.o
 .data.conv2d_16_output_array_intq
                0x20000e88        0x8 network.o
 .data.conv2d_13_output_array_intq
                0x20000e90        0x8 network.o
 .data.eltwise_10_output_array_intq
                0x20000e98        0x8 network.o
 .data.conv2d_9_output_array_intq
                0x20000ea0        0x8 network.o
 .data.conv2d_6_output_array_intq
                0x20000ea8        0x8 network.o
                0x20000eb0                        . = ALIGN (0x4)
                0x20000eb0                        _edata = .

.igot.plt       0x20000eb0        0x0 load address 0x08075528
 .igot.plt      0x20000eb0        0x0 C:/ST/STM32CubeIDE_2.1.1/STM32CubeIDE/plugins/com.st.stm32cube.ide.mcu.externaltools.gnu-tools-for-stm32.14.3.rel1.win32_1.0.100.202602081740/tools/bin/../lib/gcc/arm-none-eabi/14.3.1/thumb/v7e-m+dp/hard/crtbegin.o
                0x20000eb0                        . = ALIGN (0x4)

.bss            0x20000eb0    0x54828 load address 0x08075528
                0x20000eb0                        _sbss = .
                0x20000eb0                        __bss_start__ = _sbss
 *(.bss)
 .bss           0x20000eb0       0x1c C:/ST/STM32CubeIDE_2.1.1/STM32CubeIDE/plugins/com.st.stm32cube.ide.mcu.externaltools.gnu-tools-for-stm32.14.3.rel1.win32_1.0.100.202602081740/tools/bin/../lib/gcc/arm-none-eabi/14.3.1/thumb/v7e-m+dp/hard/crtbegin.o
 *(.bss*)
 .bss.__compound_literal.632
                0x20000ecc       0x10 network.o
 .bss.__compound_literal.630
                0x20000edc        0x4 network.o
 .bss.__compound_literal.629
                0x20000ee0        0x4 network.o
 .bss.__compound_literal.625
                0x20000ee4        0x4 network.o
 .bss.__compound_literal.624
                0x20000ee8        0x4 network.o
 .bss.__compound_literal.620
                0x20000eec        0x4 network.o
 .bss.__compound_literal.619
                0x20000ef0        0x4 network.o
 .bss.__compound_literal.615
                0x20000ef4        0x4 network.o
 .bss.__compound_literal.614
                0x20000ef8        0x4 network.o
 .bss.__compound_literal.610
                0x20000efc        0x4 network.o
 .bss.__compound_literal.609
                0x20000f00        0x4 network.o
 .bss.__compound_literal.605
                0x20000f04        0x4 network.o
 .bss.__compound_literal.604
                0x20000f08        0x4 network.o
 .bss.__compound_literal.600
                0x20000f0c        0x4 network.o
 .bss.__compound_literal.599
                0x20000f10        0x4 network.o
 .bss.__compound_literal.595
                0x20000f14        0x4 network.o
 .bss.__compound_literal.594
                0x20000f18        0x4 network.o
 .bss.__compound_literal.590
                0x20000f1c        0x4 network.o
 .bss.__compound_literal.589
                0x20000f20        0x4 network.o
 .bss.__compound_literal.585
                0x20000f24        0x4 network.o
 .bss.__compound_literal.584
                0x20000f28        0x4 network.o
 .bss.__compound_literal.580
                0x20000f2c        0x4 network.o
 .bss.__compound_literal.579
                0x20000f30        0x4 network.o
 .bss.g_network_activations_3
                0x20000f34    0x330c0 network.o
 .bss.g_network_activations_2
                0x20033ff4    0x10000 network.o
 .bss.g_network_activations_1
                0x20043ff4    0x11694 network.o
 .bss.m_acts    0x20055688        0xc stedgeai_app_main.o
 .bss.m_outputs
                0x20055694        0x4 stedgeai_app_main.o
 .bss.m_inputs  0x20055698        0x4 stedgeai_app_main.o
 *fill*         0x2005569c        0x4 
 .bss.m_network
                0x200556a0       0x38 stedgeai_app_main.o
                0x200556a0                m_network
 *(COMMON)
                0x200556d8                        . = ALIGN (0x4)
                0x200556d8                        _ebss = .
                0x200556d8                        __bss_end__ = _ebss

._user_heap_stack
                0x200556d8     0x3000 load address 0x08075528
                0x200556d8                        . = ALIGN (0x8)
                [!provide]                        PROVIDE (end = .)
                0x200556d8                        PROVIDE (_end = .)
                0x200576d8                        . = (. + _Min_Heap_Size)
 *fill*         0x200556d8     0x2000 
                0x200586d8                        . = (. + _Min_Stack_Size)
 *fill*         0x200576d8     0x1000 
                0x200586d8                        . = ALIGN (0x8)

/DISCARD/
 libc.a(*)
 libm.a(*)
 libgcc.a(*)

.ARM.attributes
                0x00000000       0x2e
 *(.ARM.attributes)
 .ARM.attributes
                0x00000000       0x20 C:/ST/STM32CubeIDE_2.1.1/STM32CubeIDE/plugins/com.st.stm32cube.ide.mcu.externaltools.gnu-tools-for-stm32.14.3.rel1.win32_1.0.100.202602081740/tools/bin/../lib/gcc/arm-none-eabi/14.3.1/thumb/v7e-m+dp/hard/crti.o
 .ARM.attributes
                0x00000020       0x32 C:/ST/STM32CubeIDE_2.1.1/STM32CubeIDE/plugins/com.st.stm32cube.ide.mcu.externaltools.gnu-tools-for-stm32.14.3.rel1.win32_1.0.100.202602081740/tools/bin/../lib/gcc/arm-none-eabi/14.3.1/thumb/v7e-m+dp/hard/crtbegin.o
 .ARM.attributes
                0x00000052       0x32 network.o
 .ARM.attributes
                0x00000084       0x32 network_data.o
 .ARM.attributes
                0x000000b6       0x21 startup_stm32xx.o
 .ARM.attributes
                0x000000d7       0x32 stedgeai_app_main.o
 .ARM.attributes
                0x00000109       0x2e C:\ST\STEdgeAI\4.0\Middlewares\ST\AI\Lib\GCC\STM32H7\NetworkRuntime1200_CM7_GCC.a(layers_conv2d_stm32_integer.o)
 .ARM.attributes
                0x00000137       0x2e C:\ST\STEdgeAI\4.0\Middlewares\ST\AI\Lib\GCC\STM32H7\NetworkRuntime1200_CM7_GCC.a(layers_pool_stm32_integer.o)
 .ARM.attributes
                0x00000165       0x2e C:\ST\STEdgeAI\4.0\Middlewares\ST\AI\Lib\GCC\STM32H7\NetworkRuntime1200_CM7_GCC.a(layers_stm32_integer.o)
 .ARM.attributes
                0x00000193       0x2e C:\ST\STEdgeAI\4.0\Middlewares\ST\AI\Lib\GCC\STM32H7\NetworkRuntime1200_CM7_GCC.a(forward_lite_convert.o)
 .ARM.attributes
                0x000001c1       0x2e C:\ST\STEdgeAI\4.0\Middlewares\ST\AI\Lib\GCC\STM32H7\NetworkRuntime1200_CM7_GCC.a(forward_lite_dense_is8os8ws8_ch.o)
 .ARM.attributes
                0x000001ef       0x2e C:\ST\STEdgeAI\4.0\Middlewares\ST\AI\Lib\GCC\STM32H7\NetworkRuntime1200_CM7_GCC.a(forward_lite_avepool_is8os8.o)
 .ARM.attributes
                0x0000021d       0x2e C:\ST\STEdgeAI\4.0\Middlewares\ST\AI\Lib\GCC\STM32H7\NetworkRuntime1200_CM7_GCC.a(forward_lite_dw_sssa8_ch.o)
 .ARM.attributes
                0x0000024b       0x2e C:\ST\STEdgeAI\4.0\Middlewares\ST\AI\Lib\GCC\STM32H7\NetworkRuntime1200_CM7_GCC.a(forward_lite_pw_sssa8_ch.o)
 .ARM.attributes
                0x00000279       0x2e C:\ST\STEdgeAI\4.0\Middlewares\ST\AI\Lib\GCC\STM32H7\NetworkRuntime1200_CM7_GCC.a(forward_lite_conv2d_sssa8_ch.o)
 .ARM.attributes
                0x000002a7       0x2e C:\ST\STEdgeAI\4.0\Middlewares\ST\AI\Lib\GCC\STM32H7\NetworkRuntime1200_CM7_GCC.a(lite_convert_kernel.o)
 .ARM.attributes
                0x000002d5       0x2e C:\ST\STEdgeAI\4.0\Middlewares\ST\AI\Lib\GCC\STM32H7\NetworkRuntime1200_CM7_GCC.a(lite_nl_generic_integer.o)
 .ARM.attributes
                0x00000303       0x2e C:\ST\STEdgeAI\4.0\Middlewares\ST\AI\Lib\GCC\STM32H7\NetworkRuntime1200_CM7_GCC.a(forward_lite_pad_generic.o)
 .ARM.attributes
                0x00000331       0x2e C:\ST\STEdgeAI\4.0\Middlewares\ST\AI\Lib\GCC\STM32H7\NetworkRuntime1200_CM7_GCC.a(st_align_factor.o)
 .ARM.attributes
                0x0000035f       0x2e C:\ST\STEdgeAI\4.0\Middlewares\ST\AI\Lib\GCC\STM32H7\NetworkRuntime1200_CM7_GCC.a(st_int8_to16_no_shift.o)
 .ARM.attributes
                0x0000038d       0x2e C:\ST\STEdgeAI\4.0\Middlewares\ST\AI\Lib\GCC\STM32H7\NetworkRuntime1200_CM7_GCC.a(st_padding_opt.o)
 .ARM.attributes
                0x000003bb       0x2e C:\ST\STEdgeAI\4.0\Middlewares\ST\AI\Lib\GCC\STM32H7\NetworkRuntime1200_CM7_GCC.a(st_int8_pool.o)
 .ARM.attributes
                0x000003e9       0x2e C:\ST\STEdgeAI\4.0\Middlewares\ST\AI\Lib\GCC\STM32H7\NetworkRuntime1200_CM7_GCC.a(st_sssa8_ch_convolve.o)
 .ARM.attributes
                0x00000417       0x2e C:\ST\STEdgeAI\4.0\Middlewares\ST\AI\Lib\GCC\STM32H7\NetworkRuntime1200_CM7_GCC.a(st_sssa8_ch_dense.o)
 .ARM.attributes
                0x00000445       0x2e C:\ST\STEdgeAI\4.0\Middlewares\ST\AI\Lib\GCC\STM32H7\NetworkRuntime1200_CM7_GCC.a(st_int8_fill.o)
 .ARM.attributes
                0x00000473       0x2e C:\ST\STEdgeAI\4.0\Middlewares\ST\AI\Lib\GCC\STM32H7\NetworkRuntime1200_CM7_GCC.a(st_int8_reordered_no_shift.o)
 .ARM.attributes
                0x000004a1       0x2e C:\ST\STEdgeAI\4.0\Middlewares\ST\AI\Lib\GCC\STM32H7\NetworkRuntime1200_CM7_GCC.a(st_sssa8_ch_nn_mat_mult_kernel_single_opt.o)
 .ARM.attributes
                0x000004cf       0x2e C:\ST\STEdgeAI\4.0\Middlewares\ST\AI\Lib\GCC\STM32H7\NetworkRuntime1200_CM7_GCC.a(st_sssa8_ch_nn_mat_mult_nt_t.o)
 .ARM.attributes
                0x000004fd       0x1c C:\ST\STEdgeAI\4.0\Middlewares\ST\AI\Lib\GCC\STM32H7\NetworkRuntime1200_CM7_GCC.a(st_sssa8_ch_nn_mat_mult_kernel_opt.o)
 .ARM.attributes
                0x00000519       0x1c C:\ST\STEdgeAI\4.0\Middlewares\ST\AI\Lib\GCC\STM32H7\NetworkRuntime1200_CM7_GCC.a(st_sssa8_ch_nn_mat_mult_pw_nt_t.o)
 .ARM.attributes
                0x00000535       0x2e C:\ST\STEdgeAI\4.0\Middlewares\ST\AI\Lib\GCC\STM32H7\NetworkRuntime1200_CM7_GCC.a(ai_math_helpers.o)
 .ARM.attributes
                0x00000563       0x2e C:\ST\STEdgeAI\4.0\Middlewares\ST\AI\Lib\GCC\STM32H7\NetworkRuntime1200_CM7_GCC.a(core_utils.o)
 .ARM.attributes
                0x00000591       0x2e C:\ST\STEdgeAI\4.0\Middlewares\ST\AI\Lib\GCC\STM32H7\NetworkRuntime1200_CM7_GCC.a(ai_math_elementwise_sum_int8.o)
 .ARM.attributes
                0x000005bf       0x2e C:\ST\STEdgeAI\4.0\Middlewares\ST\AI\Lib\GCC\STM32H7\NetworkRuntime1200_CM7_GCC.a(lite_nl_softmax_is8os8.o)
 .ARM.attributes
                0x000005ed       0x32 C:/ST/STM32CubeIDE_2.1.1/STM32CubeIDE/plugins/com.st.stm32cube.ide.mcu.externaltools.gnu-tools-for-stm32.14.3.rel1.win32_1.0.100.202602081740/tools/bin/../lib/gcc/arm-none-eabi/14.3.1/../../../../arm-none-eabi/lib/thumb/v7e-m+dp/hard\libc_nano.a(libc_a-init.o)
 .ARM.attributes
                0x0000061f       0x20 C:/ST/STM32CubeIDE_2.1.1/STM32CubeIDE/plugins/com.st.stm32cube.ide.mcu.externaltools.gnu-tools-for-stm32.14.3.rel1.win32_1.0.100.202602081740/tools/bin/../lib/gcc/arm-none-eabi/14.3.1/thumb/v7e-m+dp/hard/crtn.o
OUTPUT(network.elf elf32-littlearm)
LOAD linker stubs
LOAD C:/ST/STM32CubeIDE_2.1.1/STM32CubeIDE/plugins/com.st.stm32cube.ide.mcu.externaltools.gnu-tools-for-stm32.14.3.rel1.win32_1.0.100.202602081740/tools/bin/../lib/gcc/arm-none-eabi/14.3.1/../../../../arm-none-eabi/lib/thumb/v7e-m+dp/hard\libc.a
LOAD C:/ST/STM32CubeIDE_2.1.1/STM32CubeIDE/plugins/com.st.stm32cube.ide.mcu.externaltools.gnu-tools-for-stm32.14.3.rel1.win32_1.0.100.202602081740/tools/bin/../lib/gcc/arm-none-eabi/14.3.1/../../../../arm-none-eabi/lib/thumb/v7e-m+dp/hard\libm.a
LOAD C:/ST/STM32CubeIDE_2.1.1/STM32CubeIDE/plugins/com.st.stm32cube.ide.mcu.externaltools.gnu-tools-for-stm32.14.3.rel1.win32_1.0.100.202602081740/tools/bin/../lib/gcc/arm-none-eabi/14.3.1/thumb/v7e-m+dp/hard\libgcc.a

.debug_info     0x00000000     0xc06f
 .debug_info    0x00000000     0xbac4 network.o
 .debug_info    0x0000bac4       0xcd network_data.o
 .debug_info    0x0000bb91       0x32 startup_stm32xx.o
 .debug_info    0x0000bbc3      0x4ac stedgeai_app_main.o

.debug_abbrev   0x00000000      0x64d
 .debug_abbrev  0x00000000      0x429 network.o
 .debug_abbrev  0x00000429       0x76 network_data.o
 .debug_abbrev  0x0000049f       0x24 startup_stm32xx.o
 .debug_abbrev  0x000004c3      0x18a stedgeai_app_main.o

.debug_loc      0x00000000     0x3bbc
 .debug_loc     0x00000000     0x3bbc network.o

.debug_aranges  0x00000000      0x180
 .debug_aranges
                0x00000000      0x100 network.o
 .debug_aranges
                0x00000100       0x18 network_data.o
 .debug_aranges
                0x00000118       0x28 startup_stm32xx.o
 .debug_aranges
                0x00000140       0x40 stedgeai_app_main.o

.debug_ranges   0x00000000      0x188
 .debug_ranges  0x00000000      0x138 network.o
 .debug_ranges  0x00000138       0x20 startup_stm32xx.o
 .debug_ranges  0x00000158       0x30 stedgeai_app_main.o

.debug_macro    0x00000000     0x4129
 .debug_macro   0x00000000      0x664 network.o
 .debug_macro   0x00000664      0xade network.o
 .debug_macro   0x00001142       0x22 network.o
 .debug_macro   0x00001164       0x8e network.o
 .debug_macro   0x000011f2       0x51 network.o
 .debug_macro   0x00001243      0x103 network.o
 .debug_macro   0x00001346       0x6a network.o
 .debug_macro   0x000013b0      0x1df network.o
 .debug_macro   0x0000158f      0x190 network.o
 .debug_macro   0x0000171f       0x74 network.o
 .debug_macro   0x00001793       0x29 network.o
 .debug_macro   0x000017bc       0x3c network.o
 .debug_macro   0x000017f8       0x3a network.o
 .debug_macro   0x00001832       0x3c network.o
 .debug_macro   0x0000186e      0x4cc network.o
 .debug_macro   0x00001d3a       0x46 network.o
 .debug_macro   0x00001d80       0x22 network.o
 .debug_macro   0x00001da2      0x342 network.o
 .debug_macro   0x000020e4       0x16 network.o
 .debug_macro   0x000020fa      0x364 network.o
 .debug_macro   0x0000245e       0x16 network.o
 .debug_macro   0x00002474       0x4a network.o
 .debug_macro   0x000024be       0x34 network.o
 .debug_macro   0x000024f2       0x10 network.o
 .debug_macro   0x00002502       0x58 network.o
 .debug_macro   0x0000255a      0x1de network.o
 .debug_macro   0x00002738       0x10 network.o
 .debug_macro   0x00002748       0x20 network.o
 .debug_macro   0x00002768       0x22 network.o
 .debug_macro   0x0000278a       0x10 network.o
 .debug_macro   0x0000279a       0xc0 network.o
 .debug_macro   0x0000285a      0x229 network.o
 .debug_macro   0x00002a83       0x2e network.o
 .debug_macro   0x00002ab1       0xcf network.o
 .debug_macro   0x00002b80      0x1ed network.o
 .debug_macro   0x00002d6d       0x16 network.o
 .debug_macro   0x00002d83       0x2e network.o
 .debug_macro   0x00002db1       0xdc network.o
 .debug_macro   0x00002e8d       0x4d network.o
 .debug_macro   0x00002eda       0x25 network.o
 .debug_macro   0x00002eff       0x6d network.o
 .debug_macro   0x00002f6c       0x16 network.o
 .debug_macro   0x00002f82       0x7c network.o
 .debug_macro   0x00002ffe       0x22 network.o
 .debug_macro   0x00003020       0x10 network.o
 .debug_macro   0x00003030       0x10 network.o
 .debug_macro   0x00003040       0x11 network.o
 .debug_macro   0x00003051       0x2e network.o
 .debug_macro   0x0000307f       0x2e network.o
 .debug_macro   0x000030ad      0x19b network.o
 .debug_macro   0x00003248       0x7c network.o
 .debug_macro   0x000032c4       0x17 network.o
 .debug_macro   0x000032db      0x118 network.o
 .debug_macro   0x000033f3      0x202 network.o
 .debug_macro   0x000035f5       0x3a network.o
 .debug_macro   0x0000362f       0x16 network.o
 .debug_macro   0x00003645      0x202 network.o
 .debug_macro   0x00003847       0x16 network.o
 .debug_macro   0x0000385d       0x10 network.o
 .debug_macro   0x0000386d       0x93 network_data.o
 .debug_macro   0x00003900       0x28 network_data.o
 .debug_macro   0x00003928       0xab network_data.o
 .debug_macro   0x000039d3      0x1dc stedgeai_app_main.o
 .debug_macro   0x00003baf       0x6e stedgeai_app_main.o
 .debug_macro   0x00003c1d       0x94 stedgeai_app_main.o
 .debug_macro   0x00003cb1       0x34 stedgeai_app_main.o
 .debug_macro   0x00003ce5       0x16 stedgeai_app_main.o
 .debug_macro   0x00003cfb       0x57 stedgeai_app_main.o
 .debug_macro   0x00003d52       0x9e stedgeai_app_main.o
 .debug_macro   0x00003df0      0x112 stedgeai_app_main.o
 .debug_macro   0x00003f02       0x10 stedgeai_app_main.o
 .debug_macro   0x00003f12       0x16 stedgeai_app_main.o
 .debug_macro   0x00003f28       0x16 stedgeai_app_main.o
 .debug_macro   0x00003f3e      0x170 stedgeai_app_main.o
 .debug_macro   0x000040ae       0x16 stedgeai_app_main.o
 .debug_macro   0x000040c4       0x16 stedgeai_app_main.o
 .debug_macro   0x000040da       0x29 stedgeai_app_main.o
 .debug_macro   0x00004103       0x16 stedgeai_app_main.o
 .debug_macro   0x00004119       0x10 stedgeai_app_main.o

.debug_line     0x00000000     0x42b6
 .debug_line    0x00000000     0x3695 network.o
 .debug_line    0x00003695      0x4b1 network_data.o
 .debug_line    0x00003b46       0xb7 startup_stm32xx.o
 .debug_line    0x00003bfd      0x6b9 stedgeai_app_main.o

.debug_str      0x00000000    0x1f224
 .debug_str     0x00000000    0x1f224 network.o
                              0x1edb4 (size before relaxing)
 .debug_str     0x0001f224     0x4733 network_data.o
 .debug_str     0x0001f224       0xe3 startup_stm32xx.o
 .debug_str     0x0001f224     0x8c25 stedgeai_app_main.o

.comment        0x00000000       0x86
 .comment       0x00000000       0x86 network.o
                                 0x44 (size before relaxing)
 .comment       0x00000086       0x44 network_data.o
 .comment       0x00000086       0x44 stedgeai_app_main.o
 .comment       0x00000086       0x44 C:\ST\STEdgeAI\4.0\Middlewares\ST\AI\Lib\GCC\STM32H7\NetworkRuntime1200_CM7_GCC.a(layers_conv2d_stm32_integer.o)
 .comment       0x00000086       0x44 C:\ST\STEdgeAI\4.0\Middlewares\ST\AI\Lib\GCC\STM32H7\NetworkRuntime1200_CM7_GCC.a(layers_pool_stm32_integer.o)
 .comment       0x00000086       0x44 C:\ST\STEdgeAI\4.0\Middlewares\ST\AI\Lib\GCC\STM32H7\NetworkRuntime1200_CM7_GCC.a(layers_stm32_integer.o)
 .comment       0x00000086       0x44 C:\ST\STEdgeAI\4.0\Middlewares\ST\AI\Lib\GCC\STM32H7\NetworkRuntime1200_CM7_GCC.a(forward_lite_convert.o)
 .comment       0x00000086       0x44 C:\ST\STEdgeAI\4.0\Middlewares\ST\AI\Lib\GCC\STM32H7\NetworkRuntime1200_CM7_GCC.a(forward_lite_dense_is8os8ws8_ch.o)
 .comment       0x00000086       0x44 C:\ST\STEdgeAI\4.0\Middlewares\ST\AI\Lib\GCC\STM32H7\NetworkRuntime1200_CM7_GCC.a(forward_lite_avepool_is8os8.o)
 .comment       0x00000086       0x44 C:\ST\STEdgeAI\4.0\Middlewares\ST\AI\Lib\GCC\STM32H7\NetworkRuntime1200_CM7_GCC.a(forward_lite_dw_sssa8_ch.o)
 .comment       0x00000086       0x44 C:\ST\STEdgeAI\4.0\Middlewares\ST\AI\Lib\GCC\STM32H7\NetworkRuntime1200_CM7_GCC.a(forward_lite_pw_sssa8_ch.o)
 .comment       0x00000086       0x44 C:\ST\STEdgeAI\4.0\Middlewares\ST\AI\Lib\GCC\STM32H7\NetworkRuntime1200_CM7_GCC.a(forward_lite_conv2d_sssa8_ch.o)
 .comment       0x00000086       0x44 C:\ST\STEdgeAI\4.0\Middlewares\ST\AI\Lib\GCC\STM32H7\NetworkRuntime1200_CM7_GCC.a(lite_convert_kernel.o)
 .comment       0x00000086       0x44 C:\ST\STEdgeAI\4.0\Middlewares\ST\AI\Lib\GCC\STM32H7\NetworkRuntime1200_CM7_GCC.a(lite_nl_generic_integer.o)
 .comment       0x00000086       0x44 C:\ST\STEdgeAI\4.0\Middlewares\ST\AI\Lib\GCC\STM32H7\NetworkRuntime1200_CM7_GCC.a(forward_lite_pad_generic.o)
 .comment       0x00000086       0x44 C:\ST\STEdgeAI\4.0\Middlewares\ST\AI\Lib\GCC\STM32H7\NetworkRuntime1200_CM7_GCC.a(st_align_factor.o)
 .comment       0x00000086       0x44 C:\ST\STEdgeAI\4.0\Middlewares\ST\AI\Lib\GCC\STM32H7\NetworkRuntime1200_CM7_GCC.a(st_int8_to16_no_shift.o)
 .comment       0x00000086       0x44 C:\ST\STEdgeAI\4.0\Middlewares\ST\AI\Lib\GCC\STM32H7\NetworkRuntime1200_CM7_GCC.a(st_padding_opt.o)
 .comment       0x00000086       0x44 C:\ST\STEdgeAI\4.0\Middlewares\ST\AI\Lib\GCC\STM32H7\NetworkRuntime1200_CM7_GCC.a(st_int8_pool.o)
 .comment       0x00000086       0x44 C:\ST\STEdgeAI\4.0\Middlewares\ST\AI\Lib\GCC\STM32H7\NetworkRuntime1200_CM7_GCC.a(st_sssa8_ch_convolve.o)
 .comment       0x00000086       0x44 C:\ST\STEdgeAI\4.0\Middlewares\ST\AI\Lib\GCC\STM32H7\NetworkRuntime1200_CM7_GCC.a(st_sssa8_ch_dense.o)
 .comment       0x00000086       0x44 C:\ST\STEdgeAI\4.0\Middlewares\ST\AI\Lib\GCC\STM32H7\NetworkRuntime1200_CM7_GCC.a(st_int8_fill.o)
 .comment       0x00000086       0x44 C:\ST\STEdgeAI\4.0\Middlewares\ST\AI\Lib\GCC\STM32H7\NetworkRuntime1200_CM7_GCC.a(st_int8_reordered_no_shift.o)
 .comment       0x00000086       0x44 C:\ST\STEdgeAI\4.0\Middlewares\ST\AI\Lib\GCC\STM32H7\NetworkRuntime1200_CM7_GCC.a(st_sssa8_ch_nn_mat_mult_kernel_single_opt.o)
 .comment       0x00000086       0x44 C:\ST\STEdgeAI\4.0\Middlewares\ST\AI\Lib\GCC\STM32H7\NetworkRuntime1200_CM7_GCC.a(st_sssa8_ch_nn_mat_mult_nt_t.o)
 .comment       0x00000086       0x44 C:\ST\STEdgeAI\4.0\Middlewares\ST\AI\Lib\GCC\STM32H7\NetworkRuntime1200_CM7_GCC.a(ai_math_helpers.o)
 .comment       0x00000086       0x44 C:\ST\STEdgeAI\4.0\Middlewares\ST\AI\Lib\GCC\STM32H7\NetworkRuntime1200_CM7_GCC.a(core_utils.o)
 .comment       0x00000086       0x44 C:\ST\STEdgeAI\4.0\Middlewares\ST\AI\Lib\GCC\STM32H7\NetworkRuntime1200_CM7_GCC.a(ai_math_elementwise_sum_int8.o)
 .comment       0x00000086       0x44 C:\ST\STEdgeAI\4.0\Middlewares\ST\AI\Lib\GCC\STM32H7\NetworkRuntime1200_CM7_GCC.a(lite_nl_softmax_is8os8.o)

.debug_frame    0x00000000      0x3f8
 .debug_frame   0x00000000      0x354 network.o
 .debug_frame   0x00000354       0x78 stedgeai_app_main.o
 .debug_frame   0x000003cc       0x2c C:/ST/STM32CubeIDE_2.1.1/STM32CubeIDE/plugins/com.st.stm32cube.ide.mcu.externaltools.gnu-tools-for-stm32.14.3.rel1.win32_1.0.100.202602081740/tools/bin/../lib/gcc/arm-none-eabi/14.3.1/../../../../arm-none-eabi/lib/thumb/v7e-m+dp/hard\libc_nano.a(libc_a-init.o)

Cross Reference Table

Symbol                                            File
BusFault_Handler                                  startup_stm32xx.o
DebugMon_Handler                                  startup_stm32xx.o
Default_Handler                                   startup_stm32xx.o
HardFault_Handler                                 startup_stm32xx.o
MemManage_Handler                                 startup_stm32xx.o
NMI_Handler                                       startup_stm32xx.o
PendSV_Handler                                    startup_stm32xx.o
Reset_Handler                                     startup_stm32xx.o
SVC_Handler                                       startup_stm32xx.o
SysTick_Handler                                   startup_stm32xx.o
SystemInit                                        stedgeai_app_main.o
                                                  startup_stm32xx.o
UsageFault_Handler                                startup_stm32xx.o
_Min_Stack_Size                                   sysmem.o
__aeabi_f2lz                                      C:/ST/STM32CubeIDE_2.1.1/STM32CubeIDE/plugins/com.st.stm32cube.ide.mcu.externaltools.gnu-tools-for-stm32.14.3.rel1.win32_1.0.100.202602081740/tools/bin/../lib/gcc/arm-none-eabi/14.3.1/thumb/v7e-m+dp/hard\libgcc.a(_fixsfdi.o)
                                                  C:\ST\STEdgeAI\4.0\Middlewares\ST\AI\Lib\GCC\STM32H7\NetworkRuntime1200_CM7_GCC.a(st_align_factor.o)
__aeabi_f2ulz                                     C:/ST/STM32CubeIDE_2.1.1/STM32CubeIDE/plugins/com.st.stm32cube.ide.mcu.externaltools.gnu-tools-for-stm32.14.3.rel1.win32_1.0.100.202602081740/tools/bin/../lib/gcc/arm-none-eabi/14.3.1/thumb/v7e-m+dp/hard\libgcc.a(_fixunssfdi.o)
                                                  C:/ST/STM32CubeIDE_2.1.1/STM32CubeIDE/plugins/com.st.stm32cube.ide.mcu.externaltools.gnu-tools-for-stm32.14.3.rel1.win32_1.0.100.202602081740/tools/bin/../lib/gcc/arm-none-eabi/14.3.1/thumb/v7e-m+dp/hard\libgcc.a(_fixsfdi.o)
__bss_end__                                       C:/ST/STM32CubeIDE_2.1.1/STM32CubeIDE/plugins/com.st.stm32cube.ide.mcu.externaltools.gnu-tools-for-stm32.14.3.rel1.win32_1.0.100.202602081740/tools/bin/../lib/gcc/arm-none-eabi/14.3.1/../../../../arm-none-eabi/lib/thumb/v7e-m+dp/hard/crt0.o
__bss_start__                                     C:/ST/STM32CubeIDE_2.1.1/STM32CubeIDE/plugins/com.st.stm32cube.ide.mcu.externaltools.gnu-tools-for-stm32.14.3.rel1.win32_1.0.100.202602081740/tools/bin/../lib/gcc/arm-none-eabi/14.3.1/../../../../arm-none-eabi/lib/thumb/v7e-m+dp/hard/crt0.o
__call_exitprocs                                  C:/ST/STM32CubeIDE_2.1.1/STM32CubeIDE/plugins/com.st.stm32cube.ide.mcu.externaltools.gnu-tools-for-stm32.14.3.rel1.win32_1.0.100.202602081740/tools/bin/../lib/gcc/arm-none-eabi/14.3.1/../../../../arm-none-eabi/lib/thumb/v7e-m+dp/hard\libc_nano.a(libc_a-exit.o)
__deregister_frame_info                           C:/ST/STM32CubeIDE_2.1.1/STM32CubeIDE/plugins/com.st.stm32cube.ide.mcu.externaltools.gnu-tools-for-stm32.14.3.rel1.win32_1.0.100.202602081740/tools/bin/../lib/gcc/arm-none-eabi/14.3.1/thumb/v7e-m+dp/hard/crtbegin.o
__dso_handle                                      C:/ST/STM32CubeIDE_2.1.1/STM32CubeIDE/plugins/com.st.stm32cube.ide.mcu.externaltools.gnu-tools-for-stm32.14.3.rel1.win32_1.0.100.202602081740/tools/bin/../lib/gcc/arm-none-eabi/14.3.1/thumb/v7e-m+dp/hard/crtbegin.o
__env                                             syscalls.o
__errno                                           C:/ST/STM32CubeIDE_2.1.1/STM32CubeIDE/plugins/com.st.stm32cube.ide.mcu.externaltools.gnu-tools-for-stm32.14.3.rel1.win32_1.0.100.202602081740/tools/bin/../lib/gcc/arm-none-eabi/14.3.1/../../../../arm-none-eabi/lib/thumb/v7e-m+dp/hard\libc_nano.a(libc_a-errno.o)
                                                  C:/ST/STM32CubeIDE_2.1.1/STM32CubeIDE/plugins/com.st.stm32cube.ide.mcu.externaltools.gnu-tools-for-stm32.14.3.rel1.win32_1.0.100.202602081740/tools/bin/../lib/gcc/arm-none-eabi/14.3.1/../../../../arm-none-eabi/lib/thumb/v7e-m+dp/hard\libm.a(libm_a-math_errf.o)
                                                  C:/ST/STM32CubeIDE_2.1.1/STM32CubeIDE/plugins/com.st.stm32cube.ide.mcu.externaltools.gnu-tools-for-stm32.14.3.rel1.win32_1.0.100.202602081740/tools/bin/../lib/gcc/arm-none-eabi/14.3.1/../../../../arm-none-eabi/lib/thumb/v7e-m+dp/hard\libm.a(libm_a-math_err.o)
                                                  C:/ST/STM32CubeIDE_2.1.1/STM32CubeIDE/plugins/com.st.stm32cube.ide.mcu.externaltools.gnu-tools-for-stm32.14.3.rel1.win32_1.0.100.202602081740/tools/bin/../lib/gcc/arm-none-eabi/14.3.1/../../../../arm-none-eabi/lib/thumb/v7e-m+dp/hard\libm.a(libm_a-wf_fmod.o)
                                                  C:/ST/STM32CubeIDE_2.1.1/STM32CubeIDE/plugins/com.st.stm32cube.ide.mcu.externaltools.gnu-tools-for-stm32.14.3.rel1.win32_1.0.100.202602081740/tools/bin/../lib/gcc/arm-none-eabi/14.3.1/../../../../arm-none-eabi/lib/thumb/v7e-m+dp/hard\libm.a(libm_a-wf_cosh.o)
                                                  sysmem.o
                                                  syscalls.o
__exp2f_data                                      C:/ST/STM32CubeIDE_2.1.1/STM32CubeIDE/plugins/com.st.stm32cube.ide.mcu.externaltools.gnu-tools-for-stm32.14.3.rel1.win32_1.0.100.202602081740/tools/bin/../lib/gcc/arm-none-eabi/14.3.1/../../../../arm-none-eabi/lib/thumb/v7e-m+dp/hard\libm.a(libm_a-sf_exp2_data.o)
                                                  C:/ST/STM32CubeIDE_2.1.1/STM32CubeIDE/plugins/com.st.stm32cube.ide.mcu.externaltools.gnu-tools-for-stm32.14.3.rel1.win32_1.0.100.202602081740/tools/bin/../lib/gcc/arm-none-eabi/14.3.1/../../../../arm-none-eabi/lib/thumb/v7e-m+dp/hard\libm.a(libm_a-sf_pow.o)
                                                  C:/ST/STM32CubeIDE_2.1.1/STM32CubeIDE/plugins/com.st.stm32cube.ide.mcu.externaltools.gnu-tools-for-stm32.14.3.rel1.win32_1.0.100.202602081740/tools/bin/../lib/gcc/arm-none-eabi/14.3.1/../../../../arm-none-eabi/lib/thumb/v7e-m+dp/hard\libm.a(libm_a-sf_exp.o)
__fixsfdi                                         C:/ST/STM32CubeIDE_2.1.1/STM32CubeIDE/plugins/com.st.stm32cube.ide.mcu.externaltools.gnu-tools-for-stm32.14.3.rel1.win32_1.0.100.202602081740/tools/bin/../lib/gcc/arm-none-eabi/14.3.1/thumb/v7e-m+dp/hard\libgcc.a(_fixsfdi.o)
__fixunssfdi                                      C:/ST/STM32CubeIDE_2.1.1/STM32CubeIDE/plugins/com.st.stm32cube.ide.mcu.externaltools.gnu-tools-for-stm32.14.3.rel1.win32_1.0.100.202602081740/tools/bin/../lib/gcc/arm-none-eabi/14.3.1/thumb/v7e-m+dp/hard\libgcc.a(_fixunssfdi.o)
__fp_lock_all                                     C:/ST/STM32CubeIDE_2.1.1/STM32CubeIDE/plugins/com.st.stm32cube.ide.mcu.externaltools.gnu-tools-for-stm32.14.3.rel1.win32_1.0.100.202602081740/tools/bin/../lib/gcc/arm-none-eabi/14.3.1/../../../../arm-none-eabi/lib/thumb/v7e-m+dp/hard\libc_nano.a(libc_a-findfp.o)
__fp_unlock_all                                   C:/ST/STM32CubeIDE_2.1.1/STM32CubeIDE/plugins/com.st.stm32cube.ide.mcu.externaltools.gnu-tools-for-stm32.14.3.rel1.win32_1.0.100.202602081740/tools/bin/../lib/gcc/arm-none-eabi/14.3.1/../../../../arm-none-eabi/lib/thumb/v7e-m+dp/hard\libc_nano.a(libc_a-findfp.o)
__ieee754_coshf                                   C:/ST/STM32CubeIDE_2.1.1/STM32CubeIDE/plugins/com.st.stm32cube.ide.mcu.externaltools.gnu-tools-for-stm32.14.3.rel1.win32_1.0.100.202602081740/tools/bin/../lib/gcc/arm-none-eabi/14.3.1/../../../../arm-none-eabi/lib/thumb/v7e-m+dp/hard\libm.a(libm_a-ef_cosh.o)
                                                  C:/ST/STM32CubeIDE_2.1.1/STM32CubeIDE/plugins/com.st.stm32cube.ide.mcu.externaltools.gnu-tools-for-stm32.14.3.rel1.win32_1.0.100.202602081740/tools/bin/../lib/gcc/arm-none-eabi/14.3.1/../../../../arm-none-eabi/lib/thumb/v7e-m+dp/hard\libm.a(libm_a-wf_cosh.o)
__ieee754_fmodf                                   C:/ST/STM32CubeIDE_2.1.1/STM32CubeIDE/plugins/com.st.stm32cube.ide.mcu.externaltools.gnu-tools-for-stm32.14.3.rel1.win32_1.0.100.202602081740/tools/bin/../lib/gcc/arm-none-eabi/14.3.1/../../../../arm-none-eabi/lib/thumb/v7e-m+dp/hard\libm.a(libm_a-ef_fmod.o)
                                                  C:/ST/STM32CubeIDE_2.1.1/STM32CubeIDE/plugins/com.st.stm32cube.ide.mcu.externaltools.gnu-tools-for-stm32.14.3.rel1.win32_1.0.100.202602081740/tools/bin/../lib/gcc/arm-none-eabi/14.3.1/../../../../arm-none-eabi/lib/thumb/v7e-m+dp/hard\libm.a(libm_a-wf_fmod.o)
__init_array_end                                  C:/ST/STM32CubeIDE_2.1.1/STM32CubeIDE/plugins/com.st.stm32cube.ide.mcu.externaltools.gnu-tools-for-stm32.14.3.rel1.win32_1.0.100.202602081740/tools/bin/../lib/gcc/arm-none-eabi/14.3.1/../../../../arm-none-eabi/lib/thumb/v7e-m+dp/hard\libc_nano.a(libc_a-init.o)
__init_array_start                                C:/ST/STM32CubeIDE_2.1.1/STM32CubeIDE/plugins/com.st.stm32cube.ide.mcu.externaltools.gnu-tools-for-stm32.14.3.rel1.win32_1.0.100.202602081740/tools/bin/../lib/gcc/arm-none-eabi/14.3.1/../../../../arm-none-eabi/lib/thumb/v7e-m+dp/hard\libc_nano.a(libc_a-init.o)
__io_getchar                                      syscalls.o
__io_putchar                                      syscalls.o
__libc_fini_array                                 C:/ST/STM32CubeIDE_2.1.1/STM32CubeIDE/plugins/com.st.stm32cube.ide.mcu.externaltools.gnu-tools-for-stm32.14.3.rel1.win32_1.0.100.202602081740/tools/bin/../lib/gcc/arm-none-eabi/14.3.1/../../../../arm-none-eabi/lib/thumb/v7e-m+dp/hard/crt0.o
__libc_init_array                                 C:/ST/STM32CubeIDE_2.1.1/STM32CubeIDE/plugins/com.st.stm32cube.ide.mcu.externaltools.gnu-tools-for-stm32.14.3.rel1.win32_1.0.100.202602081740/tools/bin/../lib/gcc/arm-none-eabi/14.3.1/../../../../arm-none-eabi/lib/thumb/v7e-m+dp/hard\libc_nano.a(libc_a-init.o)
                                                  startup_stm32xx.o
                                                  C:/ST/STM32CubeIDE_2.1.1/STM32CubeIDE/plugins/com.st.stm32cube.ide.mcu.externaltools.gnu-tools-for-stm32.14.3.rel1.win32_1.0.100.202602081740/tools/bin/../lib/gcc/arm-none-eabi/14.3.1/../../../../arm-none-eabi/lib/thumb/v7e-m+dp/hard/crt0.o
__lock___arc4random_mutex                         C:/ST/STM32CubeIDE_2.1.1/STM32CubeIDE/plugins/com.st.stm32cube.ide.mcu.externaltools.gnu-tools-for-stm32.14.3.rel1.win32_1.0.100.202602081740/tools/bin/../lib/gcc/arm-none-eabi/14.3.1/../../../../arm-none-eabi/lib/thumb/v7e-m+dp/hard\libc_nano.a(libc_a-lock.o)
__lock___at_quick_exit_mutex                      C:/ST/STM32CubeIDE_2.1.1/STM32CubeIDE/plugins/com.st.stm32cube.ide.mcu.externaltools.gnu-tools-for-stm32.14.3.rel1.win32_1.0.100.202602081740/tools/bin/../lib/gcc/arm-none-eabi/14.3.1/../../../../arm-none-eabi/lib/thumb/v7e-m+dp/hard\libc_nano.a(libc_a-lock.o)
__lock___atexit_recursive_mutex                   C:/ST/STM32CubeIDE_2.1.1/STM32CubeIDE/plugins/com.st.stm32cube.ide.mcu.externaltools.gnu-tools-for-stm32.14.3.rel1.win32_1.0.100.202602081740/tools/bin/../lib/gcc/arm-none-eabi/14.3.1/../../../../arm-none-eabi/lib/thumb/v7e-m+dp/hard\libc_nano.a(libc_a-lock.o)
__lock___dd_hash_mutex                            C:/ST/STM32CubeIDE_2.1.1/STM32CubeIDE/plugins/com.st.stm32cube.ide.mcu.externaltools.gnu-tools-for-stm32.14.3.rel1.win32_1.0.100.202602081740/tools/bin/../lib/gcc/arm-none-eabi/14.3.1/../../../../arm-none-eabi/lib/thumb/v7e-m+dp/hard\libc_nano.a(libc_a-lock.o)
__lock___env_recursive_mutex                      C:/ST/STM32CubeIDE_2.1.1/STM32CubeIDE/plugins/com.st.stm32cube.ide.mcu.externaltools.gnu-tools-for-stm32.14.3.rel1.win32_1.0.100.202602081740/tools/bin/../lib/gcc/arm-none-eabi/14.3.1/../../../../arm-none-eabi/lib/thumb/v7e-m+dp/hard\libc_nano.a(libc_a-lock.o)
__lock___malloc_recursive_mutex                   C:/ST/STM32CubeIDE_2.1.1/STM32CubeIDE/plugins/com.st.stm32cube.ide.mcu.externaltools.gnu-tools-for-stm32.14.3.rel1.win32_1.0.100.202602081740/tools/bin/../lib/gcc/arm-none-eabi/14.3.1/../../../../arm-none-eabi/lib/thumb/v7e-m+dp/hard\libc_nano.a(libc_a-lock.o)
                                                  C:/ST/STM32CubeIDE_2.1.1/STM32CubeIDE/plugins/com.st.stm32cube.ide.mcu.externaltools.gnu-tools-for-stm32.14.3.rel1.win32_1.0.100.202602081740/tools/bin/../lib/gcc/arm-none-eabi/14.3.1/../../../../arm-none-eabi/lib/thumb/v7e-m+dp/hard\libc_nano.a(libc_a-mlock.o)
__lock___sfp_recursive_mutex                      C:/ST/STM32CubeIDE_2.1.1/STM32CubeIDE/plugins/com.st.stm32cube.ide.mcu.externaltools.gnu-tools-for-stm32.14.3.rel1.win32_1.0.100.202602081740/tools/bin/../lib/gcc/arm-none-eabi/14.3.1/../../../../arm-none-eabi/lib/thumb/v7e-m+dp/hard\libc_nano.a(libc_a-lock.o)
                                                  C:/ST/STM32CubeIDE_2.1.1/STM32CubeIDE/plugins/com.st.stm32cube.ide.mcu.externaltools.gnu-tools-for-stm32.14.3.rel1.win32_1.0.100.202602081740/tools/bin/../lib/gcc/arm-none-eabi/14.3.1/../../../../arm-none-eabi/lib/thumb/v7e-m+dp/hard\libc_nano.a(libc_a-findfp.o)
__lock___tz_mutex                                 C:/ST/STM32CubeIDE_2.1.1/STM32CubeIDE/plugins/com.st.stm32cube.ide.mcu.externaltools.gnu-tools-for-stm32.14.3.rel1.win32_1.0.100.202602081740/tools/bin/../lib/gcc/arm-none-eabi/14.3.1/../../../../arm-none-eabi/lib/thumb/v7e-m+dp/hard\libc_nano.a(libc_a-lock.o)
__logf_data                                       C:/ST/STM32CubeIDE_2.1.1/STM32CubeIDE/plugins/com.st.stm32cube.ide.mcu.externaltools.gnu-tools-for-stm32.14.3.rel1.win32_1.0.100.202602081740/tools/bin/../lib/gcc/arm-none-eabi/14.3.1/../../../../arm-none-eabi/lib/thumb/v7e-m+dp/hard\libm.a(libm_a-sf_log_data.o)
                                                  C:/ST/STM32CubeIDE_2.1.1/STM32CubeIDE/plugins/com.st.stm32cube.ide.mcu.externaltools.gnu-tools-for-stm32.14.3.rel1.win32_1.0.100.202602081740/tools/bin/../lib/gcc/arm-none-eabi/14.3.1/../../../../arm-none-eabi/lib/thumb/v7e-m+dp/hard\libm.a(libm_a-sf_log.o)
__malloc_free_list                                C:/ST/STM32CubeIDE_2.1.1/STM32CubeIDE/plugins/com.st.stm32cube.ide.mcu.externaltools.gnu-tools-for-stm32.14.3.rel1.win32_1.0.100.202602081740/tools/bin/../lib/gcc/arm-none-eabi/14.3.1/../../../../arm-none-eabi/lib/thumb/v7e-m+dp/hard\libc_nano.a(libc_a-mallocr.o)
                                                  C:/ST/STM32CubeIDE_2.1.1/STM32CubeIDE/plugins/com.st.stm32cube.ide.mcu.externaltools.gnu-tools-for-stm32.14.3.rel1.win32_1.0.100.202602081740/tools/bin/../lib/gcc/arm-none-eabi/14.3.1/../../../../arm-none-eabi/lib/thumb/v7e-m+dp/hard\libc_nano.a(libc_a-freer.o)
__malloc_lock                                     C:/ST/STM32CubeIDE_2.1.1/STM32CubeIDE/plugins/com.st.stm32cube.ide.mcu.externaltools.gnu-tools-for-stm32.14.3.rel1.win32_1.0.100.202602081740/tools/bin/../lib/gcc/arm-none-eabi/14.3.1/../../../../arm-none-eabi/lib/thumb/v7e-m+dp/hard\libc_nano.a(libc_a-mlock.o)
                                                  C:/ST/STM32CubeIDE_2.1.1/STM32CubeIDE/plugins/com.st.stm32cube.ide.mcu.externaltools.gnu-tools-for-stm32.14.3.rel1.win32_1.0.100.202602081740/tools/bin/../lib/gcc/arm-none-eabi/14.3.1/../../../../arm-none-eabi/lib/thumb/v7e-m+dp/hard\libc_nano.a(libc_a-freer.o)
                                                  C:/ST/STM32CubeIDE_2.1.1/STM32CubeIDE/plugins/com.st.stm32cube.ide.mcu.externaltools.gnu-tools-for-stm32.14.3.rel1.win32_1.0.100.202602081740/tools/bin/../lib/gcc/arm-none-eabi/14.3.1/../../../../arm-none-eabi/lib/thumb/v7e-m+dp/hard\libc_nano.a(libc_a-mallocr.o)
__malloc_sbrk_start                               C:/ST/STM32CubeIDE_2.1.1/STM32CubeIDE/plugins/com.st.stm32cube.ide.mcu.externaltools.gnu-tools-for-stm32.14.3.rel1.win32_1.0.100.202602081740/tools/bin/../lib/gcc/arm-none-eabi/14.3.1/../../../../arm-none-eabi/lib/thumb/v7e-m+dp/hard\libc_nano.a(libc_a-mallocr.o)
__malloc_unlock                                   C:/ST/STM32CubeIDE_2.1.1/STM32CubeIDE/plugins/com.st.stm32cube.ide.mcu.externaltools.gnu-tools-for-stm32.14.3.rel1.win32_1.0.100.202602081740/tools/bin/../lib/gcc/arm-none-eabi/14.3.1/../../../../arm-none-eabi/lib/thumb/v7e-m+dp/hard\libc_nano.a(libc_a-mlock.o)
                                                  C:/ST/STM32CubeIDE_2.1.1/STM32CubeIDE/plugins/com.st.stm32cube.ide.mcu.externaltools.gnu-tools-for-stm32.14.3.rel1.win32_1.0.100.202602081740/tools/bin/../lib/gcc/arm-none-eabi/14.3.1/../../../../arm-none-eabi/lib/thumb/v7e-m+dp/hard\libc_nano.a(libc_a-freer.o)
                                                  C:/ST/STM32CubeIDE_2.1.1/STM32CubeIDE/plugins/com.st.stm32cube.ide.mcu.externaltools.gnu-tools-for-stm32.14.3.rel1.win32_1.0.100.202602081740/tools/bin/../lib/gcc/arm-none-eabi/14.3.1/../../../../arm-none-eabi/lib/thumb/v7e-m+dp/hard\libc_nano.a(libc_a-mallocr.o)
__math_check_oflow                                C:/ST/STM32CubeIDE_2.1.1/STM32CubeIDE/plugins/com.st.stm32cube.ide.mcu.externaltools.gnu-tools-for-stm32.14.3.rel1.win32_1.0.100.202602081740/tools/bin/../lib/gcc/arm-none-eabi/14.3.1/../../../../arm-none-eabi/lib/thumb/v7e-m+dp/hard\libm.a(libm_a-math_err.o)
__math_check_uflow                                C:/ST/STM32CubeIDE_2.1.1/STM32CubeIDE/plugins/com.st.stm32cube.ide.mcu.externaltools.gnu-tools-for-stm32.14.3.rel1.win32_1.0.100.202602081740/tools/bin/../lib/gcc/arm-none-eabi/14.3.1/../../../../arm-none-eabi/lib/thumb/v7e-m+dp/hard\libm.a(libm_a-math_err.o)
__math_divzero                                    C:/ST/STM32CubeIDE_2.1.1/STM32CubeIDE/plugins/com.st.stm32cube.ide.mcu.externaltools.gnu-tools-for-stm32.14.3.rel1.win32_1.0.100.202602081740/tools/bin/../lib/gcc/arm-none-eabi/14.3.1/../../../../arm-none-eabi/lib/thumb/v7e-m+dp/hard\libm.a(libm_a-math_err.o)
__math_divzerof                                   C:/ST/STM32CubeIDE_2.1.1/STM32CubeIDE/plugins/com.st.stm32cube.ide.mcu.externaltools.gnu-tools-for-stm32.14.3.rel1.win32_1.0.100.202602081740/tools/bin/../lib/gcc/arm-none-eabi/14.3.1/../../../../arm-none-eabi/lib/thumb/v7e-m+dp/hard\libm.a(libm_a-math_errf.o)
                                                  C:/ST/STM32CubeIDE_2.1.1/STM32CubeIDE/plugins/com.st.stm32cube.ide.mcu.externaltools.gnu-tools-for-stm32.14.3.rel1.win32_1.0.100.202602081740/tools/bin/../lib/gcc/arm-none-eabi/14.3.1/../../../../arm-none-eabi/lib/thumb/v7e-m+dp/hard\libm.a(libm_a-sf_pow.o)