Archive member included to satisfy reference by file (symbol)

../../../Middlewares/ST/AI/Lib/NetworkRuntime1200_CM7_GCC.a\NetworkRuntime1200_CM7_GCC.a(stai_internal.o)
                              ./Middlewares/ST/AI/Misc/Src/aiTestHelper_ST_AI.o (stai_runtime_get_info)
../../../Middlewares/ST/AI/Lib/NetworkRuntime1200_CM7_GCC.a\NetworkRuntime1200_CM7_GCC.a(layers_conv2d_stm32_integer.o)
                              ./CM7/AI/App/network.o (forward_dense_integer_SSSA_ch)
../../../Middlewares/ST/AI/Lib/NetworkRuntime1200_CM7_GCC.a\NetworkRuntime1200_CM7_GCC.a(layers_pool_stm32_integer.o)
                              ./CM7/AI/App/network.o (forward_ap_integer_INT8)
../../../Middlewares/ST/AI/Lib/NetworkRuntime1200_CM7_GCC.a\NetworkRuntime1200_CM7_GCC.a(layers_stm32_integer.o)
                              ./CM7/AI/App/network.o (forward_eltwise_integer_INT8)
../../../Middlewares/ST/AI/Lib/NetworkRuntime1200_CM7_GCC.a\NetworkRuntime1200_CM7_GCC.a(forward_lite_convert.o)
                              ./CM7/AI/App/network.o (forward_lite_node_convert_integer_is8of32)
../../../Middlewares/ST/AI/Lib/NetworkRuntime1200_CM7_GCC.a\NetworkRuntime1200_CM7_GCC.a(forward_lite_dense_is8os8ws8_ch.o)
                              ../../../Middlewares/ST/AI/Lib/NetworkRuntime1200_CM7_GCC.a\NetworkRuntime1200_CM7_GCC.a(layers_conv2d_stm32_integer.o) (forward_lite_dense_is8os8ws8_ch)
../../../Middlewares/ST/AI/Lib/NetworkRuntime1200_CM7_GCC.a\NetworkRuntime1200_CM7_GCC.a(forward_lite_dense_is8os8ws8.o)
                              ../../../Middlewares/ST/AI/Lib/NetworkRuntime1200_CM7_GCC.a\NetworkRuntime1200_CM7_GCC.a(layers_conv2d_stm32_integer.o) (forward_lite_dense_is8os8ws8)
../../../Middlewares/ST/AI/Lib/NetworkRuntime1200_CM7_GCC.a\NetworkRuntime1200_CM7_GCC.a(forward_lite_maxpool_is8os8_scalepos.o)
                              ../../../Middlewares/ST/AI/Lib/NetworkRuntime1200_CM7_GCC.a\NetworkRuntime1200_CM7_GCC.a(layers_pool_stm32_integer.o) (forward_lite_maxpool_is8os8_scalepos)
../../../Middlewares/ST/AI/Lib/NetworkRuntime1200_CM7_GCC.a\NetworkRuntime1200_CM7_GCC.a(forward_lite_avepool_is8os8.o)
                              ../../../Middlewares/ST/AI/Lib/NetworkRuntime1200_CM7_GCC.a\NetworkRuntime1200_CM7_GCC.a(layers_pool_stm32_integer.o) (forward_lite_avepool_is8os8)
../../../Middlewares/ST/AI/Lib/NetworkRuntime1200_CM7_GCC.a\NetworkRuntime1200_CM7_GCC.a(forward_lite_dw_sssa8_ch.o)
                              ./CM7/AI/App/network.o (forward_lite_dw_3x3_sssa8_ch)
../../../Middlewares/ST/AI/Lib/NetworkRuntime1200_CM7_GCC.a\NetworkRuntime1200_CM7_GCC.a(forward_lite_pw_sssa8_ch.o)
                              ./CM7/AI/App/network.o (forward_lite_pw_sssa8_ch)
../../../Middlewares/ST/AI/Lib/NetworkRuntime1200_CM7_GCC.a\NetworkRuntime1200_CM7_GCC.a(forward_lite_conv2d_sssa8_ch.o)
                              ./CM7/AI/App/network.o (forward_lite_conv2d_rgb_sssa8_ch)
../../../Middlewares/ST/AI/Lib/NetworkRuntime1200_CM7_GCC.a\NetworkRuntime1200_CM7_GCC.a(lite_convert_kernel.o)
                              ../../../Middlewares/ST/AI/Lib/NetworkRuntime1200_CM7_GCC.a\NetworkRuntime1200_CM7_GCC.a(forward_lite_convert.o) (lite_convert_is8of32)
../../../Middlewares/ST/AI/Lib/NetworkRuntime1200_CM7_GCC.a\NetworkRuntime1200_CM7_GCC.a(forward_lite_maxpool_is16os16.o)
                              ../../../Middlewares/ST/AI/Lib/NetworkRuntime1200_CM7_GCC.a\NetworkRuntime1200_CM7_GCC.a(layers_pool_stm32_integer.o) (forward_lite_maxpool_is16os16_scalepos)
../../../Middlewares/ST/AI/Lib/NetworkRuntime1200_CM7_GCC.a\NetworkRuntime1200_CM7_GCC.a(forward_lite_maxpool_is8os8.o)
                              ../../../Middlewares/ST/AI/Lib/NetworkRuntime1200_CM7_GCC.a\NetworkRuntime1200_CM7_GCC.a(layers_pool_stm32_integer.o) (forward_lite_maxpool_is8os8_scaleneg)
../../../Middlewares/ST/AI/Lib/NetworkRuntime1200_CM7_GCC.a\NetworkRuntime1200_CM7_GCC.a(forward_lite_maxpool_iu16ou16.o)
                              ../../../Middlewares/ST/AI/Lib/NetworkRuntime1200_CM7_GCC.a\NetworkRuntime1200_CM7_GCC.a(layers_pool_stm32_integer.o) (forward_lite_maxpool_iu16ou16_scalepos)
../../../Middlewares/ST/AI/Lib/NetworkRuntime1200_CM7_GCC.a\NetworkRuntime1200_CM7_GCC.a(forward_lite_maxpool_iu8ou8.o)
                              ../../../Middlewares/ST/AI/Lib/NetworkRuntime1200_CM7_GCC.a\NetworkRuntime1200_CM7_GCC.a(layers_pool_stm32_integer.o) (forward_lite_maxpool_iu8ou8_scalepos)
../../../Middlewares/ST/AI/Lib/NetworkRuntime1200_CM7_GCC.a\NetworkRuntime1200_CM7_GCC.a(lite_nl_generic_integer.o)
                              ./CM7/AI/App/network.o (forward_lite_nl_softmax_is8os8)
../../../Middlewares/ST/AI/Lib/NetworkRuntime1200_CM7_GCC.a\NetworkRuntime1200_CM7_GCC.a(forward_lite_pad_generic.o)
                              ./CM7/AI/App/network.o (forward_lite_pad_constant)
../../../Middlewares/ST/AI/Lib/NetworkRuntime1200_CM7_GCC.a\NetworkRuntime1200_CM7_GCC.a(st_align_factor.o)
[...]
Memory Configuration

Name             Origin             Length             Attributes
ITCMRAM          0x00000000         0x00010000         xrw
FLASH            0x08000000         0x00100000         xr
DTCMRAM          0x20000000         0x00020003         xrw
RAM_D1           0x24000000         0x00080000         xrw
RAM_D2           0x30000000         0x00048000         xrw
RAM_D3           0x38000000         0x00010000         xrw
*default*        0x00000000         0xffffffff

Linker script and memory map

LOAD C:/ST/STM32CubeIDE_2.1.1/STM32CubeIDE/plugins/com.st.stm32cube.ide.mcu.externaltools.gnu-tools-for-stm32.14.3.rel1.win32_1.0.100.202602081740/tools/bin/../lib/gcc/arm-none-eabi/14.3.1/thumb/v7e-m+dp/hard/crti.o
LOAD C:/ST/STM32CubeIDE_2.1.1/STM32CubeIDE/plugins/com.st.stm32cube.ide.mcu.externaltools.gnu-tools-for-stm32.14.3.rel1.win32_1.0.100.202602081740/tools/bin/../lib/gcc/arm-none-eabi/14.3.1/thumb/v7e-m+dp/hard/crtbegin.o
LOAD C:/ST/STM32CubeIDE_2.1.1/STM32CubeIDE/plugins/com.st.stm32cube.ide.mcu.externaltools.gnu-tools-for-stm32.14.3.rel1.win32_1.0.100.202602081740/tools/bin/../lib/gcc/arm-none-eabi/14.3.1/../../../../arm-none-eabi/lib/thumb/v7e-m+dp/hard/crt0.o
LOAD ./Application/User/Core/main.o
LOAD ./Application/User/Core/stm32h7xx_hal_msp.o
LOAD ./Application/User/Core/stm32h7xx_it.o
LOAD ./Application/User/Core/syscalls.o
LOAD ./Application/User/Core/sysmem.o
LOAD ./Application/User/Startup/startup_stm32h745zitx.o
LOAD ./CM7/AI/App/app_x-cube-ai.o
LOAD ./CM7/AI/App/network.o
LOAD ./CM7/AI/App/network_data.o
LOAD ./CM7/AI/App/network_weights.o
LOAD ./CM7/AI/App/user_init.o
LOAD ./Drivers/CMSIS/system_stm32h7xx_dualcore_boot_cm4_cm7.o
LOAD ./Drivers/STM32H7xx_HAL_Driver/stm32h7xx_hal.o
LOAD ./Drivers/STM32H7xx_HAL_Driver/stm32h7xx_hal_cortex.o
LOAD ./Drivers/STM32H7xx_HAL_Driver/stm32h7xx_hal_dma.o
LOAD ./Drivers/STM32H7xx_HAL_Driver/stm32h7xx_hal_dma_ex.o
LOAD ./Drivers/STM32H7xx_HAL_Driver/stm32h7xx_hal_exti.o
LOAD ./Drivers/STM32H7xx_HAL_Driver/stm32h7xx_hal_flash.o
LOAD ./Drivers/STM32H7xx_HAL_Driver/stm32h7xx_hal_flash_ex.o
LOAD ./Drivers/STM32H7xx_HAL_Driver/stm32h7xx_hal_gpio.o
LOAD ./Drivers/STM32H7xx_HAL_Driver/stm32h7xx_hal_hsem.o
LOAD ./Drivers/STM32H7xx_HAL_Driver/stm32h7xx_hal_i2c.o
LOAD ./Drivers/STM32H7xx_HAL_Driver/stm32h7xx_hal_i2c_ex.o
LOAD ./Drivers/STM32H7xx_HAL_Driver/stm32h7xx_hal_mdma.o
LOAD ./Drivers/STM32H7xx_HAL_Driver/stm32h7xx_hal_pwr.o
LOAD ./Drivers/STM32H7xx_HAL_Driver/stm32h7xx_hal_pwr_ex.o
LOAD ./Drivers/STM32H7xx_HAL_Driver/stm32h7xx_hal_rcc.o
LOAD ./Drivers/STM32H7xx_HAL_Driver/stm32h7xx_hal_rcc_ex.o
LOAD ./Drivers/STM32H7xx_HAL_Driver/stm32h7xx_hal_tim.o
LOAD ./Drivers/STM32H7xx_HAL_Driver/stm32h7xx_hal_tim_ex.o
LOAD ./Drivers/STM32H7xx_HAL_Driver/stm32h7xx_hal_uart.o
LOAD ./Drivers/STM32H7xx_HAL_Driver/stm32h7xx_hal_uart_ex.o
LOAD ./Middlewares/ST/AI/Misc/Src/aiTestHelper_ST_AI.o
LOAD ./Middlewares/ST/AI/Misc/Src/aiTestUtility.o
LOAD ./Middlewares/ST/AI/Misc/Src/ai_device_adaptor.o
LOAD ./Middlewares/ST/AI/Misc/Src/lc_print.o
LOAD ./Middlewares/ST/AI/Misc/Src/syscalls.o
LOAD ./Middlewares/ST/AI/Validation/Src/aiPbIO.o
LOAD ./Middlewares/ST/AI/Validation/Src/aiPbMemRWServices.o
LOAD ./Middlewares/ST/AI/Validation/Src/aiPbMgr.o
LOAD ./Middlewares/ST/AI/Validation/Src/aiValidation_ST_AI.o
LOAD ./Middlewares/ST/AI/Validation/Src/pb_common.o
LOAD ./Middlewares/ST/AI/Validation/Src/pb_decode.o
LOAD ./Middlewares/ST/AI/Validation/Src/pb_encode.o
LOAD ./Middlewares/ST/AI/Validation/Src/stm32msg.pb.o
LOAD ../../../Middlewares/ST/AI/Lib/NetworkRuntime1200_CM7_GCC.a\NetworkRuntime1200_CM7_GCC.a
START GROUP
LOAD C:/ST/STM32CubeIDE_2.1.1/STM32CubeIDE/plugins/com.st.stm32cube.ide.mcu.externaltools.gnu-tools-for-stm32.14.3.rel1.win32_1.0.100.202602081740/tools/bin/../lib/gcc/arm-none-eabi/14.3.1/../../../../arm-none-eabi/lib/thumb/v7e-m+dp/hard\libc_nano.a
LOAD C:/ST/STM32CubeIDE_2.1.1/STM32CubeIDE/plugins/com.st.stm32cube.ide.mcu.externaltools.gnu-tools-for-stm32.14.3.rel1.win32_1.0.100.202602081740/tools/bin/../lib/gcc/arm-none-eabi/14.3.1/../../../../arm-none-eabi/lib/thumb/v7e-m+dp/hard\libm.a
END GROUP
START GROUP
LOAD C:/ST/STM32CubeIDE_2.1.1/STM32CubeIDE/plugins/com.st.stm32cube.ide.mcu.externaltools.gnu-tools-for-stm32.14.3.rel1.win32_1.0.100.202602081740/tools/bin/../lib/gcc/arm-none-eabi/14.3.1/thumb/v7e-m+dp/hard\libgcc.a
LOAD C:/ST/STM32CubeIDE_2.1.1/STM32CubeIDE/plugins/com.st.stm32cube.ide.mcu.externaltools.gnu-tools-for-stm32.14.3.rel1.win32_1.0.100.202602081740/tools/bin/../lib/gcc/arm-none-eabi/14.3.1/../../../../arm-none-eabi/lib/thumb/v7e-m+dp/hard\libc_nano.a
END GROUP
START GROUP
LOAD C:/ST/STM32CubeIDE_2.1.1/STM32CubeIDE/plugins/com.st.stm32cube.ide.mcu.externaltools.gnu-tools-for-stm32.14.3.rel1.win32_1.0.100.202602081740/tools/bin/../lib/gcc/arm-none-eabi/14.3.1/thumb/v7e-m+dp/hard\libgcc.a
LOAD C:/ST/STM32CubeIDE_2.1.1/STM32CubeIDE/plugins/com.st.stm32cube.ide.mcu.externaltools.gnu-tools-for-stm32.14.3.rel1.win32_1.0.100.202602081740/tools/bin/../lib/gcc/arm-none-eabi/14.3.1/../../../../arm-none-eabi/lib/thumb/v7e-m+dp/hard\libc_nano.a
LOAD C:/ST/STM32CubeIDE_2.1.1/STM32CubeIDE/plugins/com.st.stm32cube.ide.mcu.externaltools.gnu-tools-for-stm32.14.3.rel1.win32_1.0.100.202602081740/tools/bin/../lib/gcc/arm-none-eabi/14.3.1/../../../../arm-none-eabi/lib/thumb/v7e-m+dp/hard\libnosys.a
END GROUP
START GROUP
LOAD C:/ST/STM32CubeIDE_2.1.1/STM32CubeIDE/plugins/com.st.stm32cube.ide.mcu.externaltools.gnu-tools-for-stm32.14.3.rel1.win32_1.0.100.202602081740/tools/bin/../lib/gcc/arm-none-eabi/14.3.1/thumb/v7e-m+dp/hard\libgcc.a
LOAD C:/ST/STM32CubeIDE_2.1.1/STM32CubeIDE/plugins/com.st.stm32cube.ide.mcu.externaltools.gnu-tools-for-stm32.14.3.rel1.win32_1.0.100.202602081740/tools/bin/../lib/gcc/arm-none-eabi/14.3.1/../../../../arm-none-eabi/lib/thumb/v7e-m+dp/hard\libc_nano.a
LOAD C:/ST/STM32CubeIDE_2.1.1/STM32CubeIDE/plugins/com.st.stm32cube.ide.mcu.externaltools.gnu-tools-for-stm32.14.3.rel1.win32_1.0.100.202602081740/tools/bin/../lib/gcc/arm-none-eabi/14.3.1/../../../../arm-none-eabi/lib/thumb/v7e-m+dp/hard\libnosys.a
END GROUP
LOAD C:/ST/STM32CubeIDE_2.1.1/STM32CubeIDE/plugins/com.st.stm32cube.ide.mcu.externaltools.gnu-tools-for-stm32.14.3.rel1.win32_1.0.100.202602081740/tools/bin/../lib/gcc/arm-none-eabi/14.3.1/thumb/v7e-m+dp/hard/crtend.o
LOAD C:/ST/STM32CubeIDE_2.1.1/STM32CubeIDE/plugins/com.st.stm32cube.ide.mcu.externaltools.gnu-tools-for-stm32.14.3.rel1.win32_1.0.100.202602081740/tools/bin/../lib/gcc/arm-none-eabi/14.3.1/thumb/v7e-m+dp/hard/crtn.o
                0x24080000                        _estack = (ORIGIN (RAM_D1) + LENGTH (RAM_D1))
                0x00000800                        _Min_Heap_Size = 0x800
                0x00002000                        _Min_Stack_Size = 0x2000

.AI_DTCMRAM     0x20000000    0x11694
                0x20000000                        . = ALIGN (0x4)
 *(.AI_DTCMRAM)
 .AI_DTCMRAM    0x20000000    0x11694 ./CM7/AI/App/app_x-cube-ai.o
                0x20011694                        . = ALIGN (0x4)

.AI_ITCMRAM     0x00000000    0x10000
                0x00000000                        . = ALIGN (0x4)
 *(.AI_ITCMRAM)
 .AI_ITCMRAM    0x00000000    0x10000 ./CM7/AI/App/app_x-cube-ai.o
                0x00010000                        . = ALIGN (0x4)

.AI_RAM_D1      0x24000000    0x330c0
                0x24000000                        . = ALIGN (0x4)
 *(.AI_RAM_D1)
 .AI_RAM_D1     0x24000000    0x330c0 ./CM7/AI/App/app_x-cube-ai.o
                0x240330c0                        . = ALIGN (0x4)

.isr_vector     0x08000000      0x298
                0x08000000                        . = ALIGN (0x4)
 *(.isr_vector)
 .isr_vector    0x08000000      0x298 ./Application/User/Startup/startup_stm32h745zitx.o
                0x08000000                g_pfnVectors
                0x08000298                        . = ALIGN (0x4)

.text           0x080002a0     0xec50
                0x080002a0                        . = ALIGN (0x4)
 *(.text)
 .text          0x080002a0       0x40 C:/ST/STM32CubeIDE_2.1.1/STM32CubeIDE/plugins/com.st.stm32cube.ide.mcu.externaltools.gnu-tools-for-stm32.14.3.rel1.win32_1.0.100.202602081740/tools/bin/../lib/gcc/arm-none-eabi/14.3.1/thumb/v7e-m+dp/hard/crtbegin.o
 .text          0x080002e0       0x10 C:/ST/STM32CubeIDE_2.1.1/STM32CubeIDE/plugins/com.st.stm32cube.ide.mcu.externaltools.gnu-tools-for-stm32.14.3.rel1.win32_1.0.100.202602081740/tools/bin/../lib/gcc/arm-none-eabi/14.3.1/../../../../arm-none-eabi/lib/thumb/v7e-m+dp/hard\libc_nano.a(libc_a-strlen.o)
                0x080002e0                strlen
 .text          0x080002f0      0x21c C:/ST/STM32CubeIDE_2.1.1/STM32CubeIDE/plugins/com.st.stm32cube.ide.mcu.externaltools.gnu-tools-for-stm32.14.3.rel1.win32_1.0.100.202602081740/tools/bin/../lib/gcc/arm-none-eabi/14.3.1/thumb/v7e-m+dp/hard\libgcc.a(_arm_addsubsf3.o)
                0x080002f0                __aeabi_frsub
                0x080002f8                __subsf3
                0x080002f8                __aeabi_fsub
                0x080002fc                __aeabi_fadd
                0x080002fc                __addsf3
                0x0800045c                __aeabi_ui2f
                0x0800045c                __floatunsisf
                0x08000464                __aeabi_i2f
                0x08000464                __floatsisf
                0x08000480                __aeabi_ul2f
                0x08000480                __floatundisf
                0x08000490                __aeabi_l2f
                0x08000490                __floatdisf
 .text          0x0800050c       0x30 C:/ST/STM32CubeIDE_2.1.1/STM32CubeIDE/plugins/com.st.stm32cube.ide.mcu.externaltools.gnu-tools-for-stm32.14.3.rel1.win32_1.0.100.202602081740/tools/bin/../lib/gcc/arm-none-eabi/14.3.1/thumb/v7e-m+dp/hard\libgcc.a(_aeabi_uldivmod.o)
                0x0800050c                __aeabi_uldivmod
 *fill*         0x0800053c        0x4 
 .text          0x08000540       0x40 C:/ST/STM32CubeIDE_2.1.1/STM32CubeIDE/plugins/com.st.stm32cube.ide.mcu.externaltools.gnu-tools-for-stm32.14.3.rel1.win32_1.0.100.202602081740/tools/bin/../lib/gcc/arm-none-eabi/14.3.1/thumb/v7e-m+dp/hard\libgcc.a(_fixunsdfdi.o)
                0x08000540                __fixunsdfdi
                0x08000540                __aeabi_d2ulz
 .text          0x08000580      0x2f8 C:/ST/STM32CubeIDE_2.1.1/STM32CubeIDE/plugins/com.st.stm32cube.ide.mcu.externaltools.gnu-tools-for-stm32.14.3.rel1.win32_1.0.100.202602081740/tools/bin/../lib/gcc/arm-none-eabi/14.3.1/thumb/v7e-m+dp/hard\libgcc.a(_udivmoddi4.o)
                0x08000580                __udivmoddi4
 .text          0x08000878        0x4 C:/ST/STM32CubeIDE_2.1.1/STM32CubeIDE/plugins/com.st.stm32cube.ide.mcu.externaltools.gnu-tools-for-stm32.14.3.rel1.win32_1.0.100.202602081740/tools/bin/../lib/gcc/arm-none-eabi/14.3.1/thumb/v7e-m+dp/hard\libgcc.a(_dvmd_tls.o)
                0x08000878                __aeabi_idiv0
                0x08000878                __aeabi_ldiv0
 *(.text*)
 .text.SystemClock_Config
                0x0800087c       0xbc ./Application/User/Core/main.o
                0x0800087c                SystemClock_Config
 .text.startup.main
                0x08000938      0x138 ./Application/User/Core/main.o
                0x08000938                main
 .text.MX_USART3_UART_Init
                0x08000a70       0x64 ./Application/User/Core/main.o
                0x08000a70                MX_USART3_UART_Init
 .text.Error_Handler
                0x08000ad4        0x4 ./Application/User/Core/main.o
                0x08000ad4                Error_Handler
 .text.HAL_MspInit
                0x08000ad8       0x24 ./Application/User/Core/stm32h7xx_hal_msp.o
                0x08000ad8                HAL_MspInit
 .text.HAL_UART_MspInit
                0x08000afc       0xac ./Application/User/Core/stm32h7xx_hal_msp.o
                0x08000afc                HAL_UART_MspInit
 .text.NMI_Handler
                0x08000ba8        0x2 ./Application/User/Core/stm32h7xx_it.o
                0x08000ba8                NMI_Handler
 .text.HardFault_Handler
                0x08000baa        0x2 ./Application/User/Core/stm32h7xx_it.o
                0x08000baa                HardFault_Handler
 .text.MemManage_Handler
                0x08000bac        0x2 ./Application/User/Core/stm32h7xx_it.o
                0x08000bac                MemManage_Handler
 .text.BusFault_Handler
                0x08000bae        0x2 ./Application/User/Core/stm32h7xx_it.o
                0x08000bae                BusFault_Handler
 .text.UsageFault_Handler
                0x08000bb0        0x2 ./Application/User/Core/stm32h7xx_it.o
                0x08000bb0                UsageFault_Handler
 .text.SVC_Handler
                0x08000bb2        0x2 ./Application/User/Core/stm32h7xx_it.o
                0x08000bb2                SVC_Handler
 .text.DebugMon_Handler
                0x08000bb4        0x2 ./Application/User/Core/stm32h7xx_it.o
                0x08000bb4                DebugMon_Handler
 .text.PendSV_Handler
                0x08000bb6        0x2 ./Application/User/Core/stm32h7xx_it.o
                0x08000bb6                PendSV_Handler
 .text.SysTick_Handler
                0x08000bb8        0x4 ./Application/User/Core/stm32h7xx_it.o
                0x08000bb8                SysTick_Handler
 .text._sbrk    0x08000bbc       0x3c ./Application/User/Core/sysmem.o
                0x08000bbc                _sbrk
 .text.Reset_Handler
                0x08000bf8       0x54 ./Application/User/Startup/startup_stm32h745zitx.o
                0x08000bf8                Reset_Handler
 .text.Default_Handler
                0x08000c4c        0x2 ./Application/User/Startup/startup_stm32h745zitx.o
                0x08000c4c                RTC_Alarm_IRQHandler
                0x08000c4c                EXTI2_IRQHandler
                0x08000c4c                TIM8_CC_IRQHandler
                0x08000c4c                HRTIM1_Master_IRQHandler
                0x08000c4c                UART8_IRQHandler
                0x08000c4c                SPI4_IRQHandler
                0x08000c4c                TIM1_CC_IRQHandler
                0x08000c4c                BDMA_Channel6_IRQHandler
                0x08000c4c                DMA2_Stream5_IRQHandler
                0x08000c4c                HRTIM1_FLT_IRQHandler
                0x08000c4c                JPEG_IRQHandler
                0x08000c4c                DMA1_Stream5_IRQHandler
                0x08000c4c                BDMA_Channel1_IRQHandler
                0x08000c4c                HRTIM1_TIMD_IRQHandler
                0x08000c4c                TAMP_STAMP_IRQHandler
                0x08000c4c                EXTI3_IRQHandler
                0x08000c4c                LPTIM4_IRQHandler
                0x08000c4c                TIM8_TRG_COM_TIM14_IRQHandler
                0x08000c4c                LPTIM2_IRQHandler
                0x08000c4c                DFSDM1_FLT1_IRQHandler
                0x08000c4c                DMAMUX2_OVR_IRQHandler
                0x08000c4c                TIM8_UP_TIM13_IRQHandler
                0x08000c4c                I2C3_ER_IRQHandler
                0x08000c4c                DFSDM1_FLT2_IRQHandler
                0x08000c4c                MDMA_IRQHandler
                0x08000c4c                LPTIM3_IRQHandler
                0x08000c4c                HSEM1_IRQHandler
                0x08000c4c                EXTI0_IRQHandler
                0x08000c4c                I2C2_EV_IRQHandler
                0x08000c4c                DMA1_Stream2_IRQHandler
                0x08000c4c                FPU_IRQHandler
                0x08000c4c                OTG_HS_WKUP_IRQHandler
                0x08000c4c                FDCAN1_IT1_IRQHandler
                0x08000c4c                LTDC_ER_IRQHandler
                0x08000c4c                DMA2_Stream2_IRQHandler
                0x08000c4c                HRTIM1_TIME_IRQHandler
                0x08000c4c                SPI1_IRQHandler
                0x08000c4c                TIM6_DAC_IRQHandler
                0x08000c4c                DCMI_IRQHandler
                0x08000c4c                HRTIM1_TIMC_IRQHandler
                0x08000c4c                DMA2_Stream3_IRQHandler
                0x08000c4c                SAI2_IRQHandler
                0x08000c4c                DFSDM1_FLT3_IRQHandler
                0x08000c4c                USART6_IRQHandler
                0x08000c4c                TIM17_IRQHandler
                0x08000c4c                USART3_IRQHandler
                0x08000c4c                BDMA_Channel7_IRQHandler
                0x08000c4c                LPTIM5_IRQHandler
                0x08000c4c                UART5_IRQHandler
                0x08000c4c                ADC3_IRQHandler
                0x08000c4c                DMA2_Stream0_IRQHandler
                0x08000c4c                TIM4_IRQHandler
                0x08000c4c                BDMA_Channel2_IRQHandler
                0x08000c4c                QUADSPI_IRQHandler
                0x08000c4c                I2C1_EV_IRQHandler
                0x08000c4c                DMA1_Stream6_IRQHandler
                0x08000c4c                DMAMUX1_OVR_IRQHandler
                0x08000c4c                DMA1_Stream1_IRQHandler
                0x08000c4c                TIM16_IRQHandler
                0x08000c4c                UART4_IRQHandler
                0x08000c4c                BDMA_Channel5_IRQHandler
                0x08000c4c                TIM3_IRQHandler
                0x08000c4c                RCC_IRQHandler
                0x08000c4c                TIM8_BRK_TIM12_IRQHandler
                0x08000c4c                TIM1_TRG_COM_IRQHandler
                0x08000c4c                Default_Handler
                0x08000c4c                ECC_IRQHandler
                0x08000c4c                CEC_IRQHandler
                0x08000c4c                EXTI15_10_IRQHandler
                0x08000c4c                BDMA_Channel0_IRQHandler
                0x08000c4c                ADC_IRQHandler
                0x08000c4c                DMA1_Stream7_IRQHandler
                0x08000c4c                HRTIM1_TIMA_IRQHandler
                0x08000c4c                SPI5_IRQHandler
                0x08000c4c                TIM7_IRQHandler
                0x08000c4c                SDMMC1_IRQHandler
                0x08000c4c                TIM5_IRQHandler
                0x08000c4c                DMA2_Stream7_IRQHandler
                0x08000c4c                TIM15_IRQHandler
                0x08000c4c                PVD_AVD_IRQHandler
                0x08000c4c                I2C3_EV_IRQHandler
                0x08000c4c                EXTI9_5_IRQHandler
                0x08000c4c                RTC_WKUP_IRQHandler
                0x08000c4c                LTDC_IRQHandler
                0x08000c4c                SAI3_IRQHandler
                0x08000c4c                ETH_WKUP_IRQHandler
                0x08000c4c                SPDIF_RX_IRQHandler
                0x08000c4c                SPI2_IRQHandler
                0x08000c4c                OTG_HS_EP1_IN_IRQHandler
                0x08000c4c                DMA1_Stream0_IRQHandler
                0x08000c4c                CRS_IRQHandler
                0x08000c4c                CM7_SEV_IRQHandler
                0x08000c4c                EXTI4_IRQHandler
                0x08000c4c                RNG_IRQHandler
                0x08000c4c                CM4_SEV_IRQHandler
                0x08000c4c                HRTIM1_TIMB_IRQHandler
                0x08000c4c                FDCAN2_IT1_IRQHandler
                0x08000c4c                ETH_IRQHandler
                0x08000c4c                TIM1_UP_IRQHandler
                0x08000c4c                WWDG_RST_IRQHandler
                0x08000c4c                BDMA_Channel4_IRQHandler
                0x08000c4c                OTG_HS_EP1_OUT_IRQHandler
                0x08000c4c                WWDG_IRQHandler
                0x08000c4c                SPI6_IRQHandler
                0x08000c4c                MDIOS_IRQHandler
                0x08000c4c                I2C4_EV_IRQHandler
                0x08000c4c                FDCAN2_IT0_IRQHandler
                0x08000c4c                LPUART1_IRQHandler
                0x08000c4c                FDCAN1_IT0_IRQHandler
                0x08000c4c                TIM2_IRQHandler
                0x08000c4c                OTG_FS_WKUP_IRQHandler
                0x08000c4c                OTG_HS_IRQHandler
                0x08000c4c                HSEM2_IRQHandler
                0x08000c4c                DMA2D_IRQHandler
                0x08000c4c                TIM1_BRK_IRQHandler
                0x08000c4c                EXTI1_IRQHandler
                0x08000c4c                SDMMC2_IRQHandler
                0x08000c4c                OTG_FS_EP1_OUT_IRQHandler
                0x08000c4c                BDMA_Channel3_IRQHandler
                0x08000c4c                HOLD_CORE_IRQHandler
                0x08000c4c                UART7_IRQHandler
                0x08000c4c                MDIOS_WKUP_IRQHandler
                0x08000c4c                USART2_IRQHandler
                0x08000c4c                DFSDM1_FLT0_IRQHandler
                0x08000c4c                SAI4_IRQHandler
                0x08000c4c                I2C2_ER_IRQHandler
                0x08000c4c                DMA2_Stream1_IRQHandler
                0x08000c4c                FLASH_IRQHandler
                0x08000c4c                DMA2_Stream4_IRQHandler
                0x08000c4c                USART1_IRQHandler
                0x08000c4c                OTG_FS_IRQHandler
                0x08000c4c                SPI3_IRQHandler
                0x08000c4c                WAKEUP_PIN_IRQHandler
                0x08000c4c                DMA1_Stream4_IRQHandler
                0x08000c4c                OTG_FS_EP1_IN_IRQHandler
                0x08000c4c                I2C1_ER_IRQHandler
                0x08000c4c                FMC_IRQHandler
                0x08000c4c                FDCAN_CAL_IRQHandler
                0x08000c4c                SWPMI1_IRQHandler
                0x08000c4c                COMP1_IRQHandler
                0x08000c4c                LPTIM1_IRQHandler
                0x08000c4c                I2C4_ER_IRQHandler
                0x08000c4c                DMA2_Stream6_IRQHandler
                0x08000c4c                SAI1_IRQHandler
                0x08000c4c                DMA1_Stream3_IRQHandler
 *fill*         0x08000c4e        0x2 
 .text._stai_mnetwork_handle
                0x08000c50       0x1c ./CM7/AI/App/app_x-cube-ai.o
 .text._stai_mnetwork_is_valid.constprop.0
                0x08000c6c       0x28 ./CM7/AI/App/app_x-cube-ai.o
 .text.STM32CubeAI_Studio_AI_Init
                0x08000c94        0xe ./CM7/AI/App/app_x-cube-ai.o
                0x08000c94                STM32CubeAI_Studio_AI_Init
 .text.STM32CubeAI_Studio_AI_Process
                0x08000ca2        0x4 ./CM7/AI/App/app_x-cube-ai.o
                0x08000ca2                STM32CubeAI_Studio_AI_Process
 *fill*         0x08000ca6        0x2 
 .text.stai_mnetwork_find
                0x08000ca8       0x1c ./CM7/AI/App/app_x-cube-ai.o
                0x08000ca8                stai_mnetwork_find
 .text.stai_mnetwork_init
                0x08000cc4       0x5c ./CM7/AI/App/app_x-cube-ai.o
                0x08000cc4                stai_mnetwork_init
 .text.stai_mnetwork_set_activations
                0x08000d20       0x1e ./CM7/AI/App/app_x-cube-ai.o
                0x08000d20                stai_mnetwork_set_activations
 .text.stai_mnetwork_set_states
                0x08000d3e       0x1e ./CM7/AI/App/app_x-cube-ai.o
                0x08000d3e                stai_mnetwork_set_states
 .text.stai_mnetwork_set_inputs
                0x08000d5c       0x1e ./CM7/AI/App/app_x-cube-ai.o
                0x08000d5c                stai_mnetwork_set_inputs
 .text.stai_mnetwork_set_outputs
                0x08000d7a       0x1e ./CM7/AI/App/app_x-cube-ai.o
                0x08000d7a                stai_mnetwork_set_outputs
 .text.stai_mnetwork_set_callback
                0x08000d98       0x1e ./CM7/AI/App/app_x-cube-ai.o
                0x08000d98                stai_mnetwork_set_callback
 .text.stai_mnetwork_get_details
                0x08000db6        0xe ./CM7/AI/App/app_x-cube-ai.o
                0x08000db6                stai_mnetwork_get_details
 .text.stai_mnetwork_get_activations
                0x08000dc4       0x1c ./CM7/AI/App/app_x-cube-ai.o
                0x08000dc4                stai_mnetwork_get_activations
 .text.stai_mnetwork_get_states
                0x08000de0       0x1c ./CM7/AI/App/app_x-cube-ai.o
                0x08000de0                stai_mnetwork_get_states
 .text.stai_mnetwork_get_weights_ext
                0x08000dfc        0xe ./CM7/AI/App/app_x-cube-ai.o
                0x08000dfc                stai_mnetwork_get_weights_ext
 .text.stai_mnetwork_get_inputs
                0x08000e0a       0x1c ./CM7/AI/App/app_x-cube-ai.o
                0x08000e0a                stai_mnetwork_get_inputs
 .text.stai_mnetwork_get_outputs
                0x08000e26       0x1c ./CM7/AI/App/app_x-cube-ai.o
                0x08000e26                stai_mnetwork_get_outputs
 *fill*         0x08000e42        0x2 
 .text.stai_mnetwork_deinit
                0x08000e44       0x28 ./CM7/AI/App/app_x-cube-ai.o
                0x08000e44                stai_mnetwork_deinit
 .text.stai_mnetwork_get_info
                0x08000e6c       0x1a ./CM7/AI/App/app_x-cube-ai.o
                0x08000e6c                stai_mnetwork_get_info
 .text.stai_mnetwork_run
                0x08000e86       0x1c ./CM7/AI/App/app_x-cube-ai.o
                0x08000e86                stai_mnetwork_run
 .text._stai_network_check
                0x08000ea2       0x42 ./CM7/AI/App/network.o
 .text.stai_network_init
                0x08000ee4       0x3c ./CM7/AI/App/network.o
                0x08000ee4                stai_network_init
 .text.stai_network_deinit
                0x08000f20       0x38 ./CM7/AI/App/network.o
                0x08000f20                stai_network_deinit
 .text.forward_lite_eltwise_integer_INT8_eltwise_10
                0x08000f58       0x94 ./CM7/AI/App/network.o
                0x08000f58                forward_lite_eltwise_integer_INT8_eltwise_10
 .text.forward_lite_eltwise_integer_INT8_eltwise_17
                0x08000fec       0x90 ./CM7/AI/App/network.o
                0x08000fec                forward_lite_eltwise_integer_INT8_eltwise_17
 .text.forward_lite_eltwise_integer_INT8_eltwise_21
                0x0800107c       0x90 ./CM7/AI/App/network.o
                0x0800107c                forward_lite_eltwise_integer_INT8_eltwise_21
 .text.forward_lite_eltwise_integer_INT8_eltwise_28
                0x0800110c       0x90 ./CM7/AI/App/network.o
                0x0800110c                forward_lite_eltwise_integer_INT8_eltwise_28
 .text.forward_lite_eltwise_integer_INT8_eltwise_32
                0x0800119c       0x90 ./CM7/AI/App/network.o
                0x0800119c                forward_lite_eltwise_integer_INT8_eltwise_32
 .text.forward_lite_eltwise_integer_INT8_eltwise_36
                0x0800122c       0x90 ./CM7/AI/App/network.o
                0x0800122c                forward_lite_eltwise_integer_INT8_eltwise_36
 .text.forward_lite_eltwise_integer_INT8_eltwise_43
                0x080012bc       0x90 ./CM7/AI/App/network.o
                0x080012bc                forward_lite_eltwise_integer_INT8_eltwise_43
 .text.forward_lite_eltwise_integer_INT8_eltwise_47
                0x0800134c       0x90 ./CM7/AI/App/network.o
                0x0800134c                forward_lite_eltwise_integer_INT8_eltwise_47
 .text.forward_lite_eltwise_integer_INT8_eltwise_54
                0x080013dc       0x90 ./CM7/AI/App/network.o
                0x080013dc                forward_lite_eltwise_integer_INT8_eltwise_54
 .text.forward_lite_eltwise_integer_INT8_eltwise_58
                0x0800146c       0x90 ./CM7/AI/App/network.o
                0x0800146c                forward_lite_eltwise_integer_INT8_eltwise_58
 .text.forward_lite_ap_integer_INT8_pool_63
                0x080014fc       0x74 ./CM7/AI/App/network.o
                0x080014fc                forward_lite_ap_integer_INT8_pool_63
 .text.forward_lite_dense_integer_SSSA_ch_gemm_64
                0x08001570       0xa4 ./CM7/AI/App/network.o
                0x08001570                forward_lite_dense_integer_SSSA_ch_gemm_64
 .text.stai_network_run
                0x08001614     0x2794 ./CM7/AI/App/network.o
                0x08001614                stai_network_run
 .text.stai_network_get_context_size
                0x08003da8        0x4 ./CM7/AI/App/network.o
                0x08003da8                stai_network_get_context_size
 .text.stai_network_get_info
                0x08003dac       0x54 ./CM7/AI/App/network.o
                0x08003dac                stai_network_get_info
 .text.stai_network_get_activations
                0x08003e00       0x54 ./CM7/AI/App/network.o
                0x08003e00                stai_network_get_activations
 .text.stai_network_get_weights
                0x08003e54       0x4c ./CM7/AI/App/network.o
                0x08003e54                stai_network_get_weights
 .text.stai_network_get_inputs
                0x08003ea0       0x4c ./CM7/AI/App/network.o
                0x08003ea0                stai_network_get_inputs
 .text.stai_network_get_outputs
                0x08003eec       0x4c ./CM7/AI/App/network.o
                0x08003eec                stai_network_get_outputs
 .text.stai_network_get_error
                0x08003f38       0x30 ./CM7/AI/App/network.o
                0x08003f38                stai_network_get_error
 .text.stai_network_get_states
                0x08003f68       0x44 ./CM7/AI/App/network.o
                0x08003f68                stai_network_get_states
 .text.stai_network_set_activations
                0x08003fac       0xc0 ./CM7/AI/App/network.o
                0x08003fac                stai_network_set_activations
 .text.stai_network_set_weights
                0x0800406c       0x84 ./CM7/AI/App/network.o
                0x0800406c                stai_network_set_weights
 .text.stai_network_set_inputs
                0x080040f0       0x84 ./CM7/AI/App/network.o
                0x080040f0                stai_network_set_inputs
 .text.stai_network_set_outputs
                0x08004174       0x84 ./CM7/AI/App/network.o
                0x08004174                stai_network_set_outputs
 .text.stai_network_set_states
                0x080041f8       0x38 ./CM7/AI/App/network.o
                0x080041f8                stai_network_set_states
 .text.stai_network_set_callback
                0x08004230       0x38 ./CM7/AI/App/network.o
                0x08004230                stai_network_set_callback
 .text.user_stai_network_init
                0x08004268        0x4 ./CM7/AI/App/user_init.o
                0x08004268                user_stai_network_init
 .text.SystemInit
                0x0800426c       0xfc ./Drivers/CMSIS/system_stm32h7xx_dualcore_boot_cm4_cm7.o
                0x0800426c                SystemInit
 .text.ExitRun0Mode
                0x08004368       0x1c ./Drivers/CMSIS/system_stm32h7xx_dualcore_boot_cm4_cm7.o
                0x08004368                ExitRun0Mode
 .text.HAL_InitTick
                0x08004384       0x4c ./Drivers/STM32H7xx_HAL_Driver/stm32h7xx_hal.o
                0x08004384                HAL_InitTick
 .text.HAL_Init
                0x080043d0       0x5c ./Drivers/STM32H7xx_HAL_Driver/stm32h7xx_hal.o
                0x080043d0                HAL_Init
 .text.HAL_IncTick
                0x0800442c       0x18 ./Drivers/STM32H7xx_HAL_Driver/stm32h7xx_hal.o
                0x0800442c                HAL_IncTick
 .text.HAL_GetTick
                0x08004444        0xc ./Drivers/STM32H7xx_HAL_Driver/stm32h7xx_hal.o
                0x08004444                HAL_GetTick
 .text.HAL_Delay
                0x08004450       0x24 ./Drivers/STM32H7xx_HAL_Driver/stm32h7xx_hal.o
                0x08004450                HAL_Delay
 .text.HAL_GetHalVersion
                0x08004474        0x8 ./Drivers/STM32H7xx_HAL_Driver/stm32h7xx_hal.o
                0x08004474                HAL_GetHalVersion
 .text.HAL_GetREVID
                0x0800447c        0xc ./Drivers/STM32H7xx_HAL_Driver/stm32h7xx_hal.o
                0x0800447c                HAL_GetREVID
 .text.HAL_GetDEVID
                0x08004488       0x10 ./Drivers/STM32H7xx_HAL_Driver/stm32h7xx_hal.o
                0x08004488                HAL_GetDEVID
 .text.HAL_NVIC_SetPriorityGrouping
                0x08004498       0x24 ./Drivers/STM32H7xx_HAL_Driver/stm32h7xx_hal_cortex.o
                0x08004498                HAL_NVIC_SetPriorityGrouping
 .text.HAL_NVIC_SetPriority
                0x080044bc       0x64 ./Drivers/STM32H7xx_HAL_Driver/stm32h7xx_hal_cortex.o
                0x080044bc                HAL_NVIC_SetPriority
 .text.HAL_SYSTICK_Config
                0x08004520       0x28 ./Drivers/STM32H7xx_HAL_Driver/stm32h7xx_hal_cortex.o
                0x08004520                HAL_SYSTICK_Config
 .text.HAL_MPU_Disable
                0x08004548       0x1c ./Drivers/STM32H7xx_HAL_Driver/stm32h7xx_hal_cortex.o
                0x08004548                HAL_MPU_Disable
 .text.HAL_MPU_Enable
                0x08004564       0x20 ./Drivers/STM32H7xx_HAL_Driver/stm32h7xx_hal_cortex.o
                0x08004564                HAL_MPU_Enable
 .text.HAL_MPU_ConfigRegion
                0x08004584       0x58 ./Drivers/STM32H7xx_HAL_Driver/stm32h7xx_hal_cortex.o
                0x08004584                HAL_MPU_ConfigRegion
 .text.HAL_GPIO_Init
                0x080045dc      0x1d8 ./Drivers/STM32H7xx_HAL_Driver/stm32h7xx_hal_gpio.o
                0x080045dc                HAL_GPIO_Init
 .text.HAL_HSEM_FastTake
                0x080047b4       0x1c ./Drivers/STM32H7xx_HAL_Driver/stm32h7xx_hal_hsem.o
                0x080047b4                HAL_HSEM_FastTake
 .text.HAL_HSEM_Release
                0x080047d0       0x10 ./Drivers/STM32H7xx_HAL_Driver/stm32h7xx_hal_hsem.o
                0x080047d0                HAL_HSEM_Release
 .text.HAL_PWREx_ConfigSupply
                0x080047e0       0x78 ./Drivers/STM32H7xx_HAL_Driver/stm32h7xx_hal_pwr_ex.o
                0x080047e0                HAL_PWREx_ConfigSupply
 .text.HAL_RCC_OscConfig
                0x08004858      0x550 ./Drivers/STM32H7xx_HAL_Driver/stm32h7xx_hal_rcc.o
                0x08004858                HAL_RCC_OscConfig
 .text.HAL_RCC_GetSysClockFreq
                0x08004da8      0x144 ./Drivers/STM32H7xx_HAL_Driver/stm32h7xx_hal_rcc.o
                0x08004da8                HAL_RCC_GetSysClockFreq
 .text.HAL_RCC_ClockConfig
                0x08004eec      0x24c ./Drivers/STM32H7xx_HAL_Driver/stm32h7xx_hal_rcc.o
                0x08004eec                HAL_RCC_ClockConfig
 .text.HAL_RCC_GetHCLKFreq
                0x08005138       0x44 ./Drivers/STM32H7xx_HAL_Driver/stm32h7xx_hal_rcc.o
                0x08005138                HAL_RCC_GetHCLKFreq
 .text.HAL_RCC_GetPCLK1Freq
                0x0800517c       0x24 ./Drivers/STM32H7xx_HAL_Driver/stm32h7xx_hal_rcc.o
                0x0800517c                HAL_RCC_GetPCLK1Freq
 .text.HAL_RCC_GetPCLK2Freq
                0x080051a0       0x24 ./Drivers/STM32H7xx_HAL_Driver/stm32h7xx_hal_rcc.o
                0x080051a0                HAL_RCC_GetPCLK2Freq
 .text.RCCEx_PLL2_Config
                0x080051c4       0xec ./Drivers/STM32H7xx_HAL_Driver/stm32h7xx_hal_rcc_ex.o
 .text.RCCEx_PLL3_Config
                0x080052b0       0xec ./Drivers/STM32H7xx_HAL_Driver/stm32h7xx_hal_rcc_ex.o
 .text.HAL_RCCEx_PeriphCLKConfig
                0x0800539c      0x9cc ./Drivers/STM32H7xx_HAL_Driver/stm32h7xx_hal_rcc_ex.o
                0x0800539c                HAL_RCCEx_PeriphCLKConfig
 .text.HAL_RCCEx_GetD3PCLK1Freq
                0x08005d68       0x24 ./Drivers/STM32H7xx_HAL_Driver/stm32h7xx_hal_rcc_ex.o
                0x08005d68                HAL_RCCEx_GetD3PCLK1Freq
 .text.HAL_RCCEx_GetPLL2ClockFreq
                0x08005d8c      0x154 ./Drivers/STM32H7xx_HAL_Driver/stm32h7xx_hal_rcc_ex.o
                0x08005d8c                HAL_RCCEx_GetPLL2ClockFreq
 .text.HAL_RCCEx_GetPLL3ClockFreq
                0x08005ee0      0x154 ./Drivers/STM32H7xx_HAL_Driver/stm32h7xx_hal_rcc_ex.o
                0x08005ee0                HAL_RCCEx_GetPLL3ClockFreq
 .text.UART_EndRxTransfer
                0x08006034       0x58 ./Drivers/STM32H7xx_HAL_Driver/stm32h7xx_hal_uart.o
 .text.UART_SetConfig
                0x0800608c      0x2f8 ./Drivers/STM32H7xx_HAL_Driver/stm32h7xx_hal_uart.o
                0x0800608c                UART_SetConfig
 .text.UART_AdvFeatureConfig
                0x08006384       0xaa ./Drivers/STM32H7xx_HAL_Driver/stm32h7xx_hal_uart.o
                0x08006384                UART_AdvFeatureConfig
 .text.UART_WaitOnFlagUntilTimeout
                0x0800642e       0x90 ./Drivers/STM32H7xx_HAL_Driver/stm32h7xx_hal_uart.o
                0x0800642e                UART_WaitOnFlagUntilTimeout
 .text.HAL_UART_Transmit
                0x080064be       0xb6 ./Drivers/STM32H7xx_HAL_Driver/stm32h7xx_hal_uart.o
                0x080064be                HAL_UART_Transmit
 .text.HAL_UART_Receive
                0x08006574       0xdc ./Drivers/STM32H7xx_HAL_Driver/stm32h7xx_hal_uart.o
                0x08006574                HAL_UART_Receive
 .text.UART_CheckIdleState
                0x08006650       0xb6 ./Drivers/STM32H7xx_HAL_Driver/stm32h7xx_hal_uart.o
                0x08006650                UART_CheckIdleState
 .text.HAL_UART_Init
                0x08006706       0x60 ./Drivers/STM32H7xx_HAL_Driver/stm32h7xx_hal_uart.o
                0x08006706                HAL_UART_Init
 *fill*         0x08006766        0x2 
 .text.UARTEx_SetNbDataToProcess
                0x08006768       0x44 ./Drivers/STM32H7xx_HAL_Driver/stm32h7xx_hal_uart_ex.o
 .text.HAL_UARTEx_DisableFifoMode
                0x080067ac       0x36 ./Drivers/STM32H7xx_HAL_Driver/stm32h7xx_hal_uart_ex.o
                0x080067ac                HAL_UARTEx_DisableFifoMode
 .text.HAL_UARTEx_SetTxFifoThreshold
                0x080067e2       0x40 ./Drivers/STM32H7xx_HAL_Driver/stm32h7xx_hal_uart_ex.o
                0x080067e2                HAL_UARTEx_SetTxFifoThreshold
 .text.HAL_UARTEx_SetRxFifoThreshold
                0x08006822       0x40 ./Drivers/STM32H7xx_HAL_Driver/stm32h7xx_hal_uart_ex.o
                0x08006822                HAL_UARTEx_SetRxFifoThreshold
 *fill*         0x08006862        0x2 
 .text.stai_log_data_type
                0x08006864       0x78 ./Middlewares/ST/AI/Misc/Src/aiTestHelper_ST_AI.o
 .text._stai_log_tensor_data
                0x080068dc       0x2c ./Middlewares/ST/AI/Misc/Src/aiTestHelper_ST_AI.o
 .text.stai_platform_version
                0x08006908       0x6c ./Middlewares/ST/AI/Misc/Src/aiTestHelper_ST_AI.o
                0x08006908                stai_platform_version
 .text.stai_log_err
                0x08006974       0x1c ./Middlewares/ST/AI/Misc/Src/aiTestHelper_ST_AI.o
                0x08006974                stai_log_err
 .text.stai_log_io_tensor
                0x08006990       0xbc ./Middlewares/ST/AI/Misc/Src/aiTestHelper_ST_AI.o
                0x08006990                stai_log_io_tensor
 .text.stai_log_network_info
                0x08006a4c      0x21c ./Middlewares/ST/AI/Misc/Src/aiTestHelper_ST_AI.o
                0x08006a4c                stai_log_network_info
 .text._put_c_buffer_cb
                0x08006c68       0x1c ./Middlewares/ST/AI/Misc/Src/aiTestUtility.o
 .text._put_c_driver
                0x08006c84       0x28 ./Middlewares/ST/AI/Misc/Src/aiTestUtility.o
 .text.ioRawWriteBuffer
                0x08006cac       0x1c ./Middlewares/ST/AI/Misc/Src/aiTestUtility.o
                0x08006cac                ioRawWriteBuffer
 .text.ioRawReadBuffer
                0x08006cc8       0x1c ./Middlewares/ST/AI/Misc/Src/aiTestUtility.o
                0x08006cc8                ioRawReadBuffer
 .text.ioRawDisableLLWrite
                0x08006ce4        0xc ./Middlewares/ST/AI/Misc/Src/aiTestUtility.o
                0x08006ce4                ioRawDisableLLWrite
 .text.uint64ToDecimal
                0x08006cf0       0x30 ./Middlewares/ST/AI/Misc/Src/aiTestUtility.o
                0x08006cf0                uint64ToDecimal
 .text.uint32_to_str
                0x08006d20       0x44 ./Middlewares/ST/AI/Misc/Src/aiTestUtility.o
                0x08006d20                uint32_to_str
 .text.lc_print
                0x08006d64       0x24 ./Middlewares/ST/AI/Misc/Src/aiTestUtility.o
                0x08006d64                lc_print
 .text.lc_vsnprint
                0x08006d88       0x20 ./Middlewares/ST/AI/Misc/Src/aiTestUtility.o
                0x08006d88                lc_vsnprint
 .text.stackMonInit
                0x08006da8       0x5c ./Middlewares/ST/AI/Misc/Src/aiTestUtility.o
                0x08006da8                stackMonInit
 .text.dwtCyclesToTime
                0x08006e04       0x7c ./Middlewares/ST/AI/Misc/Src/aiTestUtility.o
                0x08006e04                dwtCyclesToTime
 .text.dwtCyclesToFloatMs
                0x08006e80       0x38 ./Middlewares/ST/AI/Misc/Src/aiTestUtility.o
                0x08006e80                dwtCyclesToFloatMs
 .text.getFlashCacheConf
                0x08006eb8       0x3c ./Middlewares/ST/AI/Misc/Src/aiTestUtility.o
                0x08006eb8                getFlashCacheConf
 .text.getSysConf.part.0
                0x08006ef4       0x24 ./Middlewares/ST/AI/Misc/Src/aiTestUtility.o
 .text.getSysConf
                0x08006f18        0x8 ./Middlewares/ST/AI/Misc/Src/aiTestUtility.o
                0x08006f18                getSysConf
 .text.systemSettingLog
                0x08006f20       0xf4 ./Middlewares/ST/AI/Misc/Src/aiTestUtility.o
                0x08006f20                systemSettingLog
 .text.port_dwt_init_imp
                0x08007014       0x28 ./Middlewares/ST/AI/Misc/Src/ai_device_adaptor.o
                0x08007014                port_dwt_init_imp
 .text._write_number
                0x0800703c      0x126 ./Middlewares/ST/AI/Misc/Src/lc_print.o
 *fill*         0x08007162        0x2 
 .text.vlc_print
                0x08007164      0x3a8 ./Middlewares/ST/AI/Misc/Src/lc_print.o
                0x08007164                vlc_print
 .text.write_callback
                0x0800750c       0x54 ./Middlewares/ST/AI/Validation/Src/aiPbIO.o
 .text.read_packet
                0x08007560       0x2c ./Middlewares/ST/AI/Validation/Src/aiPbIO.o
 .text.read_callback
                0x0800758c       0x80 ./Middlewares/ST/AI/Validation/Src/aiPbIO.o
 .text.pb_io_reset_packet_size
                0x0800760c        0xc ./Middlewares/ST/AI/Validation/Src/aiPbIO.o
                0x0800760c                pb_io_reset_packet_size
 .text.pb_io_flush_ostream
                0x08007618       0x2c ./Middlewares/ST/AI/Validation/Src/aiPbIO.o
                0x08007618                pb_io_flush_ostream
 .text.pb_io_flush_istream
                0x08007644       0x18 ./Middlewares/ST/AI/Validation/Src/aiPbIO.o
                0x08007644                pb_io_flush_istream
 .text.pb_io_ostream
                0x0800765c       0x18 ./Middlewares/ST/AI/Validation/Src/aiPbIO.o
                0x0800765c                pb_io_ostream
 .text.pb_io_istream
                0x08007674       0x14 ./Middlewares/ST/AI/Validation/Src/aiPbIO.o
                0x08007674                pb_io_istream
 .text.pb_io_stream_init
                0x08007688        0xa ./Middlewares/ST/AI/Validation/Src/aiPbIO.o
                0x08007688                pb_io_stream_init
 .text.encode_uint32
                0x08007692       0x58 ./Middlewares/ST/AI/Validation/Src/aiPbMgr.o
                0x08007692                encode_uint32
 .text.encode_data_cb
                0x080076ea       0x1e ./Middlewares/ST/AI/Validation/Src/aiPbMgr.o
                0x080076ea                encode_data_cb
 .text.decode_data_cb
                0x08007708       0x3e ./Middlewares/ST/AI/Validation/Src/aiPbMgr.o
 *fill*         0x08007746        0x2 
 .text.aiPbMgrInit
                0x08007748       0x70 ./Middlewares/ST/AI/Validation/Src/aiPbMgr.o
                0x08007748                aiPbMgrInit
 .text.aiPbStrCopy
                0x080077b8       0x4c ./Middlewares/ST/AI/Validation/Src/aiPbMgr.o
                0x080077b8                aiPbStrCopy
 .text.encode_tensor_desc
                0x08007804       0x64 ./Middlewares/ST/AI/Validation/Src/aiPbMgr.o
                0x08007804                encode_tensor_desc
 .text.aiPbMgrSendResp
                0x08007868       0x24 ./Middlewares/ST/AI/Validation/Src/aiPbMgr.o
                0x08007868                aiPbMgrSendResp
 .text.aiPbMgrWaitAndProcess
                0x0800788c       0x84 ./Middlewares/ST/AI/Validation/Src/aiPbMgr.o
                0x0800788c                aiPbMgrWaitAndProcess
 .text.aiPbMgrSendAck
                0x08007910       0x14 ./Middlewares/ST/AI/Validation/Src/aiPbMgr.o
                0x08007910                aiPbMgrSendAck
 .text.aiPbMgrWaitAck
                0x08007924       0x28 ./Middlewares/ST/AI/Validation/Src/aiPbMgr.o
                0x08007924                aiPbMgrWaitAck
 .text.aiPbMgrSendLogV2
                0x0800794c       0x70 ./Middlewares/ST/AI/Validation/Src/aiPbMgr.o
                0x0800794c                aiPbMgrSendLogV2
 .text.aiPbMgrReceiveData
                0x080079bc       0x34 ./Middlewares/ST/AI/Validation/Src/aiPbMgr.o
                0x080079bc                aiPbMgrReceiveData
 .text.aiPbMgrSendOperator
                0x080079f0       0x74 ./Middlewares/ST/AI/Validation/Src/aiPbMgr.o
                0x080079f0                aiPbMgrSendOperator
 .text.aiPbCmdDisconnect
                0x08007a64        0x4 ./Middlewares/ST/AI/Validation/Src/aiPbMgr.o
                0x08007a64                aiPbCmdDisconnect
 .text.aiPbCmdSync
                0x08007a68       0x22 ./Middlewares/ST/AI/Validation/Src/aiPbMgr.o
                0x08007a68                aiPbCmdSync
 *fill*         0x08007a8a        0x2 
 .text._mon_alloc_reset
                0x08007a8c       0x24 ./Middlewares/ST/AI/Validation/Src/aiValidation_ST_AI.o
 .text._get_tensor_size
                0x08007ab0       0x1c ./Middlewares/ST/AI/Validation/Src/aiValidation_ST_AI.o
 .text.fill_tensor_desc_msg
                0x08007acc       0x8a ./Middlewares/ST/AI/Validation/Src/aiValidation_ST_AI.o
 .text.encode_ai_buffer_to_tensor_desc
                0x08007b56       0x2a ./Middlewares/ST/AI/Validation/Src/aiValidation_ST_AI.o
 .text.cyclesCounterEnd
                0x08007b80       0x3c ./Middlewares/ST/AI/Validation/Src/aiValidation_ST_AI.o
 .text.cyclesCounterStart
                0x08007bbc       0x20 ./Middlewares/ST/AI/Validation/Src/aiValidation_ST_AI.o
 .text.aiPbCmdSysInfo
                0x08007bdc       0x48 ./Middlewares/ST/AI/Validation/Src/aiValidation_ST_AI.o
                0x08007bdc                aiPbCmdSysInfo
 .text.aiExecCtx
                0x08007c24       0x58 ./Middlewares/ST/AI/Validation/Src/aiValidation_ST_AI.o
 .text.aiPbCmdNNInfo
                0x08007c7c      0x1e0 ./Middlewares/ST/AI/Validation/Src/aiValidation_ST_AI.o
                0x08007c7c                aiPbCmdNNInfo
 .text._get_tensor_element_size
                0x08007e5c       0x1c ./Middlewares/ST/AI/Validation/Src/aiValidation_ST_AI.o
 .text._get_tensor_size_bytes
                0x08007e78       0x2c ./Middlewares/ST/AI/Validation/Src/aiValidation_ST_AI.o
 .text._send_ai_io_tensor.constprop.0.isra.0
                0x08007ea4       0x84 ./Middlewares/ST/AI/Validation/Src/aiValidation_ST_AI.o
 .text._print_debug
                0x08007f28       0x48 ./Middlewares/ST/AI/Validation/Src/aiValidation_ST_AI.o
                0x08007f28                _print_debug
 .text._stai_event_cb
                0x08007f70      0x1f4 ./Middlewares/ST/AI/Validation/Src/aiValidation_ST_AI.o
                0x08007f70                _stai_event_cb
 .text.adjustInferenceTime
                0x08008164       0x4c ./Middlewares/ST/AI/Validation/Src/aiValidation_ST_AI.o
                0x08008164                adjustInferenceTime
 .text.aiPbCmdNNRun
                0x080081b0      0x430 ./Middlewares/ST/AI/Validation/Src/aiValidation_ST_AI.o
                0x080081b0                aiPbCmdNNRun
 .text.aiValidationInit
                0x080085e0       0x8c ./Middlewares/ST/AI/Validation/Src/aiValidation_ST_AI.o
                0x080085e0                aiValidationInit
 .text.aiValidationProcess
                0x0800866c      0x294 ./Middlewares/ST/AI/Validation/Src/aiValidation_ST_AI.o
                0x0800866c                aiValidationProcess
 .text.pb_field_iter_begin
                0x08008900       0x22 ./Middlewares/ST/AI/Validation/Src/pb_common.o
                0x08008900                pb_field_iter_begin
 .text.pb_field_iter_next
                0x08008922       0x7c ./Middlewares/ST/AI/Validation/Src/pb_common.o
                0x08008922                pb_field_iter_next
 .text.pb_field_iter_find
                0x0800899e       0x2e ./Middlewares/ST/AI/Validation/Src/pb_common.o
                0x0800899e                pb_field_iter_find
 .text.buf_read
                0x080089cc       0x1e ./Middlewares/ST/AI/Validation/Src/pb_decode.o
 .text.pb_readbyte
                0x080089ea       0x1e ./Middlewares/ST/AI/Validation/Src/pb_decode.o
 .text.pb_decode_varint32_eof
                0x08008a08       0x8a ./Middlewares/ST/AI/Validation/Src/pb_decode.o
 .text.pb_field_set_to_default
                0x08008a92       0xbc ./Middlewares/ST/AI/Validation/Src/pb_decode.o
 .text.pb_message_set_to_defaults
                0x08008b4e       0x20 ./Middlewares/ST/AI/Validation/Src/pb_decode.o
 *fill*         0x08008b6e        0x2 
 .text.pb_read  0x08008b70       0x58 ./Middlewares/ST/AI/Validation/Src/pb_decode.o
                0x08008b70                pb_read
 .text.pb_decode_varint32
                0x08008bc8        0x6 ./Middlewares/ST/AI/Validation/Src/pb_decode.o
                0x08008bc8                pb_decode_varint32
 .text.pb_dec_fixed_length_bytes
                0x08008bce       0x44 ./Middlewares/ST/AI/Validation/Src/pb_decode.o
 .text.pb_dec_string
                0x08008c12       0x40 ./Middlewares/ST/AI/Validation/Src/pb_decode.o
 .text.pb_dec_bytes
                0x08008c52       0x42 ./Middlewares/ST/AI/Validation/Src/pb_decode.o
 .text.pb_decode_varint
                0x08008c94       0x5e ./Middlewares/ST/AI/Validation/Src/pb_decode.o
                0x08008c94                pb_decode_varint
 .text.pb_dec_uvarint
                0x08008cf2       0x64 ./Middlewares/ST/AI/Validation/Src/pb_decode.o
 .text.pb_dec_varint
                0x08008d56       0x56 ./Middlewares/ST/AI/Validation/Src/pb_decode.o
 .text.pb_decode_tag
                0x08008dac       0x34 ./Middlewares/ST/AI/Validation/Src/pb_decode.o
                0x08008dac                pb_decode_tag
 .text.pb_skip_field
                0x08008de0       0x50 ./Middlewares/ST/AI/Validation/Src/pb_decode.o
                0x08008de0                pb_skip_field
 .text.pb_make_string_substream
                0x08008e30       0x30 ./Middlewares/ST/AI/Validation/Src/pb_decode.o
                0x08008e30                pb_make_string_substream
 .text.pb_close_string_substream
                0x08008e60       0x20 ./Middlewares/ST/AI/Validation/Src/pb_decode.o
                0x08008e60                pb_close_string_substream
 .text.decode_field
                0x08008e80      0x1a0 ./Middlewares/ST/AI/Validation/Src/pb_decode.o
 .text.pb_decode_noinit
                0x08009020      0x1ea ./Middlewares/ST/AI/Validation/Src/pb_decode.o
                0x08009020                pb_decode_noinit
 .text.pb_decode
                0x0800920a       0x1e ./Middlewares/ST/AI/Validation/Src/pb_decode.o
                0x0800920a                pb_decode
 .text.pb_dec_submessage
                0x08009228       0x44 ./Middlewares/ST/AI/Validation/Src/pb_decode.o
 .text.pb_decode_delimited
                0x0800926c       0x2c ./Middlewares/ST/AI/Validation/Src/pb_decode.o
                0x0800926c                pb_decode_delimited
 .text.pb_decode_svarint
                0x08009298       0x2a ./Middlewares/ST/AI/Validation/Src/pb_decode.o
                0x08009298                pb_decode_svarint
 .text.pb_dec_svarint
                0x080092c2       0x64 ./Middlewares/ST/AI/Validation/Src/pb_decode.o
 .text.pb_decode_fixed32
                0x08009326       0x18 ./Middlewares/ST/AI/Validation/Src/pb_decode.o
                0x08009326                pb_decode_fixed32
 .text.pb_dec_fixed32
                0x0800933e        0x6 ./Middlewares/ST/AI/Validation/Src/pb_decode.o
 .text.pb_decode_fixed64
                0x08009344       0x1a ./Middlewares/ST/AI/Validation/Src/pb_decode.o
                0x08009344                pb_decode_fixed64
 .text.pb_dec_fixed64
                0x0800935e        0x6 ./Middlewares/ST/AI/Validation/Src/pb_decode.o
 .text.pb_check_proto3_default_value
                0x08009364       0xa4 ./Middlewares/ST/AI/Validation/Src/pb_encode.o
 .text.pb_write
                0x08009408       0x2a ./Middlewares/ST/AI/Validation/Src/pb_encode.o
                0x08009408                pb_write
 .text.pb_encode_varint
                0x08009432       0x50 ./Middlewares/ST/AI/Validation/Src/pb_encode.o
                0x08009432                pb_encode_varint
 .text.pb_enc_uvarint
                0x08009482       0x30 ./Middlewares/ST/AI/Validation/Src/pb_encode.o
 .text.pb_enc_varint
                0x080094b2       0x34 ./Middlewares/ST/AI/Validation/Src/pb_encode.o
 .text.pb_encode_svarint
                0x080094e6       0x12 ./Middlewares/ST/AI/Validation/Src/pb_encode.o
                0x080094e6                pb_encode_svarint
 .text.pb_enc_svarint
                0x080094f8       0x34 ./Middlewares/ST/AI/Validation/Src/pb_encode.o
 .text.pb_encode_fixed32
                0x0800952c       0x14 ./Middlewares/ST/AI/Validation/Src/pb_encode.o
                0x0800952c                pb_encode_fixed32
 .text.pb_enc_fixed32
                0x08009540        0x6 ./Middlewares/ST/AI/Validation/Src/pb_encode.o
 .text.pb_encode_fixed64
                0x08009546       0x2a ./Middlewares/ST/AI/Validation/Src/pb_encode.o
                0x08009546                pb_encode_fixed64
 .text.pb_enc_fixed64
                0x08009570        0x6 ./Middlewares/ST/AI/Validation/Src/pb_encode.o
 .text.pb_encode_tag
                0x08009576        0xc ./Middlewares/ST/AI/Validation/Src/pb_encode.o
                0x08009576                pb_encode_tag
 .text.pb_encode_tag_for_field
                0x08009582       0x32 ./Middlewares/ST/AI/Validation/Src/pb_encode.o
                0x08009582                pb_encode_tag_for_field
 .text.encode_field
                0x080095b4      0x1bc ./Middlewares/ST/AI/Validation/Src/pb_encode.o
 .text.pb_encode
                0x08009770       0x68 ./Middlewares/ST/AI/Validation/Src/pb_encode.o
                0x08009770                pb_encode
 .text.pb_encode_string
                0x080097d8       0x20 ./Middlewares/ST/AI/Validation/Src/pb_encode.o
                0x080097d8                pb_encode_string
 .text.pb_enc_fixed_length_bytes
                0x080097f8        0xa ./Middlewares/ST/AI/Validation/Src/pb_encode.o
 .text.pb_enc_string
                0x08009802       0x32 ./Middlewares/ST/AI/Validation/Src/pb_encode.o
 .text.pb_enc_bytes
                0x08009834       0x2c ./Middlewares/ST/AI/Validation/Src/pb_encode.o
 .text.pb_encode_submessage
                0x08009860       0x82 ./Middlewares/ST/AI/Validation/Src/pb_encode.o
                0x08009860                pb_encode_submessage
 .text.pb_enc_submessage
                0x080098e2        0xc ./Middlewares/ST/AI/Validation/Src/pb_encode.o
 *fill*         0x080098ee        0x2 
 .text.stai_runtime_get_info
                0x080098f0       0x30 ../../../Middlewares/ST/AI/Lib/NetworkRuntime1200_CM7_GCC.a\NetworkRuntime1200_CM7_GCC.a(stai_internal.o)
                0x080098f0                stai_runtime_get_info
 .text.forward_dense_integer_SSSA_ch
                0x08009920      0x1b8 ../../../Middlewares/ST/AI/Lib/NetworkRuntime1200_CM7_GCC.a\NetworkRuntime1200_CM7_GCC.a(layers_conv2d_stm32_integer.o)
                0x08009920                forward_dense_integer_SSSA_ch
 .text.forward_ap_integer_INT8
                0x08009ad8      0x1bc ../../../Middlewares/ST/AI/Lib/NetworkRuntime1200_CM7_GCC.a\NetworkRuntime1200_CM7_GCC.a(layers_pool_stm32_integer.o)
                0x08009ad8                forward_ap_integer_INT8
 .text.forward_eltwise_integer_INT8
                0x08009c94      0x3d4 ../../../Middlewares/ST/AI/Lib/NetworkRuntime1200_CM7_GCC.a\NetworkRuntime1200_CM7_GCC.a(layers_stm32_integer.o)
                0x08009c94                forward_eltwise_integer_INT8
 .text.forward_lite_node_convert_integer_is8of32
                0x0800a068        0x4 ../../../Middlewares/ST/AI/Lib/NetworkRuntime1200_CM7_GCC.a\NetworkRuntime1200_CM7_GCC.a(forward_lite_convert.o)
                0x0800a068                forward_lite_node_convert_integer_is8of32
 .text.forward_lite_node_convert_integer_iu8os8
                0x0800a06c       0x3c ../../../Middlewares/ST/AI/Lib/NetworkRuntime1200_CM7_GCC.a\NetworkRuntime1200_CM7_GCC.a(forward_lite_convert.o)
                0x0800a06c                forward_lite_node_convert_integer_iu8os8
 .text.forward_lite_dense_is8os8ws8_ch
                0x0800a0a8       0x7c ../../../Middlewares/ST/AI/Lib/NetworkRuntime1200_CM7_GCC.a\NetworkRuntime1200_CM7_GCC.a(forward_lite_dense_is8os8ws8_ch.o)
                0x0800a0a8                forward_lite_dense_is8os8ws8_ch
 .text.forward_lite_avepool_is8os8
                0x0800a124       0x4c ../../../Middlewares/ST/AI/Lib/NetworkRuntime1200_CM7_GCC.a\NetworkRuntime1200_CM7_GCC.a(forward_lite_avepool_is8os8.o)
                0x0800a124                forward_lite_avepool_is8os8
 .text.forward_lite_dw_3x3_sssa8_ch
                0x0800a170      0xb20 ../../../Middlewares/ST/AI/Lib/NetworkRuntime1200_CM7_GCC.a\NetworkRuntime1200_CM7_GCC.a(forward_lite_dw_sssa8_ch.o)
                0x0800a170                forward_lite_dw_3x3_sssa8_ch
 .text.forward_lite_pw_sssa8_ch
                0x0800ac90      0x478 ../../../Middlewares/ST/AI/Lib/NetworkRuntime1200_CM7_GCC.a\NetworkRuntime1200_CM7_GCC.a(forward_lite_pw_sssa8_ch.o)
                0x0800ac90                forward_lite_pw_sssa8_ch
 .text.forward_lite_conv2d_rgb_sssa8_ch
                0x0800b108      0x4ec ../../../Middlewares/ST/AI/Lib/NetworkRuntime1200_CM7_GCC.a\NetworkRuntime1200_CM7_GCC.a(forward_lite_conv2d_sssa8_ch.o)
                0x0800b108                forward_lite_conv2d_rgb_sssa8_ch
 .text.lite_convert_is8of32
                0x0800b5f4       0x24 ../../../Middlewares/ST/AI/Lib/NetworkRuntime1200_CM7_GCC.a\NetworkRuntime1200_CM7_GCC.a(lite_convert_kernel.o)
                0x0800b5f4                lite_convert_is8of32
 .text.lite_convert_iu8os8
                0x0800b618       0x80 ../../../Middlewares/ST/AI/Lib/NetworkRuntime1200_CM7_GCC.a\NetworkRuntime1200_CM7_GCC.a(lite_convert_kernel.o)
                0x0800b618                lite_convert_iu8os8
 .text.lite_convert_iu8os8_fast
                0x0800b698       0x70 ../../../Middlewares/ST/AI/Lib/NetworkRuntime1200_CM7_GCC.a\NetworkRuntime1200_CM7_GCC.a(lite_convert_kernel.o)
                0x0800b698                lite_convert_iu8os8_fast
 .text.forward_lite_nl_softmax_is8os8
                0x0800b708       0x14 ../../../Middlewares/ST/AI/Lib/NetworkRuntime1200_CM7_GCC.a\NetworkRuntime1200_CM7_GCC.a(lite_nl_generic_integer.o)
                0x0800b708                forward_lite_nl_softmax_is8os8
 .text.forward_lite_pad_constant
                0x0800b71c      0x138 ../../../Middlewares/ST/AI/Lib/NetworkRuntime1200_CM7_GCC.a\NetworkRuntime1200_CM7_GCC.a(forward_lite_pad_generic.o)
                0x0800b71c                forward_lite_pad_constant
 .text.align_factor_ch
                0x0800b854       0x60 ../../../Middlewares/ST/AI/Lib/NetworkRuntime1200_CM7_GCC.a\NetworkRuntime1200_CM7_GCC.a(st_align_factor.o)
                0x0800b854                align_factor_ch
 .text.st_int8_to16_dual
                0x0800b8b4      0x1d4 ../../../Middlewares/ST/AI/Lib/NetworkRuntime1200_CM7_GCC.a\NetworkRuntime1200_CM7_GCC.a(st_int8_to16_no_shift.o)
                0x0800b8b4                st_int8_to16_dual
 .text.ai_padding_opt_init
                0x0800ba88       0xb4 ../../../Middlewares/ST/AI/Lib/NetworkRuntime1200_CM7_GCC.a\NetworkRuntime1200_CM7_GCC.a(st_padding_opt.o)
                0x0800ba88                ai_padding_opt_init
 .text.ai_padding_opt_phase1
                0x0800bb3c       0x34 ../../../Middlewares/ST/AI/Lib/NetworkRuntime1200_CM7_GCC.a\NetworkRuntime1200_CM7_GCC.a(st_padding_opt.o)
                0x0800bb3c                ai_padding_opt_phase1
 .text.st_int8_avepool
                0x0800bb70      0x214 ../../../Middlewares/ST/AI/Lib/NetworkRuntime1200_CM7_GCC.a\NetworkRuntime1200_CM7_GCC.a(st_int8_pool.o)
                0x0800bb70                st_int8_avepool
 .text.st_sssa8_ch_convolve_rank1upd
                0x0800bd84      0x128 ../../../Middlewares/ST/AI/Lib/NetworkRuntime1200_CM7_GCC.a\NetworkRuntime1200_CM7_GCC.a(st_sssa8_ch_convolve.o)
                0x0800bd84                st_sssa8_ch_convolve_rank1upd
 .text.st_sssa8_ch_fully_connected
                0x0800beac      0x518 ../../../Middlewares/ST/AI/Lib/NetworkRuntime1200_CM7_GCC.a\NetworkRuntime1200_CM7_GCC.a(st_sssa8_ch_dense.o)
                0x0800beac                st_sssa8_ch_fully_connected
 .text.st_int8_copy
                0x0800c3c4      0x138 ../../../Middlewares/ST/AI/Lib/NetworkRuntime1200_CM7_GCC.a\NetworkRuntime1200_CM7_GCC.a(st_int8_fill.o)
                0x0800c3c4                st_int8_copy
 .text.st_int8_fill
                0x0800c4fc       0x80 ../../../Middlewares/ST/AI/Lib/NetworkRuntime1200_CM7_GCC.a\NetworkRuntime1200_CM7_GCC.a(st_int8_fill.o)
                0x0800c4fc                st_int8_fill
 .text.st_int8_reordered_no_shift_zero
                0x0800c57c       0x6c ../../../Middlewares/ST/AI/Lib/NetworkRuntime1200_CM7_GCC.a\NetworkRuntime1200_CM7_GCC.a(st_int8_reordered_no_shift.o)
                0x0800c57c                st_int8_reordered_no_shift_zero
 .text.st_sssa8_ch_nn_mat_mult_kernel_single_opt
                0x0800c5e8      0x370 ../../../Middlewares/ST/AI/Lib/NetworkRuntime1200_CM7_GCC.a\NetworkRuntime1200_CM7_GCC.a(st_sssa8_ch_nn_mat_mult_kernel_single_opt.o)
                0x0800c5e8                st_sssa8_ch_nn_mat_mult_kernel_single_opt
 .text.weights_2channels_prefetch
                0x0800c958      0x228 ../../../Middlewares/ST/AI/Lib/NetworkRuntime1200_CM7_GCC.a\NetworkRuntime1200_CM7_GCC.a(st_sssa8_ch_nn_mat_mult_nt_t.o)
                0x0800c958                weights_2channels_prefetch
 .text.st_sssa8_ch_fullW_prefetch
                0x0800cb80       0x74 ../../../Middlewares/ST/AI/Lib/NetworkRuntime1200_CM7_GCC.a\NetworkRuntime1200_CM7_GCC.a(st_sssa8_ch_nn_mat_mult_nt_t.o)
                0x0800cb80                st_sssa8_ch_fullW_prefetch
 .text.st_sssa8_ch_nn_mat_mult_kernel_opt
                0x0800cbf4      0x33c ../../../Middlewares/ST/AI/Lib/NetworkRuntime1200_CM7_GCC.a\NetworkRuntime1200_CM7_GCC.a(st_sssa8_ch_nn_mat_mult_kernel_opt.o)
                0x0800cbf4                st_sssa8_ch_nn_mat_mult_kernel_opt
 .text.st_sssa8_ch_nn_mat_mult_pw_nt_t
                0x0800cf30      0x760 ../../../Middlewares/ST/AI/Lib/NetworkRuntime1200_CM7_GCC.a\NetworkRuntime1200_CM7_GCC.a(st_sssa8_ch_nn_mat_mult_pw_nt_t.o)
                0x0800cf30                st_sssa8_ch_nn_mat_mult_pw_nt_t
 .text.st_sssa8_ch_nn_mat_mult_pw_nt_t_KWS
                0x0800d690      0x350 ../../../Middlewares/ST/AI/Lib/NetworkRuntime1200_CM7_GCC.a\NetworkRuntime1200_CM7_GCC.a(st_sssa8_ch_nn_mat_mult_pw_nt_t.o)
                0x0800d690                st_sssa8_ch_nn_mat_mult_pw_nt_t_KWS
 .text.ai_sum_f32
                0x0800d9e0       0x14 ../../../Middlewares/ST/AI/Lib/NetworkRuntime1200_CM7_GCC.a\NetworkRuntime1200_CM7_GCC.a(ai_math_helpers.o)
                0x0800d9e0                ai_sum_f32
 .text.ai_sum_buffer_INT8
                0x0800d9f4      0x2d0 ../../../Middlewares/ST/AI/Lib/NetworkRuntime1200_CM7_GCC.a\NetworkRuntime1200_CM7_GCC.a(ai_math_helpers.o)
                0x0800d9f4                ai_sum_buffer_INT8
 .text.core_get_broadcasted_shape
                0x0800dcc4       0x50 ../../../Middlewares/ST/AI/Lib/NetworkRuntime1200_CM7_GCC.a\NetworkRuntime1200_CM7_GCC.a(core_utils.o)
                0x0800dcc4                core_get_broadcasted_shape
 .text.core_compute_offsets
                0x0800dd14      0x124 ../../../Middlewares/ST/AI/Lib/NetworkRuntime1200_CM7_GCC.a\NetworkRuntime1200_CM7_GCC.a(core_utils.o)
                0x0800dd14                core_compute_offsets
 .text.ai_math_elementwise_sum_int8
                0x0800de38      0x1d8 ../../../Middlewares/ST/AI/Lib/NetworkRuntime1200_CM7_GCC.a\NetworkRuntime1200_CM7_GCC.a(ai_math_elementwise_sum_int8.o)
                0x0800de38                ai_math_elementwise_sum_int8
 .text._lite_kernel_nl_softmax_is8os8
                0x0800e010      0xbf0 ../../../Middlewares/ST/AI/Lib/NetworkRuntime1200_CM7_GCC.a\NetworkRuntime1200_CM7_GCC.a(lite_nl_softmax_is8os8.o)
                0x0800e010                _lite_kernel_nl_softmax_is8os8
 .text.malloc   0x0800ec00       0x10 C:/ST/STM32CubeIDE_2.1.1/STM32CubeIDE/plugins/com.st.stm32cube.ide.mcu.externaltools.gnu-tools-for-stm32.14.3.rel1.win32_1.0.100.202602081740/tools/bin/../lib/gcc/arm-none-eabi/14.3.1/../../../../arm-none-eabi/lib/thumb/v7e-m+dp/hard\libc_nano.a(libc_a-malloc.o)
                0x0800ec00                malloc
 .text.free     0x0800ec10       0x10 C:/ST/STM32CubeIDE_2.1.1/STM32CubeIDE/plugins/com.st.stm32cube.ide.mcu.externaltools.gnu-tools-for-stm32.14.3.rel1.win32_1.0.100.202602081740/tools/bin/../lib/gcc/arm-none-eabi/14.3.1/../../../../arm-none-eabi/lib/thumb/v7e-m+dp/hard\libc_nano.a(libc_a-malloc.o)
                0x0800ec10                free
 .text.sbrk_aligned
                0x0800ec20       0x44 C:/ST/STM32CubeIDE_2.1.1/STM32CubeIDE/plugins/com.st.stm32cube.ide.mcu.externaltools.gnu-tools-for-stm32.14.3.rel1.win32_1.0.100.202602081740/tools/bin/../lib/gcc/arm-none-eabi/14.3.1/../../../../arm-none-eabi/lib/thumb/v7e-m+dp/hard\libc_nano.a(libc_a-mallocr.o)
 .text._malloc_r
                0x0800ec64      0x100 C:/ST/STM32CubeIDE_2.1.1/STM32CubeIDE/plugins/com.st.stm32cube.ide.mcu.externaltools.gnu-tools-for-stm32.14.3.rel1.win32_1.0.100.202602081740/tools/bin/../lib/gcc/arm-none-eabi/14.3.1/../../../../arm-none-eabi/lib/thumb/v7e-m+dp/hard\libc_nano.a(libc_a-mallocr.o)
                0x0800ec64                _malloc_r
 .text.__malloc_lock
                0x0800ed64        0xc C:/ST/STM32CubeIDE_2.1.1/STM32CubeIDE/plugins/com.st.stm32cube.ide.mcu.externaltools.gnu-tools-for-stm32.14.3.rel1.win32_1.0.100.202602081740/tools/bin/../lib/gcc/arm-none-eabi/14.3.1/../../../../arm-none-eabi/lib/thumb/v7e-m+dp/hard\libc_nano.a(libc_a-mlock.o)
                0x0800ed64                __malloc_lock
 .text.__malloc_unlock
                0x0800ed70        0xc C:/ST/STM32CubeIDE_2.1.1/STM32CubeIDE/plugins/com.st.stm32cube.ide.mcu.externaltools.gnu-tools-for-stm32.14.3.rel1.win32_1.0.100.202602081740/tools/bin/../lib/gcc/arm-none-eabi/14.3.1/../../../../arm-none-eabi/lib/thumb/v7e-m+dp/hard\libc_nano.a(libc_a-mlock.o)
                0x0800ed70                __malloc_unlock
 .text.memset   0x0800ed7c       0x10 C:/ST/STM32CubeIDE_2.1.1/STM32CubeIDE/plugins/com.st.stm32cube.ide.mcu.externaltools.gnu-tools-for-stm32.14.3.rel1.win32_1.0.100.202602081740/tools/bin/../lib/gcc/arm-none-eabi/14.3.1/../../../../arm-none-eabi/lib/thumb/v7e-m+dp/hard\libc_nano.a(libc_a-memset.o)
                0x0800ed7c                memset
 .text.strncmp  0x0800ed8c       0x24 C:/ST/STM32CubeIDE_2.1.1/STM32CubeIDE/plugins/com.st.stm32cube.ide.mcu.externaltools.gnu-tools-for-stm32.14.3.rel1.win32_1.0.100.202602081740/tools/bin/../lib/gcc/arm-none-eabi/14.3.1/../../../../arm-none-eabi/lib/thumb/v7e-m+dp/hard\libc_nano.a(libc_a-strncmp.o)
                0x0800ed8c                strncmp
 .text._sbrk_r  0x0800edb0       0x20 C:/ST/STM32CubeIDE_2.1.1/STM32CubeIDE/plugins/com.st.stm32cube.ide.mcu.externaltools.gnu-tools-for-stm32.14.3.rel1.win32_1.0.100.202602081740/tools/bin/../lib/gcc/arm-none-eabi/14.3.1/../../../../arm-none-eabi/lib/thumb/v7e-m+dp/hard\libc_nano.a(libc_a-sbrkr.o)
                0x0800edb0                _sbrk_r
 .text.__errno  0x0800edd0        0xc C:/ST/STM32CubeIDE_2.1.1/STM32CubeIDE/plugins/com.st.stm32cube.ide.mcu.externaltools.gnu-tools-for-stm32.14.3.rel1.win32_1.0.100.202602081740/tools/bin/../lib/gcc/arm-none-eabi/14.3.1/../../../../arm-none-eabi/lib/thumb/v7e-m+dp/hard\libc_nano.a(libc_a-errno.o)
                0x0800edd0                __errno
 .text.__libc_init_array
                0x0800eddc       0x48 C:/ST/STM32CubeIDE_2.1.1/STM32CubeIDE/plugins/com.st.stm32cube.ide.mcu.externaltools.gnu-tools-for-stm32.14.3.rel1.win32_1.0.100.202602081740/tools/bin/../lib/gcc/arm-none-eabi/14.3.1/../../../../arm-none-eabi/lib/thumb/v7e-m+dp/hard\libc_nano.a(libc_a-init.o)
                0x0800eddc                __libc_init_array
 .text.__retarget_lock_acquire_recursive
                0x0800ee24        0x2 C:/ST/STM32CubeIDE_2.1.1/STM32CubeIDE/plugins/com.st.stm32cube.ide.mcu.externaltools.gnu-tools-for-stm32.14.3.rel1.win32_1.0.100.202602081740/tools/bin/../lib/gcc/arm-none-eabi/14.3.1/../../../../arm-none-eabi/lib/thumb/v7e-m+dp/hard\libc_nano.a(libc_a-lock.o)
                0x0800ee24                __retarget_lock_acquire_recursive
 .text.__retarget_lock_release_recursive
                0x0800ee26        0x2 C:/ST/STM32CubeIDE_2.1.1/STM32CubeIDE/plugins/com.st.stm32cube.ide.mcu.externaltools.gnu-tools-for-stm32.14.3.rel1.win32_1.0.100.202602081740/tools/bin/../lib/gcc/arm-none-eabi/14.3.1/../../../../arm-none-eabi/lib/thumb/v7e-m+dp/hard\libc_nano.a(libc_a-lock.o)
                0x0800ee26                __retarget_lock_release_recursive
 .text.memcpy   0x0800ee28       0x1c C:/ST/STM32CubeIDE_2.1.1/STM32CubeIDE/plugins/com.st.stm32cube.ide.mcu.externaltools.gnu-tools-for-stm32.14.3.rel1.win32_1.0.100.202602081740/tools/bin/../lib/gcc/arm-none-eabi/14.3.1/../../../../arm-none-eabi/lib/thumb/v7e-m+dp/hard\libc_nano.a(libc_a-memcpy-stub.o)
                0x0800ee28                memcpy
 .text._free_r  0x0800ee44       0x94 C:/ST/STM32CubeIDE_2.1.1/STM32CubeIDE/plugins/com.st.stm32cube.ide.mcu.externaltools.gnu-tools-for-stm32.14.3.rel1.win32_1.0.100.202602081740/tools/bin/../lib/gcc/arm-none-eabi/14.3.1/../../../../arm-none-eabi/lib/thumb/v7e-m+dp/hard\libc_nano.a(libc_a-freer.o)
                0x0800ee44                _free_r
 *(.glue_7)
 .glue_7        0x0800eed8        0x0 linker stubs
 *(.glue_7t)
 .glue_7t       0x0800eed8        0x0 linker stubs
 *(.eh_frame)
 .eh_frame      0x0800eed8        0x0 C:/ST/STM32CubeIDE_2.1.1/STM32CubeIDE/plugins/com.st.stm32cube.ide.mcu.externaltools.gnu-tools-for-stm32.14.3.rel1.win32_1.0.100.202602081740/tools/bin/../lib/gcc/arm-none-eabi/14.3.1/thumb/v7e-m+dp/hard/crtbegin.o
 *(.init)
 .init          0x0800eed8        0x4 C:/ST/STM32CubeIDE_2.1.1/STM32CubeIDE/plugins/com.st.stm32cube.ide.mcu.externaltools.gnu-tools-for-stm32.14.3.rel1.win32_1.0.100.202602081740/tools/bin/../lib/gcc/arm-none-eabi/14.3.1/thumb/v7e-m+dp/hard/crti.o
                0x0800eed8                _init
 .init          0x0800eedc        0x8 C:/ST/STM32CubeIDE_2.1.1/STM32CubeIDE/plugins/com.st.stm32cube.ide.mcu.externaltools.gnu-tools-for-stm32.14.3.rel1.win32_1.0.100.202602081740/tools/bin/../lib/gcc/arm-none-eabi/14.3.1/thumb/v7e-m+dp/hard/crtn.o
 *(.fini)
 .fini          0x0800eee4        0x4 C:/ST/STM32CubeIDE_2.1.1/STM32CubeIDE/plugins/com.st.stm32cube.ide.mcu.externaltools.gnu-tools-for-stm32.14.3.rel1.win32_1.0.100.202602081740/tools/bin/../lib/gcc/arm-none-eabi/14.3.1/thumb/v7e-m+dp/hard/crti.o
                0x0800eee4                _fini
 .fini          0x0800eee8        0x8 C:/ST/STM32CubeIDE_2.1.1/STM32CubeIDE/plugins/com.st.stm32cube.ide.mcu.externaltools.gnu-tools-for-stm32.14.3.rel1.win32_1.0.100.202602081740/tools/bin/../lib/gcc/arm-none-eabi/14.3.1/thumb/v7e-m+dp/hard/crtn.o
                0x0800eef0                        . = ALIGN (0x4)
                0x0800eef0                        _etext = .

.vfp11_veneer   0x0800eef0        0x0
 .vfp11_veneer  0x0800eef0        0x0 linker stubs

.v4_bx          0x0800eef0        0x0
 .v4_bx         0x0800eef0        0x0 linker stubs

.iplt           0x0800eef0        0x0
 .iplt          0x0800eef0        0x0 C:/ST/STM32CubeIDE_2.1.1/STM32CubeIDE/plugins/com.st.stm32cube.ide.mcu.externaltools.gnu-tools-for-stm32.14.3.rel1.win32_1.0.100.202602081740/tools/bin/../lib/gcc/arm-none-eabi/14.3.1/thumb/v7e-m+dp/hard/crtbegin.o

.rodata         0x0800eef0     0xaa10
                0x0800eef0                        . = ALIGN (0x4)
 *(.rodata)
 .rodata        0x0800eef0        0xc ./CM7/AI/App/network.o
 .rodata        0x0800eefc      0x37c ./Middlewares/ST/AI/Misc/Src/aiTestHelper_ST_AI.o
 .rodata        0x0800f278      0x1e9 ./Middlewares/ST/AI/Misc/Src/aiTestUtility.o
 .rodata        0x0800f461      0x600 ./Middlewares/ST/AI/Validation/Src/aiValidation_ST_AI.o
 *(.rodata*)
 .rodata._stai_mnetwork_is_valid.constprop.0.str1.1
                0x0800fa61      0x70b ./CM7/AI/App/app_x-cube-ai.o
                                  0x8 (size before relaxing)
 .rodata.networks
                0x0801016c       0x68 ./CM7/AI/App/app_x-cube-ai.o
 *fill*         0x080101d4        0x4 
 .rodata._network_context.0
                0x080101d8       0x38 ./CM7/AI/App/network.o
 .rodata.conv2d_62_t_weight_0_fmt_scale_const_f32
                0x08010210     0x1400 ./CM7/AI/App/network.o
 .rodata.conv2d_61_t_weight_0_fmt_scale_const_f32
                0x08011610      0x1c0 ./CM7/AI/App/network.o
 .rodata.conv2d_60_t_weight_0_fmt_scale_const_f32
                0x080117d0      0x540 ./CM7/AI/App/network.o
 .rodata.conv2d_60_pad_before_v_pad_constant_value_const_s8
                0x08011d10        0x1 ./CM7/AI/App/network.o
 *fill*         0x08011d11        0x3 
 .rodata.conv2d_59_t_weight_0_fmt_scale_const_f32
                0x08011d14      0x540 ./CM7/AI/App/network.o
 .rodata.conv2d_57_t_weight_0_fmt_scale_const_f32
                0x08012254       0xe0 ./CM7/AI/App/network.o
 .rodata.conv2d_56_t_weight_0_fmt_scale_const_f32
                0x08012334      0x540 ./CM7/AI/App/network.o
 .rodata.conv2d_56_pad_before_v_pad_constant_value_const_s8
                0x08012874        0x1 ./CM7/AI/App/network.o
 *fill*         0x08012875        0x3 
 .rodata.conv2d_55_t_weight_0_fmt_scale_const_f32
                0x08012878      0x540 ./CM7/AI/App/network.o
 .rodata.conv2d_53_t_weight_0_fmt_scale_const_f32
                0x08012db8       0xe0 ./CM7/AI/App/network.o
 .rodata.conv2d_52_t_weight_0_fmt_scale_const_f32
                0x08012e98      0x540 ./CM7/AI/App/network.o
 .rodata.conv2d_52_pad_before_v_pad_constant_value_const_s8
                0x080133d8        0x1 ./CM7/AI/App/network.o
 *fill*         0x080133d9        0x3 
 .rodata.conv2d_51_t_weight_0_fmt_scale_const_f32
                0x080133dc      0x540 ./CM7/AI/App/network.o
 .rodata.conv2d_50_t_weight_0_fmt_scale_const_f32
                0x0801391c       0xe0 ./CM7/AI/App/network.o
 .rodata.conv2d_49_t_weight_0_fmt_scale_const_f32
                0x080139fc      0x300 ./CM7/AI/App/network.o
 .rodata.conv2d_49_pad_before_v_pad_constant_value_const_s8
                0x08013cfc        0x1 ./CM7/AI/App/network.o
 *fill*         0x08013cfd        0x3 
 .rodata.conv2d_48_t_weight_0_fmt_scale_const_f32
                0x08013d00      0x300 ./CM7/AI/App/network.o
 .rodata.conv2d_46_t_weight_0_fmt_scale_const_f32
                0x08014000       0x80 ./CM7/AI/App/network.o
 .rodata.conv2d_45_t_weight_0_fmt_scale_const_f32
                0x08014080      0x300 ./CM7/AI/App/network.o
 .rodata.conv2d_45_pad_before_v_pad_constant_value_const_s8
                0x08014380        0x1 ./CM7/AI/App/network.o
 *fill*         0x08014381        0x3 
 .rodata.conv2d_44_t_weight_0_fmt_scale_const_f32
                0x08014384      0x300 ./CM7/AI/App/network.o
 .rodata.conv2d_42_t_weight_0_fmt_scale_const_f32
                0x08014684       0x80 ./CM7/AI/App/network.o
 .rodata.conv2d_41_t_weight_0_fmt_scale_const_f32
                0x08014704      0x300 ./CM7/AI/App/network.o
 .rodata.conv2d_41_pad_before_v_pad_constant_value_const_s8
                0x08014a04        0x1 ./CM7/AI/App/network.o
 *fill*         0x08014a05        0x3 
 .rodata.conv2d_40_t_weight_0_fmt_scale_const_f32
                0x08014a08      0x300 ./CM7/AI/App/network.o
 .rodata.conv2d_39_t_weight_0_fmt_scale_const_f32
                0x08014d08       0x80 ./CM7/AI/App/network.o
 .rodata.conv2d_38_t_weight_0_fmt_scale_const_f32
                0x08014d88      0x240 ./CM7/AI/App/network.o
 .rodata.conv2d_38_pad_before_v_pad_constant_value_const_s8
                0x08014fc8        0x1 ./CM7/AI/App/network.o
 *fill*         0x08014fc9        0x3 
 .rodata.conv2d_37_t_weight_0_fmt_scale_const_f32
                0x08014fcc      0x240 ./CM7/AI/App/network.o
 .rodata.conv2d_35_t_weight_0_fmt_scale_const_f32
                0x0801520c       0x60 ./CM7/AI/App/network.o
 .rodata.conv2d_34_t_weight_0_fmt_scale_const_f32
                0x0801526c      0x240 ./CM7/AI/App/network.o
 .rodata.conv2d_34_pad_before_v_pad_constant_value_const_s8
                0x080154ac        0x1 ./CM7/AI/App/network.o
 *fill*         0x080154ad        0x3 
 .rodata.conv2d_33_t_weight_0_fmt_scale_const_f32
                0x080154b0      0x240 ./CM7/AI/App/network.o
 .rodata.conv2d_31_t_weight_0_fmt_scale_const_f32
                0x080156f0       0x60 ./CM7/AI/App/network.o
 .rodata.conv2d_30_t_weight_0_fmt_scale_const_f32
                0x08015750      0x240 ./CM7/AI/App/network.o
 .rodata.conv2d_30_pad_before_v_pad_constant_value_const_s8
                0x08015990        0x1 ./CM7/AI/App/network.o
 *fill*         0x08015991        0x3 
 .rodata.conv2d_29_t_weight_0_fmt_scale_const_f32
                0x08015994      0x240 ./CM7/AI/App/network.o
 .rodata.conv2d_27_t_weight_0_fmt_scale_const_f32
                0x08015bd4       0x60 ./CM7/AI/App/network.o
 .rodata.conv2d_26_t_weight_0_fmt_scale_const_f32
                0x08015c34      0x240 ./CM7/AI/App/network.o
 .rodata.conv2d_26_pad_before_v_pad_constant_value_const_s8
                0x08015e74        0x1 ./CM7/AI/App/network.o
 *fill*         0x08015e75        0x3 
 .rodata.conv2d_25_t_weight_0_fmt_scale_const_f32
                0x08015e78      0x240 ./CM7/AI/App/network.o
 .rodata.conv2d_24_t_weight_0_fmt_scale_const_f32
                0x080160b8       0x60 ./CM7/AI/App/network.o
 .rodata.conv2d_23_t_weight_0_fmt_scale_const_f32
                0x08016118      0x180 ./CM7/AI/App/network.o
 .rodata.conv2d_23_pad_before_v_pad_constant_value_const_s8
                0x08016298        0x1 ./CM7/AI/App/network.o
 *fill*         0x08016299        0x3 
 .rodata.conv2d_22_t_weight_0_fmt_scale_const_f32
                0x0801629c      0x180 ./CM7/AI/App/network.o
 .rodata.conv2d_20_t_weight_0_fmt_scale_const_f32
                0x0801641c       0x40 ./CM7/AI/App/network.o
 .rodata.conv2d_19_t_weight_0_fmt_scale_const_f32
                0x0801645c      0x180 ./CM7/AI/App/network.o
 .rodata.conv2d_19_pad_before_v_pad_constant_value_const_s8
                0x080165dc        0x1 ./CM7/AI/App/network.o
 *fill*         0x080165dd        0x3 
 .rodata.conv2d_18_t_weight_0_fmt_scale_const_f32
                0x080165e0      0x180 ./CM7/AI/App/network.o
 .rodata.conv2d_16_t_weight_0_fmt_scale_const_f32
                0x08016760       0x40 ./CM7/AI/App/network.o
 .rodata.conv2d_15_t_weight_0_fmt_scale_const_f32
                0x080167a0      0x180 ./CM7/AI/App/network.o
 .rodata.conv2d_15_pad_before_v_pad_constant_value_const_s8
                0x08016920        0x1 ./CM7/AI/App/network.o
 *fill*         0x08016921        0x3 
 .rodata.conv2d_14_t_weight_0_fmt_scale_const_f32
                0x08016924      0x180 ./CM7/AI/App/network.o
 .rodata.conv2d_13_t_weight_0_fmt_scale_const_f32
                0x08016aa4       0x40 ./CM7/AI/App/network.o
 .rodata.conv2d_12_t_weight_0_fmt_scale_const_f32
                0x08016ae4       0xc0 ./CM7/AI/App/network.o
 .rodata.conv2d_12_pad_before_v_pad_constant_value_const_s8
                0x08016ba4        0x1 ./CM7/AI/App/network.o
 *fill*         0x08016ba5        0x3 
 .rodata.conv2d_11_t_weight_0_fmt_scale_const_f32
                0x08016ba8       0xc0 ./CM7/AI/App/network.o
 .rodata.conv2d_9_t_weight_0_fmt_scale_const_f32
                0x08016c68       0x20 ./CM7/AI/App/network.o
 .rodata.conv2d_8_t_weight_0_fmt_scale_const_f32
                0x08016c88       0xc0 ./CM7/AI/App/network.o
 .rodata.conv2d_8_pad_before_v_pad_constant_value_const_s8
                0x08016d48        0x1 ./CM7/AI/App/network.o
 *fill*         0x08016d49        0x3 
 .rodata.conv2d_7_t_weight_0_fmt_scale_const_f32
                0x08016d4c       0xc0 ./CM7/AI/App/network.o
 .rodata.conv2d_6_t_weight_0_fmt_scale_const_f32
                0x08016e0c       0x20 ./CM7/AI/App/network.o
 .rodata.conv2d_5_t_weight_0_fmt_scale_const_f32
                0x08016e2c       0xc0 ./CM7/AI/App/network.o
 .rodata.conv2d_5_pad_before_v_pad_constant_value_const_s8
                0x08016eec        0x1 ./CM7/AI/App/network.o
 *fill*         0x08016eed        0x3 
 .rodata.conv2d_4_t_weight_0_fmt_scale_const_f32
                0x08016ef0       0xc0 ./CM7/AI/App/network.o
 .rodata.conv2d_3_t_weight_0_fmt_scale_const_f32
                0x08016fb0       0x20 ./CM7/AI/App/network.o
 .rodata.conv2d_2_t_weight_0_fmt_scale_const_f32
                0x08016fd0       0x40 ./CM7/AI/App/network.o
 .rodata.conv2d_2_pad_before_v_pad_constant_value_const_s8
                0x08017010        0x1 ./CM7/AI/App/network.o
 *fill*         0x08017011        0x3 
 .rodata.conv2d_1_t_weight_0_fmt_scale_const_f32
                0x08017014       0x40 ./CM7/AI/App/network.o
 .rodata.conv2d_0_t_weight_0_fmt_scale_const_f32
                0x08017054        0xc ./CM7/AI/App/network.o
 .rodata.gemm_64_chain
                0x08017060        0x8 ./CM7/AI/App/network.o
 .rodata.pool_63_chain
                0x08017068        0x8 ./CM7/AI/App/network.o
 .rodata.eltwise_58_chain
                0x08017070        0x8 ./CM7/AI/App/network.o
 .rodata.eltwise_54_chain
                0x08017078        0x8 ./CM7/AI/App/network.o
 .rodata.eltwise_47_chain
                0x08017080        0x8 ./CM7/AI/App/network.o
 .rodata.eltwise_43_chain
                0x08017088        0x8 ./CM7/AI/App/network.o
 .rodata.eltwise_36_chain
                0x08017090        0x8 ./CM7/AI/App/network.o
 .rodata.eltwise_32_chain
                0x08017098        0x8 ./CM7/AI/App/network.o
 .rodata.eltwise_28_chain
                0x080170a0        0x8 ./CM7/AI/App/network.o
 .rodata.eltwise_21_chain
                0x080170a8        0x8 ./CM7/AI/App/network.o
 .rodata.eltwise_17_chain
                0x080170b0        0x8 ./CM7/AI/App/network.o
 .rodata.eltwise_10_chain
                0x080170b8        0x8 ./CM7/AI/App/network.o
 .rodata.__compound_literal.526
                0x080170c0        0x8 ./CM7/AI/App/network.o
 .rodata.__compound_literal.525
                0x080170c8        0x3 ./CM7/AI/App/network.o
 *fill*         0x080170cb        0x1 
 .rodata.__compound_literal.524
                0x080170cc        0xc ./CM7/AI/App/network.o
 .rodata.__compound_literal.523
                0x080170d8        0x8 ./CM7/AI/App/network.o
 .rodata.__compound_literal.522
                0x080170e0        0x1 ./CM7/AI/App/network.o
 *fill*         0x080170e1        0x3 
 .rodata.__compound_literal.521
                0x080170e4        0x4 ./CM7/AI/App/network.o
 .rodata.__compound_literal.520
                0x080170e8        0x8 ./CM7/AI/App/network.o
 .rodata.__compound_literal.519
                0x080170f0        0x1 ./CM7/AI/App/network.o
 *fill*         0x080170f1        0x3 
 .rodata.__compound_literal.518
                0x080170f4        0x4 ./CM7/AI/App/network.o
 .rodata.__compound_literal.517
                0x080170f8        0x8 ./CM7/AI/App/network.o
 .rodata.__compound_literal.516
                0x08017100        0x1 ./CM7/AI/App/network.o
 *fill*         0x08017101        0x3 
 .rodata.__compound_literal.515
                0x08017104        0x4 ./CM7/AI/App/network.o
 .rodata.__compound_literal.514
                0x08017108        0x8 ./CM7/AI/App/network.o
 .rodata.__compound_literal.513
                0x08017110        0x1 ./CM7/AI/App/network.o
 *fill*         0x08017111        0x3 
 .rodata.__compound_literal.512
                0x08017114        0x4 ./CM7/AI/App/network.o
 .rodata.__compound_literal.511
                0x08017118        0x8 ./CM7/AI/App/network.o
 .rodata.__compound_literal.510
                0x08017120        0x1 ./CM7/AI/App/network.o
 *fill*         0x08017121        0x3 
 .rodata.__compound_literal.509
                0x08017124        0x4 ./CM7/AI/App/network.o
 .rodata.__compound_literal.508
                0x08017128        0x8 ./CM7/AI/App/network.o
 .rodata.__compound_literal.507
                0x08017130        0x1 ./CM7/AI/App/network.o
 *fill*         0x08017131        0x3 
 .rodata.__compound_literal.506
                0x08017134        0x4 ./CM7/AI/App/network.o
 .rodata.__compound_literal.505
                0x08017138        0x8 ./CM7/AI/App/network.o
 .rodata.__compound_literal.504
                0x08017140        0x1 ./CM7/AI/App/network.o
 *fill*         0x08017141        0x3 
 .rodata.__compound_literal.503
                0x08017144        0x4 ./CM7/AI/App/network.o
 .rodata.__compound_literal.502
                0x08017148        0x8 ./CM7/AI/App/network.o
 .rodata.__compound_literal.501
                0x08017150        0x1 ./CM7/AI/App/network.o
 *fill*         0x08017151        0x3 
 .rodata.__compound_literal.500
                0x08017154        0x4 ./CM7/AI/App/network.o
 .rodata.__compound_literal.499
                0x08017158        0x8 ./CM7/AI/App/network.o
 .rodata.__compound_literal.498
                0x08017160        0x1 ./CM7/AI/App/network.o
 *fill*         0x08017161        0x3 
 .rodata.__compound_literal.497
                0x08017164        0x4 ./CM7/AI/App/network.o
 .rodata.__compound_literal.496
                0x08017168        0x8 ./CM7/AI/App/network.o
 .rodata.__compound_literal.495
                0x08017170        0x1 ./CM7/AI/App/network.o
 *fill*         0x08017171        0x3 
 .rodata.__compound_literal.494
                0x08017174        0x4 ./CM7/AI/App/network.o
 .rodata.__compound_literal.493
                0x08017178        0x8 ./CM7/AI/App/network.o
 .rodata.__compound_literal.492
                0x08017180        0x1 ./CM7/AI/App/network.o
 *fill*         0x08017181        0x3 
 .rodata.__compound_literal.491
                0x08017184        0x4 ./CM7/AI/App/network.o
 .rodata.__compound_literal.490
                0x08017188        0x8 ./CM7/AI/App/network.o
 .rodata.__compound_literal.489
                0x08017190        0x1 ./CM7/AI/App/network.o
 *fill*         0x08017191        0x3 
 .rodata.__compound_literal.488
                0x08017194        0x4 ./CM7/AI/App/network.o
 .rodata.__compound_literal.487
                0x08017198        0x8 ./CM7/AI/App/network.o
 .rodata.__compound_literal.486
                0x080171a0        0x1 ./CM7/AI/App/network.o
 *fill*         0x080171a1        0x3 
 .rodata.__compound_literal.485
                0x080171a4        0x4 ./CM7/AI/App/network.o
 .rodata.__compound_literal.484
                0x080171a8        0x8 ./CM7/AI/App/network.o
 .rodata.__compound_literal.483
                0x080171b0        0x1 ./CM7/AI/App/network.o
 *fill*         0x080171b1        0x3 
 .rodata.__compound_literal.482
                0x080171b4        0x4 ./CM7/AI/App/network.o
 .rodata.__compound_literal.481
                0x080171b8        0x8 ./CM7/AI/App/network.o
 .rodata.__compound_literal.480
                0x080171c0        0x1 ./CM7/AI/App/network.o
 *fill*         0x080171c1        0x3 
 .rodata.__compound_literal.479
                0x080171c4        0x4 ./CM7/AI/App/network.o
 .rodata.__compound_literal.478
                0x080171c8        0x8 ./CM7/AI/App/network.o
 .rodata.__compound_literal.477
                0x080171d0        0x1 ./CM7/AI/App/network.o
 *fill*         0x080171d1        0x3 
 .rodata.__compound_literal.476
                0x080171d4        0x4 ./CM7/AI/App/network.o
 .rodata.__compound_literal.475
                0x080171d8        0x8 ./CM7/AI/App/network.o
 .rodata.__compound_literal.474
                0x080171e0        0x1 ./CM7/AI/App/network.o
 *fill*         0x080171e1        0x3 
 .rodata.__compound_literal.473
                0x080171e4        0x4 ./CM7/AI/App/network.o
 .rodata.__compound_literal.472
                0x080171e8        0x8 ./CM7/AI/App/network.o
 .rodata.__compound_literal.471
                0x080171f0        0x1 ./CM7/AI/App/network.o
 *fill*         0x080171f1        0x3 
 .rodata.__compound_literal.470
                0x080171f4        0x4 ./CM7/AI/App/network.o
 .rodata.__compound_literal.469
                0x080171f8        0x8 ./CM7/AI/App/network.o
 .rodata.__compound_literal.468
                0x08017200        0x1 ./CM7/AI/App/network.o
 *fill*         0x08017201        0x3 
 .rodata.__compound_literal.467
                0x08017204        0x4 ./CM7/AI/App/network.o
 .rodata.__compound_literal.466
                0x08017208        0x8 ./CM7/AI/App/network.o
 .rodata.__compound_literal.465
                0x08017210        0x1 ./CM7/AI/App/network.o
 *fill*         0x08017211        0x3 
 .rodata.__compound_literal.464
                0x08017214        0x4 ./CM7/AI/App/network.o
 .rodata.__compound_literal.463
                0x08017218        0x8 ./CM7/AI/App/network.o
 .rodata.__compound_literal.462
                0x08017220        0x1 ./CM7/AI/App/network.o
 *fill*         0x08017221        0x3 
 .rodata.__compound_literal.461
                0x08017224        0x4 ./CM7/AI/App/network.o
 .rodata.__compound_literal.460
                0x08017228        0x8 ./CM7/AI/App/network.o
 .rodata.__compound_literal.459
                0x08017230        0x1 ./CM7/AI/App/network.o
 *fill*         0x08017231        0x3 
 .rodata.__compound_literal.458
                0x08017234        0x4 ./CM7/AI/App/network.o
 .rodata.__compound_literal.457
                0x08017238        0x8 ./CM7/AI/App/network.o
 .rodata.__compound_literal.456
                0x08017240        0x1 ./CM7/AI/App/network.o
 *fill*         0x08017241        0x3 
 .rodata.__compound_literal.455
                0x08017244        0x4 ./CM7/AI/App/network.o
 .rodata.__compound_literal.454
                0x08017248        0x8 ./CM7/AI/App/network.o
 .rodata.__compound_literal.453
                0x08017250        0x1 ./CM7/AI/App/network.o
 *fill*         0x08017251        0x3 
 .rodata.__compound_literal.452
                0x08017254        0x4 ./CM7/AI/App/network.o
 .rodata.__compound_literal.451
                0x08017258        0x8 ./CM7/AI/App/network.o
 .rodata.__compound_literal.450
                0x08017260        0x1 ./CM7/AI/App/network.o
 *fill*         0x08017261        0x3 
 .rodata.__compound_literal.449
                0x08017264        0x4 ./CM7/AI/App/network.o
 .rodata.__compound_literal.448
                0x08017268        0x8 ./CM7/AI/App/network.o
 .rodata.__compound_literal.447
                0x08017270        0x1 ./CM7/AI/App/network.o
 *fill*         0x08017271        0x3 
 .rodata.__compound_literal.446
                0x08017274        0x4 ./CM7/AI/App/network.o
 .rodata.__compound_literal.445
                0x08017278        0x8 ./CM7/AI/App/network.o
 .rodata.__compound_literal.444
                0x08017280        0x1 ./CM7/AI/App/network.o
 *fill*         0x08017281        0x3 
 .rodata.__compound_literal.443
                0x08017284        0x4 ./CM7/AI/App/network.o
 .rodata.__compound_literal.442
                0x08017288        0x8 ./CM7/AI/App/network.o
 .rodata.__compound_literal.441
                0x08017290        0x1 ./CM7/AI/App/network.o
 *fill*         0x08017291        0x3 
 .rodata.__compound_literal.440
                0x08017294        0x4 ./CM7/AI/App/network.o
 .rodata.str1.1
                0x08017298      0x6fa ./CM7/AI/App/network.o
 .rodata.g_network_info
                0x08017298       0x50 ./CM7/AI/App/network.o
 .rodata.g_network_details
                0x080172e8        0xc ./CM7/AI/App/network.o
                0x080172e8                g_network_details
 .rodata.__compound_literal.427
                0x080172f4      0x7f8 ./CM7/AI/App/network.o
 .rodata.__compound_literal.426
                0x08017aec        0x4 ./CM7/AI/App/network.o
 .rodata.__compound_literal.425
                0x08017af0        0x4 ./CM7/AI/App/network.o
 .rodata.__compound_literal.424
                0x08017af4        0x4 ./CM7/AI/App/network.o
 .rodata.__compound_literal.423
                0x08017af8        0x4 ./CM7/AI/App/network.o
 .rodata.__compound_literal.422
                0x08017afc        0x4 ./CM7/AI/App/network.o
 .rodata.__compound_literal.421
                0x08017b00        0x4 ./CM7/AI/App/network.o
 .rodata.__compound_literal.420
                0x08017b04        0x4 ./CM7/AI/App/network.o
 .rodata.__compound_literal.419
                0x08017b08        0x4 ./CM7/AI/App/network.o
 .rodata.__compound_literal.418
                0x08017b0c        0x4 ./CM7/AI/App/network.o
 .rodata.__compound_literal.417
                0x08017b10        0x4 ./CM7/AI/App/network.o
 .rodata.__compound_literal.416
                0x08017b14        0x4 ./CM7/AI/App/network.o
 .rodata.__compound_literal.415
                0x08017b18        0x4 ./CM7/AI/App/network.o