C:/Users/eeebr/.stm32cubeaistudio/workspace/CartaForbiciSassoGame/.ai/run/run-3/CM7/AI/App/app_x-cube-ai.c:171:33:_stai_mnetwork_handle	0	static
C:/Users/eeebr/.stm32cubeaistudio/workspace/CartaForbiciSassoGame/.ai/run/run-3/CM7/AI/App/app_x-cube-ai.c:162:16:_stai_mnetwork_is_valid.constprop	8	static
C:/Users/eeebr/.stm32cubeaistudio/workspace/CartaForbiciSassoGame/.ai/run/run-3/CM7/AI/App/app_x-cube-ai.c:97:6:STM32CubeAI_Studio_AI_Init	8	static
C:/Users/eeebr/.stm32cubeaistudio/workspace/CartaForbiciSassoGame/.ai/run/run-3/CM7/AI/App/app_x-cube-ai.c:105:6:STM32CubeAI_Studio_AI_Process	0	static
C:/Users/eeebr/.stm32cubeaistudio/workspace/CartaForbiciSassoGame/.ai/run/run-3/CM7/AI/App/app_x-cube-ai.c:110:6:STM32CubeAI_Studio_AI_Deinit	0	static
C:/Users/eeebr/.stm32cubeaistudio/workspace/CartaForbiciSassoGame/.ai/run/run-3/CM7/AI/App/app_x-cube-ai.c:193:13:stai_mnetwork_find	8	static
C:/Users/eeebr/.stm32cubeaistudio/workspace/CartaForbiciSassoGame/.ai/run/run-3/CM7/AI/App/app_x-cube-ai.c:210:18:stai_mnetwork_init	32	static
C:/Users/eeebr/.stm32cubeaistudio/workspace/CartaForbiciSassoGame/.ai/run/run-3/CM7/AI/App/app_x-cube-ai.c:249:18:stai_mnetwork_set_activations	8	static
C:/Users/eeebr/.stm32cubeaistudio/workspace/CartaForbiciSassoGame/.ai/run/run-3/CM7/AI/App/app_x-cube-ai.c:262:18:stai_mnetwork_set_states	8	static
C:/Users/eeebr/.stm32cubeaistudio/workspace/CartaForbiciSassoGame/.ai/run/run-3/CM7/AI/App/app_x-cube-ai.c:276:18:stai_mnetwork_set_weights	24	static
C:/Users/eeebr/.stm32cubeaistudio/workspace/CartaForbiciSassoGame/.ai/run/run-3/CM7/AI/App/app_x-cube-ai.c:291:18:stai_mnetwork_set_inputs	8	static
C:/Users/eeebr/.stm32cubeaistudio/workspace/CartaForbiciSassoGame/.ai/run/run-3/CM7/AI/App/app_x-cube-ai.c:304:18:stai_mnetwork_set_outputs	8	static
C:/Users/eeebr/.stm32cubeaistudio/workspace/CartaForbiciSassoGame/.ai/run/run-3/CM7/AI/App/app_x-cube-ai.c:317:18:stai_mnetwork_set_callback	8	static
C:/Users/eeebr/.stm32cubeaistudio/workspace/CartaForbiciSassoGame/.ai/run/run-3/CM7/AI/App/app_x-cube-ai.c:330:29:stai_mnetwork_get_details	8	static
C:/Users/eeebr/.stm32cubeaistudio/workspace/CartaForbiciSassoGame/.ai/run/run-3/CM7/AI/App/app_x-cube-ai.c:342:18:stai_mnetwork_get_activations	16	static
C:/Users/eeebr/.stm32cubeaistudio/workspace/CartaForbiciSassoGame/.ai/run/run-3/CM7/AI/App/app_x-cube-ai.c:356:18:stai_mnetwork_get_states	16	static
C:/Users/eeebr/.stm32cubeaistudio/workspace/CartaForbiciSassoGame/.ai/run/run-3/CM7/AI/App/app_x-cube-ai.c:370:18:stai_mnetwork_get_weights	16	static
C:/Users/eeebr/.stm32cubeaistudio/workspace/CartaForbiciSassoGame/.ai/run/run-3/CM7/AI/App/app_x-cube-ai.c:384:11:stai_mnetwork_get_weights_ext	8	static
C:/Users/eeebr/.stm32cubeaistudio/workspace/CartaForbiciSassoGame/.ai/run/run-3/CM7/AI/App/app_x-cube-ai.c:396:18:stai_mnetwork_get_inputs	16	static
C:/Users/eeebr/.stm32cubeaistudio/workspace/CartaForbiciSassoGame/.ai/run/run-3/CM7/AI/App/app_x-cube-ai.c:410:18:stai_mnetwork_get_outputs	16	static
C:/Users/eeebr/.stm32cubeaistudio/workspace/CartaForbiciSassoGame/.ai/run/run-3/CM7/AI/App/app_x-cube-ai.c:425:18:stai_mnetwork_deinit	8	static
C:/Users/eeebr/.stm32cubeaistudio/workspace/CartaForbiciSassoGame/.ai/run/run-3/CM7/AI/App/app_x-cube-ai.c:441:18:stai_mnetwork_get_info	8	static
C:/Users/eeebr/.stm32cubeaistudio/workspace/CartaForbiciSassoGame/.ai/run/run-3/CM7/AI/App/app_x-cube-ai.c:454:18:stai_mnetwork_get_error	8	static
C:/Users/eeebr/.stm32cubeaistudio/workspace/CartaForbiciSassoGame/.ai/run/run-3/CM7/AI/App/app_x-cube-ai.c:467:18:stai_mnetwork_run	8	static
