C:/Users/eeebr/.stm32cubeaistudio/workspace/CartaForbiciSassoGame/.ai/run/run-3/CM7/AI/App/network.c:262:6:_stai_network_check	8	static
C:/Users/eeebr/.stm32cubeaistudio/workspace/CartaForbiciSassoGame/.ai/run/run-3/CM7/AI/App/network.c:294:18:stai_network_init	24	static
C:/Users/eeebr/.stm32cubeaistudio/workspace/CartaForbiciSassoGame/.ai/run/run-3/CM7/AI/App/network.c:336:18:stai_network_deinit	0	static
C:/Users/eeebr/.stm32cubeaistudio/workspace/CartaForbiciSassoGame/.ai/run/run-3/CM7/AI/App/network.c:1145:6:forward_lite_eltwise_integer_INT8_eltwise_10	32	static
C:/Users/eeebr/.stm32cubeaistudio/workspace/CartaForbiciSassoGame/.ai/run/run-3/CM7/AI/App/network.c:1157:6:forward_lite_eltwise_integer_INT8_eltwise_17	32	static
C:/Users/eeebr/.stm32cubeaistudio/workspace/CartaForbiciSassoGame/.ai/run/run-3/CM7/AI/App/network.c:1169:6:forward_lite_eltwise_integer_INT8_eltwise_21	32	static
C:/Users/eeebr/.stm32cubeaistudio/workspace/CartaForbiciSassoGame/.ai/run/run-3/CM7/AI/App/network.c:1181:6:forward_lite_eltwise_integer_INT8_eltwise_28	32	static
C:/Users/eeebr/.stm32cubeaistudio/workspace/CartaForbiciSassoGame/.ai/run/run-3/CM7/AI/App/network.c:1193:6:forward_lite_eltwise_integer_INT8_eltwise_32	32	static
C:/Users/eeebr/.stm32cubeaistudio/workspace/CartaForbiciSassoGame/.ai/run/run-3/CM7/AI/App/network.c:1205:6:forward_lite_eltwise_integer_INT8_eltwise_36	32	static
C:/Users/eeebr/.stm32cubeaistudio/workspace/CartaForbiciSassoGame/.ai/run/run-3/CM7/AI/App/network.c:1217:6:forward_lite_eltwise_integer_INT8_eltwise_43	32	static
C:/Users/eeebr/.stm32cubeaistudio/workspace/CartaForbiciSassoGame/.ai/run/run-3/CM7/AI/App/network.c:1229:6:forward_lite_eltwise_integer_INT8_eltwise_47	32	static
C:/Users/eeebr/.stm32cubeaistudio/workspace/CartaForbiciSassoGame/.ai/run/run-3/CM7/AI/App/network.c:1241:6:forward_lite_eltwise_integer_INT8_eltwise_54	32	static
C:/Users/eeebr/.stm32cubeaistudio/workspace/CartaForbiciSassoGame/.ai/run/run-3/CM7/AI/App/network.c:1253:6:forward_lite_eltwise_integer_INT8_eltwise_58	32	static
C:/Users/eeebr/.stm32cubeaistudio/workspace/CartaForbiciSassoGame/.ai/run/run-3/CM7/AI/App/network.c:1265:6:forward_lite_ap_integer_INT8_pool_63	24	static
C:/Users/eeebr/.stm32cubeaistudio/workspace/CartaForbiciSassoGame/.ai/run/run-3/CM7/AI/App/network.c:1275:6:forward_lite_dense_integer_SSSA_ch_gemm_64	24	static
C:/Users/eeebr/.stm32cubeaistudio/workspace/CartaForbiciSassoGame/.ai/run/run-3/CM7/AI/App/network.c:2074:18:stai_network_run	104	static
C:/Users/eeebr/.stm32cubeaistudio/workspace/CartaForbiciSassoGame/.ai/run/run-3/CM7/AI/App/network.c:3207:11:stai_network_get_context_size	0	static
C:/Users/eeebr/.stm32cubeaistudio/workspace/CartaForbiciSassoGame/.ai/run/run-3/CM7/AI/App/network.c:3214:18:stai_network_get_info	8	static
C:/Users/eeebr/.stm32cubeaistudio/workspace/CartaForbiciSassoGame/.ai/run/run-3/CM7/AI/App/network.c:3230:18:stai_network_get_activations	8	static
C:/Users/eeebr/.stm32cubeaistudio/workspace/CartaForbiciSassoGame/.ai/run/run-3/CM7/AI/App/network.c:3245:18:stai_network_get_weights	12	static
C:/Users/eeebr/.stm32cubeaistudio/workspace/CartaForbiciSassoGame/.ai/run/run-3/CM7/AI/App/network.c:3259:18:stai_network_get_inputs	12	static
C:/Users/eeebr/.stm32cubeaistudio/workspace/CartaForbiciSassoGame/.ai/run/run-3/CM7/AI/App/network.c:3273:18:stai_network_get_outputs	12	static
C:/Users/eeebr/.stm32cubeaistudio/workspace/CartaForbiciSassoGame/.ai/run/run-3/CM7/AI/App/network.c:3287:18:stai_network_get_error	0	static
C:/Users/eeebr/.stm32cubeaistudio/workspace/CartaForbiciSassoGame/.ai/run/run-3/CM7/AI/App/network.c:3298:18:stai_network_get_states	12	static
C:/Users/eeebr/.stm32cubeaistudio/workspace/CartaForbiciSassoGame/.ai/run/run-3/CM7/AI/App/network.c:3315:18:stai_network_set_activations	40	static
C:/Users/eeebr/.stm32cubeaistudio/workspace/CartaForbiciSassoGame/.ai/run/run-3/CM7/AI/App/network.c:3345:18:stai_network_set_weights	16	static
C:/Users/eeebr/.stm32cubeaistudio/workspace/CartaForbiciSassoGame/.ai/run/run-3/CM7/AI/App/network.c:3369:18:stai_network_set_inputs	16	static
C:/Users/eeebr/.stm32cubeaistudio/workspace/CartaForbiciSassoGame/.ai/run/run-3/CM7/AI/App/network.c:3396:18:stai_network_set_outputs	16	static
C:/Users/eeebr/.stm32cubeaistudio/workspace/CartaForbiciSassoGame/.ai/run/run-3/CM7/AI/App/network.c:3423:18:stai_network_set_states	8	static
C:/Users/eeebr/.stm32cubeaistudio/workspace/CartaForbiciSassoGame/.ai/run/run-3/CM7/AI/App/network.c:3437:18:stai_network_set_callback	12	static
