../../../Middlewares/ST/AI/Misc/Inc/aiTestUtility.h:321:22:cyclesCounterInit	40	static
../../../Middlewares/ST/AI/Misc/Inc/aiTestUtility.h:357:22:cyclesCounterStart	8	static
../../../Middlewares/ST/AI/Misc/Inc/aiTestUtility.h:374:26:cyclesCounterEnd	80	static
C:/Users/eeebr/.stm32cubeaistudio/workspace/CartaForbiciSassoGame/CM7/AI/App/app_x-cube-ai.c:251:5:aiInit	16	static
C:/Users/eeebr/.stm32cubeaistudio/workspace/CartaForbiciSassoGame/CM7/AI/App/app_x-cube-ai.c:287:5:aiDeinit	16	static
C:/Users/eeebr/.stm32cubeaistudio/workspace/CartaForbiciSassoGame/CM7/AI/App/app_x-cube-ai.c:302:18:aiRun	48	static
C:/Users/eeebr/.stm32cubeaistudio/workspace/CartaForbiciSassoGame/CM7/AI/App/app_x-cube-ai.c:343:5:acquire_and_process_data	8	static
C:/Users/eeebr/.stm32cubeaistudio/workspace/CartaForbiciSassoGame/CM7/AI/App/app_x-cube-ai.c:359:5:post_process	16	static
C:/Users/eeebr/.stm32cubeaistudio/workspace/CartaForbiciSassoGame/CM7/AI/App/app_x-cube-ai.c:382:6:main_loop	8	static
C:/Users/eeebr/.stm32cubeaistudio/workspace/CartaForbiciSassoGame/CM7/AI/App/app_x-cube-ai.c:401:6:STM32CubeAI_Studio_AI_Init	8	static
C:/Users/eeebr/.stm32cubeaistudio/workspace/CartaForbiciSassoGame/CM7/AI/App/app_x-cube-ai.c:409:6:STM32CubeAI_Studio_AI_Process	8	static
C:/Users/eeebr/.stm32cubeaistudio/workspace/CartaForbiciSassoGame/CM7/AI/App/app_x-cube-ai.c:414:6:STM32CubeAI_Studio_AI_Deinit	8	static
