../../../Middlewares/ST/AI/Misc/Inc/aiTestUtility.h:321:22:cyclesCounterInit	40	static
../../../Middlewares/ST/AI/Misc/Inc/aiTestUtility.h:357:22:cyclesCounterStart	8	static
../../../Middlewares/ST/AI/Misc/Inc/aiTestUtility.h:374:26:cyclesCounterEnd	80	static
C:/Users/eeebr/.stm32cubeaistudio/workspace/CartaForbiciSassoGame/CM7/AI/App/app_x-cube-ai.c:122:5:aiInit	16	static
C:/Users/eeebr/.stm32cubeaistudio/workspace/CartaForbiciSassoGame/CM7/AI/App/app_x-cube-ai.c:158:5:aiDeinit	16	static
C:/Users/eeebr/.stm32cubeaistudio/workspace/CartaForbiciSassoGame/CM7/AI/App/app_x-cube-ai.c:173:18:aiRun	48	static
C:/Users/eeebr/.stm32cubeaistudio/workspace/CartaForbiciSassoGame/CM7/AI/App/app_x-cube-ai.c:215:5:acquire_and_process_data	8	static
C:/Users/eeebr/.stm32cubeaistudio/workspace/CartaForbiciSassoGame/CM7/AI/App/app_x-cube-ai.c:225:5:post_process	16	static
C:/Users/eeebr/.stm32cubeaistudio/workspace/CartaForbiciSassoGame/CM7/AI/App/app_x-cube-ai.c:248:6:main_loop	8	static
C:/Users/eeebr/.stm32cubeaistudio/workspace/CartaForbiciSassoGame/CM7/AI/App/app_x-cube-ai.c:267:6:STM32CubeAI_Studio_AI_Init	8	static
C:/Users/eeebr/.stm32cubeaistudio/workspace/CartaForbiciSassoGame/CM7/AI/App/app_x-cube-ai.c:275:6:STM32CubeAI_Studio_AI_Process	8	static
C:/Users/eeebr/.stm32cubeaistudio/workspace/CartaForbiciSassoGame/CM7/AI/App/app_x-cube-ai.c:283:6:STM32CubeAI_Studio_AI_Deinit	8	static
