C:/Users/eeebr/.stm32cubeaistudio/workspace/CartaForbiciSassoGame/CM7/Core/Src/main.c:81:5:main	11
C:/Users/eeebr/.stm32cubeaistudio/workspace/CartaForbiciSassoGame/CM7/Core/Src/main.c:174:6:SystemClock_Config	4
C:/Users/eeebr/.stm32cubeaistudio/workspace/CartaForbiciSassoGame/CM7/Core/Src/main.c:233:13:MX_USART3_UART_Init	5
C:/Users/eeebr/.stm32cubeaistudio/workspace/CartaForbiciSassoGame/CM7/Core/Src/main.c:281:13:MX_GPIO_Init	1
C:/Users/eeebr/.stm32cubeaistudio/workspace/CartaForbiciSassoGame/CM7/Core/Src/main.c:301:6:MPU_Config	1
C:/Users/eeebr/.stm32cubeaistudio/workspace/CartaForbiciSassoGame/CM7/Core/Src/main.c:332:6:Error_Handler	1
