C:/Users/eeebr/.stm32cubeaistudio/workspace/CartaForbiciSassoGame/CM7/Core/Src/main.c:93:5:main	12
C:/Users/eeebr/.stm32cubeaistudio/workspace/CartaForbiciSassoGame/CM7/Core/Src/main.c:206:6:SystemClock_Config	4
C:/Users/eeebr/.stm32cubeaistudio/workspace/CartaForbiciSassoGame/CM7/Core/Src/main.c:268:13:MX_DCMI_Init	2
C:/Users/eeebr/.stm32cubeaistudio/workspace/CartaForbiciSassoGame/CM7/Core/Src/main.c:305:13:MX_I2C2_Init	4
C:/Users/eeebr/.stm32cubeaistudio/workspace/CartaForbiciSassoGame/CM7/Core/Src/main.c:353:13:MX_USART3_UART_Init	5
C:/Users/eeebr/.stm32cubeaistudio/workspace/CartaForbiciSassoGame/CM7/Core/Src/main.c:399:13:MX_DMA_Init	1
C:/Users/eeebr/.stm32cubeaistudio/workspace/CartaForbiciSassoGame/CM7/Core/Src/main.c:417:13:MX_GPIO_Init	1
C:/Users/eeebr/.stm32cubeaistudio/workspace/CartaForbiciSassoGame/CM7/Core/Src/main.c:453:6:MPU_Config	1
C:/Users/eeebr/.stm32cubeaistudio/workspace/CartaForbiciSassoGame/CM7/Core/Src/main.c:484:6:Error_Handler	1
