C:/Users/eeebr/.stm32cubeaistudio/workspace/CartaForbiciSassoGame/CM7/Core/Src/main.c:94:5:main	48	static,ignoring_inline_asm
C:/Users/eeebr/.stm32cubeaistudio/workspace/CartaForbiciSassoGame/CM7/Core/Src/main.c:219:6:SystemClock_Config	120	static
C:/Users/eeebr/.stm32cubeaistudio/workspace/CartaForbiciSassoGame/CM7/Core/Src/main.c:281:13:MX_DCMI_Init	8	static
C:/Users/eeebr/.stm32cubeaistudio/workspace/CartaForbiciSassoGame/CM7/Core/Src/main.c:318:13:MX_I2C2_Init	8	static
C:/Users/eeebr/.stm32cubeaistudio/workspace/CartaForbiciSassoGame/CM7/Core/Src/main.c:366:13:MX_USART3_UART_Init	8	static
C:/Users/eeebr/.stm32cubeaistudio/workspace/CartaForbiciSassoGame/CM7/Core/Src/main.c:412:13:MX_DMA_Init	16	static
C:/Users/eeebr/.stm32cubeaistudio/workspace/CartaForbiciSassoGame/CM7/Core/Src/main.c:430:13:MX_GPIO_Init	56	static
C:/Users/eeebr/.stm32cubeaistudio/workspace/CartaForbiciSassoGame/CM7/Core/Src/main.c:466:6:MPU_Config	24	static
C:/Users/eeebr/.stm32cubeaistudio/workspace/CartaForbiciSassoGame/CM7/Core/Src/main.c:497:6:Error_Handler	4	static,ignoring_inline_asm
