C:/Users/eeebr/.stm32cubeaistudio/workspace/CartaForbiciSassoGame/CM7/Core/Src/main.c:102:5:main	152	static,ignoring_inline_asm
C:/Users/eeebr/.stm32cubeaistudio/workspace/CartaForbiciSassoGame/CM7/Core/Src/main.c:283:6:SystemClock_Config	120	static
C:/Users/eeebr/.stm32cubeaistudio/workspace/CartaForbiciSassoGame/CM7/Core/Src/main.c:345:13:MX_DCMI_Init	8	static
C:/Users/eeebr/.stm32cubeaistudio/workspace/CartaForbiciSassoGame/CM7/Core/Src/main.c:382:13:MX_I2C2_Init	8	static
C:/Users/eeebr/.stm32cubeaistudio/workspace/CartaForbiciSassoGame/CM7/Core/Src/main.c:430:13:MX_USART3_UART_Init	8	static
C:/Users/eeebr/.stm32cubeaistudio/workspace/CartaForbiciSassoGame/CM7/Core/Src/main.c:476:13:MX_DMA_Init	16	static
C:/Users/eeebr/.stm32cubeaistudio/workspace/CartaForbiciSassoGame/CM7/Core/Src/main.c:494:13:MX_GPIO_Init	56	static
C:/Users/eeebr/.stm32cubeaistudio/workspace/CartaForbiciSassoGame/CM7/Core/Src/main.c:535:6:HAL_GPIO_EXTI_Callback	16	static
C:/Users/eeebr/.stm32cubeaistudio/workspace/CartaForbiciSassoGame/CM7/Core/Src/main.c:548:6:MPU_Config	24	static
C:/Users/eeebr/.stm32cubeaistudio/workspace/CartaForbiciSassoGame/CM7/Core/Src/main.c:579:6:Error_Handler	4	static,ignoring_inline_asm
