../Application/User/Core/ov7670.c:39:5:ov7670_init	32	static
../Application/User/Core/ov7670.c:62:5:ov7670_config	24	static
../Application/User/Core/ov7670.c:74:5:ov7670_startCap	16	static
../Application/User/Core/ov7670.c:89:5:ov7670_stopCap	8	static
../Application/User/Core/ov7670.c:96:6:ov7670_registerCallback	16	static
../Application/User/Core/ov7670.c:102:6:HAL_DCMI_FrameEventCallback	16	static
../Application/User/Core/ov7670.c:113:6:HAL_DCMI_VsyncEventCallback	16	static
../Application/User/Core/ov7670.c:127:12:ov7670_write	40	static
../Application/User/Core/ov7670.c:136:12:ov7670_read	32	static
